{
  "0/21": "0/21 = 0.0% (Wilson 95% 0.0\u201315.5%)",
  "5/15": "5/15 = 33.3% (Wilson 95% 15.2\u201358.3%)",
  "3/15": "3/15 = 20.0% (Wilson 95% 7.0\u201345.2%)",
  "3/37": "3/37 = 8.1% (Wilson 95% 2.8\u201321.3%)",
  "3/11": "3/11 = 27.3% (Wilson 95% 9.7\u201356.6%)",
  "7/22": "7/22 = 31.8% (Wilson 95% 16.4\u201352.7%)",
  "57/177": "57/177 = 32.2% (Wilson 95% 25.8\u201339.4%)",
  "4/7": "4/7 = 57.1% (Wilson 95% 25.0\u201384.2%)",
  "4/10": "4/10 = 40.0% (Wilson 95% 16.8\u201368.7%)",
  "24/36": "24/36 = 66.7% (Wilson 95% 50.3\u201379.8%)",
  "25/37": "25/37 = 67.6% (Wilson 95% 51.5\u201380.4%)",
  "2/24": "2/24 = 8.3% (Wilson 95% 2.3\u201325.8%)",
  "3/24": "3/24 = 12.5% (Wilson 95% 4.3\u201331.0%)",
  "1/24": "1/24 = 4.2% (Wilson 95% 0.7\u201320.2%)",
  "1/2": "1/2 = 50.0% (Wilson 95% 9.5\u201390.5%)",
  "0/1": "0/1 = 0.0% (Wilson 95% 0.0\u201379.3%)",
  "5/6": "5/6 = 83.3% (Wilson 95% 43.6\u201397.0%)",
  "6/6": "6/6 = 100.0% (Wilson 95% 61.0\u2013100.0%)",
  "guard_prior_ids": [
    23,
    24,
    25,
    26,
    27,
    28,
    29,
    30,
    31,
    32,
    33,
    34,
    35,
    36,
    37
  ]
}
