/home/hoang/nofx/data/nofx_2026-08-19.log:5493: 08-19 04:43:39 [INFO] ninjatrader/close_sync.go:152 📕 NT position closed: MNQ SHORT qty=1 exit=29554.50 reason=tp pnl=138.00 (owner=8d5c8af5_8ef641a7-815c-4bb5-9798-b070b67d7998_deepseek_1781246265)
/home/hoang/nofx/data/nofx_2026-08-19.log:7635: 08-19 07:33:04 [INFO] ninjatrader/close_sync.go:152 📕 NT position closed: MNQ SHORT qty=1 exit=29588.50 reason=sl pnl=-60.50 (owner=8d5c8af5_8ef641a7-815c-4bb5-9798-b070b67d7998_deepseek_1781246265)
/home/hoang/nofx/data/nofx_2026-08-19.log:13310: 08-19 09:11:10 [INFO] ninjatrader/close_sync.go:152 📕 NT position closed: MNQ SHORT qty=1 exit=29407.50 reason=tp pnl=118.00 (owner=8d5c8af5_8ef641a7-815c-4bb5-9798-b070b67d7998_deepseek_1781246265)
/home/hoang/nofx/data/nofx_2026-08-19.log:24195: 08-19 12:21:31 [INFO] ninjatrader/close_sync.go:152 📕 NT position closed: MNQ SHORT qty=1 exit=29514.00 reason=tp pnl=273.50 (owner=8d5c8af5_8ef641a7-815c-4bb5-9798-b070b67d7998_deepseek_1781246265)
/home/hoang/nofx/data/nofx_2026-08-19.log:32881: 08-19 18:59:40 [WARN] ninjatrader/close_sync.go:159 📕 NT position closed: MNQ LONG qty=1 exit=29625.50 reason=sl pnl=-43.00 (owner=8d5c8af5_8ef641a7-815c-4bb5-9798-b070b67d7998_deepseek_1781246265)
/home/hoang/nofx/data/nofx_2026-08-19.log:36106: 08-19 21:16:27 [WARN] ninjatrader/close_sync.go:159 📕 NT position closed: MNQ SHORT qty=21 exit=29660.96 reason=manual pnl=-1458.00 (owner=8d5c8af5_8ef641a7-815c-4bb5-9798-b070b67d7998_deepseek_1781246265)
/home/hoang/nofx/data/nofx_2026-08-19.log:39395: 08-19 23:07:14 [WARN] ninjatrader/close_sync.go:159 📕 NT position closed: MNQ SHORT qty=1 exit=29648.50 reason=sl pnl=-88.00 (owner=8d5c8af5_8ef641a7-815c-4bb5-9798-b070b67d7998_deepseek_1781246265)
/home/hoang/nofx/data/nofx_2026-08-20.log:3108: 08-20 05:11:44 [WARN] ninjatrader/close_sync.go:159 📕 NT position closed: MNQ SHORT qty=1 exit=29552.00 reason=sl pnl=-97.50 (owner=8d5c8af5_8ef641a7-815c-4bb5-9798-b070b67d7998_deepseek_1781246265)
/home/hoang/nofx/data/nofx_2026-08-20.log:3814: 08-20 06:21:57 [WARN] ninjatrader/close_sync.go:159 📕 NT position closed: MNQ SHORT qty=1 exit=29455.25 reason=tp pnl=168.00 (owner=8d5c8af5_8ef641a7-815c-4bb5-9798-b070b67d7998_deepseek_1781246265)
/home/hoang/nofx/data/nofx_2026-08-20.log:9372: 08-20 08:15:26 [WARN] ninjatrader/close_sync.go:175 📕 NT position closed: MNQ SHORT qty=1.00 exit=29335.75 reason=manual pnl=13.00 (owner=8d5c8af5_8ef641a7-815c-4bb5-9798-b070b67d7998_deepseek_1781246265)
/home/hoang/nofx/data/nofx_2026-08-20.log:11520: 08-20 08:48:24 [WARN] ninjatrader/close_sync.go:175 📕 NT position closed: MNQ LONG qty=1.00 exit=29370.00 reason=sl pnl=-147.50 (owner=8d5c8af5_8ef641a7-815c-4bb5-9798-b070b67d7998_deepseek_1781246265)
/home/hoang/nofx/data/nofx_2026-08-20.log:19054: 08-20 13:05:47 [WARN] ninjatrader/close_sync.go:175 📕 NT position closed: MNQ SHORT qty=1.00 exit=29240.25 reason=tp pnl=311.00 (owner=8d5c8af5_8ef641a7-815c-4bb5-9798-b070b67d7998_deepseek_1781246265)
/home/hoang/nofx/data/nofx_2026-08-20.log:30231: 08-20 19:12:43 [WARN] ninjatrader/close_sync.go:175 📕 NT position closed: MNQ SHORT qty=1.00 exit=29349.50 reason=sl pnl=-54.50 (owner=8d5c8af5_8ef641a7-815c-4bb5-9798-b070b67d7998_deepseek_1781246265)
/home/hoang/nofx/data/nofx_2026-08-20.log:31168: 08-20 20:49:55 [WARN] ninjatrader/close_sync.go:175 📕 NT position closed: MNQ SHORT qty=1.00 exit=29365.25 reason=sl pnl=-66.00 (owner=8d5c8af5_8ef641a7-815c-4bb5-9798-b070b67d7998_deepseek_1781246265)
/home/hoang/nofx/data/nofx_2026-08-20.log:32552: 08-20 21:20:57 [WARN] ninjatrader/close_sync.go:175 📕 NT position closed: MNQ SHORT qty=1.00 exit=29376.25 reason=sl pnl=-31.00 (owner=8d5c8af5_8ef641a7-815c-4bb5-9798-b070b67d7998_deepseek_1781246265)
/home/hoang/nofx/data/nofx_2026-08-20.log:35091: 08-20 23:27:34 [WARN] ninjatrader/close_sync.go:175 📕 NT position closed: MNQ SHORT qty=1.00 exit=29331.00 reason=tp pnl=124.00 (owner=8d5c8af5_8ef641a7-815c-4bb5-9798-b070b67d7998_deepseek_1781246265)
/home/hoang/nofx/data/nofx_2026-08-20.log:37898: 08-21 01:35:40 [WARN] ninjatrader/close_sync.go:175 📕 NT position closed: MNQ SHORT qty=1.00 exit=29400.00 reason=sl pnl=-79.50 (owner=8d5c8af5_8ef641a7-815c-4bb5-9798-b070b67d7998_deepseek_1781246265)
/home/hoang/nofx/data/nofx_2026-08-20.log:38005: 08-21 01:45:01 [WARN] ninjatrader/close_sync.go:175 📕 NT position closed: MNQ SHORT qty=1.00 exit=29373.00 reason=manual pnl=30.50 (owner=8d5c8af5_8ef641a7-815c-4bb5-9798-b070b67d7998_deepseek_1781246265)
/home/hoang/nofx/data/nofx_2026-08-20.log:40488: 08-21 05:00:11 [WARN] ninjatrader/close_sync.go:175 📕 NT position closed: MNQ SHORT qty=1.00 exit=29495.25 reason=sl pnl=-84.50 (owner=8d5c8af5_8ef641a7-815c-4bb5-9798-b070b67d7998_deepseek_1781246265)
/home/hoang/nofx/data/nofx_2026-08-20.log:41065: 08-21 06:01:16 [WARN] ninjatrader/close_sync.go:175 📕 NT position closed: MNQ LONG qty=1.00 exit=29460.00 reason=sl pnl=-98.00 (owner=8d5c8af5_8ef641a7-815c-4bb5-9798-b070b67d7998_deepseek_1781246265)
/home/hoang/nofx/data/nofx_2026-08-20.log:46932: 08-21 08:13:42 [WARN] ninjatrader/close_sync.go:175 📕 NT position closed: MNQ LONG qty=1.00 exit=29470.25 reason=sl pnl=-83.00 (owner=8d5c8af5_8ef641a7-815c-4bb5-9798-b070b67d7998_deepseek_1781246265)
/home/hoang/nofx/data/nofx_2026-08-20.log:51080: 08-21 09:27:42 [WARN] ninjatrader/close_sync.go:175 📕 NT position closed: MNQ SHORT qty=1.00 exit=29310.00 reason=sl pnl=0.00 (owner=8d5c8af5_8ef641a7-815c-4bb5-9798-b070b67d7998_deepseek_1781246265)
/home/hoang/nofx/data/nofx_2026-08-20.log:52761: 08-21 10:34:30 [WARN] ninjatrader/close_sync.go:175 📕 NT position closed: MNQ SHORT qty=1.00 exit=29400.00 reason=sl pnl=-88.50 (owner=8d5c8af5_8ef641a7-815c-4bb5-9798-b070b67d7998_deepseek_1781246265)
/home/hoang/nofx/data/nofx_2026-08-20.log:53044: 08-21 10:51:49 [WARN] ninjatrader/close_sync.go:175 📕 NT position closed: MNQ SHORT qty=1.00 exit=29475.75 reason=sl pnl=-61.50 (owner=8d5c8af5_8ef641a7-815c-4bb5-9798-b070b67d7998_deepseek_1781246265)
/home/hoang/nofx/data/nofx_2026-08-23.log:12537: 08-23 22:32:25 [WARN] ninjatrader/close_sync.go:191 📕 NT position closed: MNQ LONG qty=1.00 exit=29283.75 reason=sl pnl=-29.50 (owner=8d5c8af5_8ef641a7-815c-4bb5-9798-b070b67d7998_deepseek_1781246265)
/home/hoang/nofx/data/nofx_2026-08-23.log:23381: 08-24 07:32:53 [WARN] ninjatrader/close_sync.go:191 📕 NT position closed: MNQ LONG qty=1.00 exit=29178.25 reason=sl pnl=-88.50 (owner=8d5c8af5_8ef641a7-815c-4bb5-9798-b070b67d7998_deepseek_1781246265)
/home/hoang/nofx/data/nofx_2026-08-24.log:4275: 08-24 09:30:50 [WARN] ninjatrader/close_sync.go:191 📕 NT position closed: MNQ SHORT qty=1.00 exit=29038.50 reason=sl pnl=-139.50 (owner=8d5c8af5_8ef641a7-815c-4bb5-9798-b070b67d7998_deepseek_1781246265)
/home/hoang/nofx/data/nofx_2026-08-24.log:7943: 08-24 10:29:04 [WARN] ninjatrader/close_sync.go:191 📕 NT position closed: MNQ SHORT qty=1.00 exit=29120.00 reason=sl pnl=-54.50 (owner=8d5c8af5_8ef641a7-815c-4bb5-9798-b070b67d7998_deepseek_1781246265)
/home/hoang/nofx/data/nofx_2026-08-24.log:11339: 08-24 12:55:45 [WARN] ninjatrader/close_sync.go:191 📕 NT position closed: MNQ SHORT qty=1.00 exit=29116.75 reason=tp pnl=169.50 (owner=8d5c8af5_8ef641a7-815c-4bb5-9798-b070b67d7998_deepseek_1781246265)
/home/hoang/nofx/data/nofx_2026-08-24.log:33948: 08-24 21:31:55 [WARN] ninjatrader/close_sync.go:191 📕 NT position closed: MNQ SHORT qty=1.00 exit=29166.00 reason=sl pnl=-84.50 (owner=8d5c8af5_8ef641a7-815c-4bb5-9798-b070b67d7998_deepseek_1781246265)
/home/hoang/nofx/data/nofx_2026-08-24.log:36851: 08-24 22:09:04 [WARN] ninjatrader/close_sync.go:191 📕 NT position closed: MNQ SHORT qty=1.00 exit=29163.00 reason=sl pnl=0.00 (owner=8d5c8af5_8ef641a7-815c-4bb5-9798-b070b67d7998_deepseek_1781246265)
/home/hoang/nofx/data/nofx_2026-08-24.log:37224: 08-24 22:19:48 [WARN] ninjatrader/close_sync.go:191 📕 NT position closed: MNQ SHORT qty=1.00 exit=29170.00 reason=sl pnl=-7.50 (owner=8d5c8af5_8ef641a7-815c-4bb5-9798-b070b67d7998_deepseek_1781246265)
/home/hoang/nofx/data/nofx_2026-08-24.log:37788: 08-24 23:05:23 [WARN] ninjatrader/close_sync.go:191 📕 NT position closed: MNQ SHORT qty=1.00 exit=29192.00 reason=sl pnl=-27.00 (owner=8d5c8af5_8ef641a7-815c-4bb5-9798-b070b67d7998_deepseek_1781246265)
/home/hoang/nofx/data/nofx_2026-08-25.log:3032: 08-25 03:24:37 [WARN] ninjatrader/close_sync.go:191 📕 NT position closed: MNQ SHORT qty=1.00 exit=29300.00 reason=sl pnl=-62.00 (owner=8d5c8af5_8ef641a7-815c-4bb5-9798-b070b67d7998_deepseek_1781246265)
/home/hoang/nofx/data/nofx_2026-08-25.log:4201: 08-25 04:57:43 [WARN] ninjatrader/close_sync.go:191 📕 NT position closed: MNQ LONG qty=1.00 exit=29412.00 reason=tp pnl=168.00 (owner=8d5c8af5_8ef641a7-815c-4bb5-9798-b070b67d7998_deepseek_1781246265)
/home/hoang/nofx/data/nofx_2026-08-25.log:5700: 08-25 06:09:43 [WARN] ninjatrader/close_sync.go:191 📕 NT position closed: MNQ LONG qty=1.00 exit=29316.00 reason=sl pnl=-40.00 (owner=8d5c8af5_8ef641a7-815c-4bb5-9798-b070b67d7998_deepseek_1781246265)
/home/hoang/nofx/data/nofx_2026-08-25.log:6499: 08-25 07:30:54 [WARN] ninjatrader/close_sync.go:191 📕 NT position closed: MNQ LONG qty=1.00 exit=29360.75 reason=sl pnl=46.50 (owner=8d5c8af5_8ef641a7-815c-4bb5-9798-b070b67d7998_deepseek_1781246265)
/home/hoang/nofx/data/nofx_2026-08-25.log:7072: 08-25 08:15:02 [WARN] ninjatrader/close_sync.go:191 📕 NT position closed: MNQ LONG qty=1.00 exit=29328.00 reason=limit pnl=-22.50 (owner=8d5c8af5_8ef641a7-815c-4bb5-9798-b070b67d7998_deepseek_1781246265)
/home/hoang/nofx/data/nofx_2026-08-25.log:10343: 08-25 09:30:02 [WARN] ninjatrader/close_sync.go:191 📕 NT position closed: MNQ LONG qty=1.00 exit=29207.00 reason=sl pnl=-78.50 (owner=8d5c8af5_8ef641a7-815c-4bb5-9798-b070b67d7998_deepseek_1781246265)
/home/hoang/nofx/data/nofx_2026-08-25.log:21791: 08-25 14:30:16 [WARN] ninjatrader/close_sync.go:191 📕 NT position closed: MNQ SHORT qty=1.00 exit=29222.50 reason=limit pnl=81.00 (owner=8d5c8af5_8ef641a7-815c-4bb5-9798-b070b67d7998_deepseek_1781246265)
/home/hoang/nofx/data/nofx_2026-08-25.log:37651: 08-25 19:25:39 [WARN] ninjatrader/close_sync.go:191 📕 NT position closed: MNQ LONG qty=1.00 exit=29195.25 reason=sl pnl=-52.00 (owner=8d5c8af5_8ef641a7-815c-4bb5-9798-b070b67d7998_deepseek_1781246265)
/home/hoang/nofx/data/nofx_2026-08-26.log:21651: 08-26 06:01:49 [WARN] ninjatrader/close_sync.go:191 📕 NT position closed: MNQ SHORT qty=1.00 exit=29261.25 reason=sl pnl=-98.50 (owner=8d5c8af5_8ef641a7-815c-4bb5-9798-b070b67d7998_deepseek_1781246265)
/home/hoang/nofx/data/nofx_2026-08-26.log:23790: 08-26 06:38:04 [WARN] ninjatrader/close_sync.go:191 📕 NT position closed: MNQ LONG qty=1.00 exit=29219.25 reason=sl pnl=-49.50 (owner=8d5c8af5_8ef641a7-815c-4bb5-9798-b070b67d7998_deepseek_1781246265)
/home/hoang/nofx/data/nofx_2026-08-27.log:5084: 08-27 04:32:24 [WARN] ninjatrader/close_sync.go:191 📕 NT position closed: MNQ SHORT qty=1.00 exit=29619.75 reason=sl pnl=-69.00 (owner=8d5c8af5_8ef641a7-815c-4bb5-9798-b070b67d7998_deepseek_1781246265)
/home/hoang/nofx/data/nofx_2026-08-27.log:6750: 08-27 06:05:37 [WARN] ninjatrader/close_sync.go:191 📕 NT position closed: MNQ SHORT qty=1.00 exit=29611.25 reason=sl pnl=-62.50 (owner=8d5c8af5_8ef641a7-815c-4bb5-9798-b070b67d7998_deepseek_1781246265)
/home/hoang/nofx/data/nofx_2026-08-27.log:21860: 08-27 12:01:49 [WARN] ninjatrader/close_sync.go:191 📕 NT position closed: MNQ LONG qty=1.00 exit=29660.00 reason=tp pnl=97.00 (owner=8d5c8af5_8ef641a7-815c-4bb5-9798-b070b67d7998_deepseek_1781246265)
/home/hoang/nofx/data/nofx_2026-08-27.log:10010504: 08-28 01:57:47 [WARN] ninjatrader/close_sync.go:196 📕 NT position closed: MNQ SHORT qty=1.00 exit=29642.00 reason=sl pnl=-42.00 (owner=8d5c8af5_8ef641a7-815c-4bb5-9798-b070b67d7998_deepseek_1781246265)
/home/hoang/nofx/data/nofx_2026-08-27.log:10020847: 08-28 07:23:02 [WARN] ninjatrader/close_sync.go:196 📕 NT position closed: MNQ SHORT qty=1.00 exit=29658.00 reason=sl pnl=-32.00 (owner=8d5c8af5_8ef641a7-815c-4bb5-9798-b070b67d7998_deepseek_1781246265)
/home/hoang/nofx/data/nofx_2026-08-28.log:3870: 08-28 08:45:28 [WARN] ninjatrader/close_sync.go:196 📕 NT position closed: MNQ SHORT qty=1.00 exit=29668.50 reason=limit pnl=63.00 (owner=8d5c8af5_8ef641a7-815c-4bb5-9798-b070b67d7998_deepseek_1781246265)
/home/hoang/nofx/data/nofx_2026-08-28.log:14577: 08-28 13:48:34 [WARN] ninjatrader/close_sync.go:196 📕 NT position closed: MNQ LONG qty=1.00 exit=29471.75 reason=sl pnl=17.00 (owner=8d5c8af5_8ef641a7-815c-4bb5-9798-b070b67d7998_deepseek_1781246265)
/home/hoang/nofx/data/nofx_2026-08-30.log:8012: 08-30 18:13:13 [WARN] ninjatrader/close_sync.go:196 📕 NT position closed: MNQ LONG qty=1.00 exit=29414.75 reason=sl pnl=-44.50 (owner=8d5c8af5_8ef641a7-815c-4bb5-9798-b070b67d7998_deepseek_1781246265)
/home/hoang/nofx/data/nofx_2026-08-30.log:23462: 08-30 22:58:37 [WARN] ninjatrader/close_sync.go:196 📕 NT position closed: MNQ LONG qty=1.00 exit=29350.00 reason=sl pnl=6.00 (owner=8d5c8af5_8ef641a7-815c-4bb5-9798-b070b67d7998_deepseek_1781246265)
/home/hoang/nofx/data/nofx_2026-08-30.log:23661: 08-30 23:04:39 [WARN] ninjatrader/close_sync.go:196 📕 NT position closed: MNQ LONG qty=2.00 exit=29348.00 reason=manual pnl=-1.00 (owner=8d5c8af5_8ef641a7-815c-4bb5-9798-b070b67d7998_deepseek_1781246265)
/home/hoang/nofx/data/nofx_2026-08-31.log:38728: 08-31 10:15:28 [WARN] ninjatrader/close_sync.go:196 📕 NT position closed: MNQ SHORT qty=1.00 exit=29420.75 reason=manual pnl=32.50 (owner=8d5c8af5_8ef641a7-815c-4bb5-9798-b070b67d7998_deepseek_1781246265)
/home/hoang/nofx/data/nofx_2026-08-31.log:45834: 08-31 13:38:19 [WARN] ninjatrader/close_sync.go:196 📕 NT position closed: MNQ SHORT qty=1.00 exit=29397.50 reason=tp pnl=39.50 (owner=8d5c8af5_8ef641a7-815c-4bb5-9798-b070b67d7998_deepseek_1781246265)
/home/hoang/nofx/data/nofx_2026-09-01.log:3887: 09-01 03:06:33 [WARN] ninjatrader/close_sync.go:196 📕 NT position closed: MNQ SHORT qty=1.00 exit=29370.75 reason=tp pnl=190.50 (owner=8d5c8af5_8ef641a7-815c-4bb5-9798-b070b67d7998_deepseek_1781246265)
/home/hoang/nofx/data/nofx_2026-09-01.log:7228: 09-01 06:05:34 [WARN] ninjatrader/close_sync.go:196 📕 NT position closed: MNQ SHORT qty=1.00 exit=29182.00 reason=tp pnl=129.50 (owner=8d5c8af5_8ef641a7-815c-4bb5-9798-b070b67d7998_deepseek_1781246265)
/home/hoang/nofx/data/nofx_2026-09-01.log:8167: 09-01 06:56:47 [WARN] ninjatrader/close_sync.go:196 📕 NT position closed: MNQ LONG qty=1.00 exit=29172.00 reason=sl pnl=-82.50 (owner=8d5c8af5_8ef641a7-815c-4bb5-9798-b070b67d7998_deepseek_1781246265)
/home/hoang/nofx/data/nofx_2026-09-01.log:14394: 09-01 08:38:19 [WARN] ninjatrader/close_sync.go:196 📕 NT position closed: MNQ SHORT qty=1.00 exit=29085.00 reason=tp pnl=106.00 (owner=8d5c8af5_8ef641a7-815c-4bb5-9798-b070b67d7998_deepseek_1781246265)
/home/hoang/nofx/data/nofx_2026-09-01.log:15646: 09-01 09:40:40 [WARN] ninjatrader/close_sync.go:196 📕 NT position closed: MNQ SHORT qty=1.00 exit=29220.75 reason=sl pnl=-77.50 (owner=8d5c8af5_8ef641a7-815c-4bb5-9798-b070b67d7998_deepseek_1781246265)
/home/hoang/nofx/data/nofx_2026-09-01.log:20486: 09-01 13:41:14 [WARN] ninjatrader/close_sync.go:196 📕 NT position closed: MNQ LONG qty=1.00 exit=29055.75 reason=sl pnl=-54.00 (owner=8d5c8af5_8ef641a7-815c-4bb5-9798-b070b67d7998_deepseek_1781246265)
/home/hoang/nofx/data/nofx_2026-09-02.log:2533: 09-02 01:03:41 [WARN] ninjatrader/close_sync.go:196 📕 NT position closed: MNQ LONG qty=1.00 exit=29048.00 reason=sl pnl=-62.50 (owner=8d5c8af5_8ef641a7-815c-4bb5-9798-b070b67d7998_deepseek_1781246265)
/home/hoang/nofx/data/nofx_2026-09-02.log:17005: 09-02 07:51:38 [WARN] ninjatrader/close_sync.go:196 📕 NT position closed: MNQ LONG qty=1.00 exit=29050.00 reason=sl pnl=-65.00 (owner=8d5c8af5_8ef641a7-815c-4bb5-9798-b070b67d7998_deepseek_1781246265)
/home/hoang/nofx/data/nofx_2026-09-02.log:25188: 09-02 09:59:27 [WARN] ninjatrader/close_sync.go:196 📕 NT position closed: MNQ LONG qty=1.00 exit=29115.00 reason=sl pnl=-155.00 (owner=8d5c8af5_8ef641a7-815c-4bb5-9798-b070b67d7998_deepseek_1781246265)
/home/hoang/nofx/data/nofx_2026-09-02.log:28266: 09-02 10:49:30 [WARN] ninjatrader/close_sync.go:196 📕 NT position closed: MNQ LONG qty=1.00 exit=29143.75 reason=sl pnl=-99.00 (owner=8d5c8af5_8ef641a7-815c-4bb5-9798-b070b67d7998_deepseek_1781246265)
/home/hoang/nofx/data/nofx_2026-09-02.log:85591: 09-03 09:20:45 [WARN] ninjatrader/close_sync.go:196 📕 NT position closed: MNQ SHORT qty=1.00 exit=29355.00 reason=sl pnl=-140.00 (owner=8d5c8af5_8ef641a7-815c-4bb5-9798-b070b67d7998_deepseek_1781246265)
