MIN(entry_time)|MAX(entry_time)|MIN(LENGTH(entry_time))|MAX(LENGTH(entry_time))
1780268638896|1788444314627|13|13
ym|n|pnlc|has_plan|cited
2026-05|8|0|0|0
2026-06|324|1|0|0
2026-07|2|0|0|0
2026-08|242|218|60|53
2026-09|11|11|11|11
d|n|pnlc|has_plan|src
2026-08-09|6|6|0|system
2026-08-10|71|71|0|system
2026-08-11|37|37|0|system
2026-08-12|9|9|0|system
2026-08-13|7|7|0|system
2026-08-19|7|7|7|system
2026-08-20|9|9|9|system
2026-08-21|8|8|8|system
2026-08-23|1|1|1|system
2026-08-24|8|8|8|system
2026-08-25|8|8|8|system
2026-08-26|2|2|2|system
2026-08-27|3|3|3|system,reconcile
2026-08-28|4|4|4|reconcile
2026-08-30|4|3|4|reconcile,e7_farside_test
2026-08-31|6|3|6|reconcile,armed_entry
2026-09-01|6|6|6|system,armed_entry,reconcile
2026-09-02|4|4|4|system
2026-09-03|1|1|1|reconcile
typeof(created_at)|COUNT(*)
integer|587
MIN(created_at)|MAX(created_at)
1780268638896|1788444314627
COUNT(*)
71
COUNT(*)
230
