s
## q08a: arms created 2026-09-04 CT (created_at normalised)
id | scenario | side | kind | condition | entry_px | stop_px | target_px | state | reason | created_ct | updated_ct | version | leg_index | leg_count | placement_seq | signal_id
38 | S2 | SHORT | stop_entry | sweep_reclaim | 29591.02 | 29645.6203704191 | 29481.5 | cancelled | gate changed: rr | 2026-09-04 10:05:00 | 2026-09-04 10:06:05 | 3 | 0 | 0 | 0 | e38f1774-9b80-46b2-907a-5fc35485a188
39 | S1 | SHORT | limit | reject | 29657.38 | 29720.5 | 29503.38 | cancelled | no order_update within stale window (reconnect/reconcile) | 2026-09-04 09:10:08 | 2026-09-04 09:26:06 | 3 | 0 | 0 | 0 | 89339298-8a82-490f-ad06-91b29c81fa33
62 | S2 | SHORT | stop_entry | reclaim | 29591.02 | 29645.25 | 29481.5 | cancelled | gate changed: rr | 2026-09-04 10:10:04 | 2026-09-04 10:12:04 | 3 | 0 | 0 | 1 | f869f788-7715-44b3-8018-da6e8f3c694f
65 | S2 | SHORT | stop_entry | reclaim | 29591.02 | 29645.25 | 29481.5 | cancelled | gate changed: rr | 2026-09-04 10:15:01 | 2026-09-04 10:18:03 | 3 | 0 | 0 | 2 | c1d016b2-fd6f-43e1-945c-4475b38973f8
67 | S2 | SHORT | stop_entry | reclaim | 29591.02 | 29645.25 | 29481.5 | cancelled | gate changed: rr | 2026-09-04 10:16:03 | 2026-09-04 10:18:03 | 3 | 0 | 0 | 3 | a0054682-f336-49f3-980e-a290f08dfe31
70 | S2 | SHORT | stop_entry | reclaim | 29591.02 | 29645.25 | 29481.5 | cancelled | gate changed: rr | 2026-09-04 10:20:03 | 2026-09-04 10:22:03 | 3 | 0 | 0 | 4 | ccaab035-4f94-4a93-aac7-12086c2591e7
73 | S2 | SHORT | stop_entry | reclaim | 29591.02 | 29645.25 | 29481.5 | cancelled | no order_update within stale window (reconnect/reconcile) | 2026-09-04 10:25:01 | 2026-09-04 10:40:01 | 3 | 0 | 0 | 5 | 719f4bbb-069a-4c81-8df0-f0d1e112335a
75 | S2 | SHORT | stop_entry | reclaim | 29591.02 | 29645.5759174815 | 29481.5 | cancelled | no order_update within stale window (reconnect/reconcile) | 2026-09-04 10:26:02 | 2026-09-04 10:42:01 | 3 | 0 | 0 | 6 | c794d0ce-0ca7-4c03-894c-25ddf4468935
77 | S2 | SHORT | stop_entry | reclaim | 29591.02 | 29645.5759174815 | 29481.5 | cancelled | no order_update within stale window (reconnect/reconcile) | 2026-09-04 10:28:02 | 2026-09-04 10:44:01 | 3 | 0 | 0 | 7 | 4646df81-f408-48bc-9834-477105ed801c
79 | S2 | SHORT | stop_entry | reclaim | 29591.02 | 29645.25 | 29481.5 | cancelled | no order_update within stale window (reconnect/reconcile) | 2026-09-04 10:30:02 | 2026-09-04 10:46:01 | 3 | 0 | 0 | 8 | c5d4860a-1d7f-4480-bd27-fc6958221dae
81 | S2 | SHORT | stop_entry | reclaim | 29591.02 | 29645.25 | 29481.5 | cancelled | no order_update within stale window (reconnect/reconcile) | 2026-09-04 10:32:02 | 2026-09-04 10:48:00 | 3 | 0 | 0 | 9 | 9fcd8c7c-7d13-4e97-871c-21a49f44c643
83 | S2 | SHORT | stop_entry | reclaim | 29591.02 | 29645.25 | 29481.5 | cancelled | no order_update within stale window (reconnect/reconcile) | 2026-09-04 10:34:01 | 2026-09-04 10:50:00 | 3 | 0 | 0 | 10 | 9b146ffa-d569-44f9-a6b6-0701073418e9
85 | S2 | SHORT | stop_entry | reclaim | 29591.02 | 29645.25 | 29481.5 | cancelled | no order_update within stale window (reconnect/reconcile) | 2026-09-04 10:36:01 | 2026-09-04 10:52:00 | 3 | 0 | 0 | 11 | 7dd07a19-701e-4afa-9b15-655f65810e9e
87 | S2 | SHORT | stop_entry | reclaim | 29591.02 | 29645.25 | 29481.5 | cancelled | boot_sweep: pre-boot order, process restarted | 2026-09-04 10:38:01 | 2026-09-04 10:53:10 | 3 | 0 | 0 | 12 | 6a5da3fa-2992-426f-b56e-9d1eb805c350
89 | S2 | SHORT | stop_entry | reclaim | 29591.02 | 29645.25 | 29481.5 | cancelled | boot_sweep: pre-boot order, process restarted | 2026-09-04 10:40:01 | 2026-09-04 10:53:10 | 3 | 0 | 0 | 13 | 183d16ad-75df-4fcf-bd9c-685900a8aa25
91 | S2 | SHORT | stop_entry | reclaim | 29591.02 | 29645.25 | 29481.5 | cancelled | boot_sweep: pre-boot order, process restarted | 2026-09-04 10:42:01 | 2026-09-04 10:53:11 | 3 | 0 | 0 | 14 | 993322b9-6c27-42af-8afb-2a3620b797eb
92 | S1 | SHORT | limit | reject | 29657.38 | 29720.5 | 29503.38 | superseded | superseded: never placed (no signal id) and plan moved v3 →  | 2026-09-04 10:44:01 | 2026-09-04 11:05:09 | 3 | 0 | 0 | 1 | 
93 | S2 | SHORT | stop_entry | reclaim | 29591.02 | 29645.25 | 29481.5 | cancelled | boot_sweep: pre-boot order, process restarted | 2026-09-04 10:44:01 | 2026-09-04 10:53:11 | 3 | 0 | 0 | 15 | b42631c8-4737-4e59-aa42-e51b5a7237db
94 | S1 | SHORT | limit | reject | 29657.38 | 29720.5 | 29503.38 | superseded | superseded: never placed (no signal id) and plan moved v3 →  | 2026-09-04 10:46:01 | 2026-09-04 11:05:09 | 3 | 0 | 0 | 2 | 
95 | S2 | SHORT | stop_entry | reclaim | 29591.02 | 29645.25 | 29481.5 | cancelled | boot_sweep: pre-boot order, process restarted | 2026-09-04 10:46:01 | 2026-09-04 10:53:11 | 3 | 0 | 0 | 16 | fa195d44-705e-46c9-be53-5d4a2198e3c8
96 | S1 | SHORT | limit | reject | 29657.38 | 29720.5 | 29503.38 | superseded | superseded: never placed (no signal id) and plan moved v3 →  | 2026-09-04 10:48:00 | 2026-09-04 11:05:09 | 3 | 0 | 0 | 3 | 
97 | S2 | SHORT | stop_entry | reclaim | 29591.02 | 29645.25 | 29481.5 | cancelled | boot_sweep: pre-boot order, process restarted | 2026-09-04 10:48:00 | 2026-09-04 10:53:11 | 3 | 0 | 0 | 17 | 60adff7a-afe7-4b11-be91-1c6e8a413c8f
98 | S1 | SHORT | limit | reject | 29657.38 | 29720.5 | 29503.38 | superseded | superseded: never placed (no signal id) and plan moved v3 →  | 2026-09-04 10:50:00 | 2026-09-04 11:05:09 | 3 | 0 | 0 | 4 | 
99 | S2 | SHORT | stop_entry | reclaim | 29591.02 | 29645.25 | 29481.5 | cancelled | boot_sweep: pre-boot order, process restarted | 2026-09-04 10:50:00 | 2026-09-04 10:53:11 | 3 | 0 | 0 | 18 | 3bea0045-32b4-469d-ae5c-ca24ba366509
100 | S1 | SHORT | limit | reject | 29720.0 | 29765.0 | 29553.75 | cancelled | no active plan | 2026-09-04 11:29:07 | 2026-09-04 11:59:02 | 5 | 0 | 2 | 5 | 
101 | S2 | SHORT | stop_entry | reclaim | 29591.02 | 29645.25 | 29481.5 | cancelled | boot_sweep: pre-boot order, process restarted | 2026-09-04 10:52:00 | 2026-09-04 10:53:11 | 3 | 0 | 0 | 19 | 04b3e307-eb7f-4bc8-88fe-7088dff9f6a5
102 | S2 | SHORT | stop_entry | reclaim | 29591.02 | 29645.25 | 29481.5 | cancelled | cancelled in NT8 | 2026-09-04 10:53:11 | 2026-09-04 11:59:02 | 3 | 0 | 0 | 20 | 931a761a-d0c8-492b-a815-a5f41cc9d9ae
103 | S1 | SHORT | limit | sweep_reclaim | 29720.0 | 29765.0 | 29553.75 | cancelled | no active plan | 2026-09-04 11:29:07 | 2026-09-04 11:59:02 | 5 | 1 | 2 | 0 | 
104 | S2 | SHORT | limit | sweep_reclaim | 29720.0 | 29755.0631468702 | 29635.0 | armed |  | 2026-09-04 12:11:02 | 2026-09-04 13:27:48 | 6 | 0 | 2 | 21 | 
105 | S2 | SHORT | limit | sweep_reclaim | 29720.0 | 29755.0631468702 | 29635.0 | armed |  | 2026-09-04 12:11:02 | 2026-09-04 13:27:48 | 6 | 1 | 2 | 0 | 
s
## q08b: all filled arms
id | session | scenario | side | kind | condition | entry_px | stop_px | target_px | fill_price | state_reason | created_ct | updated_ct | plan_id
5 | ASIA | S1 | short |  |  | 29621.01 | 29642.0 | 29576.5 | 0.0 | fill@29621.00 | 2026-08-27 23:52:52 | 2026-08-28 01:43:06 | 2026-08-27:ASIA:8d5c8af5_8ef641a7-815c-4bb5-9798-b070b67d7998_deepseek_1781246265
6 | LONDON | S1 | short |  |  | 29702.0 | 29726.7 | 29644.38 | 0.0 | fill@29642.00 | 2026-08-28 06:37:42 | 2026-08-28 08:27:26 | 2026-08-28:LONDON:8d5c8af5_8ef641a7-815c-4bb5-9798-b070b67d7998_deepseek_1781246265
9 | NY | S1 | long |  |  | 29464.25 | 29420.0 | 29562.0 | 0.0 | fill@29700.00 | 2026-08-28 08:35:27 | 2026-08-28 13:07:07 | 2026-08-28:NY:8d5c8af5_8ef641a7-815c-4bb5-9798-b070b67d7998_deepseek_1781246265
10 | NY | S2 | long |  |  | 29480.0 | 29430.0 | 29588.25 | 0.0 | fill@29463.25 | 2026-08-28 12:07:01 | 2026-08-28 12:59:07 | 2026-08-28:NY:8d5c8af5_8ef641a7-815c-4bb5-9798-b070b67d7998_deepseek_1781246265
15 | TEST-E7 | TEST-E7 | short |  |  | 28700.0 | 28850.0 | 28500.0 | 29346.25 | e7_farside_test: | 2026-08-30 22:32:55 | 2026-09-04 13:25:47 | TEST-E7:c15c48a6-a036-4991-b4d0-9c9e0b2295b3
20 | NY | S3 | short | limit |  | 29458.38 | 29482.5 | 29394.75 | 29459.0 | fill@29459.00 | 2026-08-31 12:00:01 | 2026-08-31 13:09:28 | 2026-08-31:NY:8d5c8af5_8ef641a7-815c-4bb5-9798-b070b67d7998_deepseek_1781246265
21 | NY | S1 | long | limit |  | 29413.0 | 29363.25 | 29517.0 | 29413.0 | fill@29413.00 | 2026-08-31 12:20:01 | 2026-08-31 12:25:29 | 2026-08-31:NY:8d5c8af5_8ef641a7-815c-4bb5-9798-b070b67d7998_deepseek_1781246265
24 | LONDON | S2 | short | limit |  | 29138.0 | 29162.0 | 29085.0 | 29138.0 |  | 2026-09-01 07:57:28 | 2026-09-01 17:24:00 | 2026-09-01:LONDON:8d5c8af5_8ef641a7-815c-4bb5-9798-b070b67d7998_deepseek_1781246265
28 | NY | S3 | long | limit |  | 29082.75 | 29055.75 | 29162.0 | 29082.75 |  | 2026-09-01 13:31:06 | 2026-09-01 17:24:00 | 2026-09-01:NY:8d5c8af5_8ef641a7-815c-4bb5-9798-b070b67d7998_deepseek_1781246265
35 | NY | S1 | short | limit |  | 29285.0 | 29351.6284728996 | 29144.5 | 29285.0 |  | 2026-09-03 09:02:54 | 2026-09-03 10:28:29 | 2026-09-03:NY:8d5c8af5_8ef641a7-815c-4bb5-9798-b070b67d7998_deepseek_1781246265
s
## q09: era positions (plan_id not null), excl e7 test seam
id | entry_ct | exit_ct | side | entry_price | exit_price | pnl_corrected | realized_pnl | source | plan_session | cited_scenario_id | adherence_grade | plan_band | close_reason | mae | mfe | entry_confidence | plan_version
521 | 2026-08-19 03:22:03 | 2026-08-19 04:43:36 | SHORT | 29623.5 | 29554.5 | 138.0 | 138.0 | system | LONDON | S1 | A |  | sync | 16.0 | 71.25 | 64 | 3
522 | 2026-08-19 07:17:31 | 2026-08-19 07:33:04 | SHORT | 29558.25 | 29588.5 | -60.5 | -60.5 | system | LONDON | S3 | B |  | sync | 49.25 | 10.25 | 63 | 3
523 | 2026-08-19 09:06:52 | 2026-08-19 09:11:09 | SHORT | 29466.5 | 29407.5 | 118.0 | 118.0 | system | NY | S1 | A |  | sync | 11.5 | 79.5 | 62 | 2
524 | 2026-08-19 11:18:15 | 2026-08-19 12:21:31 | SHORT | 29650.75 | 29514.0 | 273.5 | 273.5 | system | NY | S1 | B |  | sync | 16.5 | 137.5 | 65 | 3
525 | 2026-08-19 18:22:04 | 2026-08-19 18:59:40 | LONG | 29647.0 | 29625.5 | -43.0 | -43.0 | system | ASIA | S1 | B |  | sync | 21.75 | 19.75 | 63 | 1
526 | 2026-08-19 20:28:22 | 2026-08-19 21:16:27 | SHORT | 29626.25 | 29660.964286 | -69.4285719999971 | -1458.00000000002 | system | ASIA | S2 | A |  | sync | 57.5 | 2.75 | 63 | 4
527 | 2026-08-19 22:37:28 | 2026-08-19 23:07:14 | SHORT | 29604.5 | 29648.5 | -88.0 | -88.0 | system | ASIA | S2 | A |  | sync | 44.25 | 5.0 | 65 | 4
528 | 2026-08-20 03:26:31 | 2026-08-20 05:11:44 | SHORT | 29503.25 | 29552.0 | -97.5 | -97.5 | system | LONDON | S1 | A |  | sync | 49.0 | 48.0 | 63 | 2
529 | 2026-08-20 05:26:33 | 2026-08-20 06:21:57 | SHORT | 29539.25 | 29455.25 | 168.0 | 168.0 | system | LONDON | S2 | B |  | sync | 43.75 | 91.0 | 64 | 2
530 | 2026-08-20 08:12:02 | 2026-08-20 08:15:26 | SHORT | 29342.25 | 29335.75 | 13.0 | 13.0 | system |  | off-plan | D |  | sync | 6.25 | 10.0 | 62 | 2
531 | 2026-08-20 08:41:37 | 2026-08-20 08:48:24 | LONG | 29443.75 | 29370.0 | -147.5 | -147.5 | system | NY | S3 | A |  | sync | 75.0 | 16.25 | 65 | 1
532 | 2026-08-20 09:41:57 | 2026-08-20 13:05:47 | SHORT | 29395.75 | 29240.25 | 311.0 | 311.0 | system | NY | S1 | A |  | sync | 61.5 | 156.75 | 64 | 2
533 | 2026-08-20 17:59:18 | 2026-08-20 19:12:43 | SHORT | 29322.25 | 29349.5 | -54.5 | -54.5 | system | ASIA | S2 | B |  | sync | 30.25 | 36.0 | 61 | 1
534 | 2026-08-20 19:22:28 | 2026-08-20 20:49:55 | SHORT | 29332.25 | 29365.25 | -66.0 | -66.0 | system | ASIA | S2 | A |  | sync | 36.75 | 40.5 | 68 | 2
535 | 2026-08-20 21:08:43 | 2026-08-20 21:20:57 | SHORT | 29360.75 | 29376.25 | -31.0 | -31.0 | system | ASIA | S1 | A |  | sync | 17.75 | 7.0 | 65 | 2
536 | 2026-08-20 21:36:19 | 2026-08-20 23:27:34 | SHORT | 29393.0 | 29331.0 | 124.0 | 124.0 | system | ASIA | S1 | A |  | sync | 6.75 | 62.25 | 65 | 3
537 | 2026-08-21 00:25:10 | 2026-08-21 01:35:40 | SHORT | 29360.25 | 29400.0 | -79.5 | -79.5 | system | ASIA | S1 | B |  | sync | 42.0 | 20.25 | 62 | 3
538 | 2026-08-21 01:40:26 | 2026-08-21 01:45:01 | SHORT | 29388.25 | 29373.0 | 30.5 | 30.5 | system | ASIA | S1 | B |  | sync | 2.75 | 16.25 | 65 | 3
539 | 2026-08-21 03:54:09 | 2026-08-21 05:00:11 | SHORT | 29453.0 | 29495.25 | -84.5 | -84.5 | system |  | off-plan | C |  | sync | 43.0 | 42.25 | 62 | 2
540 | 2026-08-21 05:04:40 | 2026-08-21 06:01:16 | LONG | 29509.0 | 29460.0 | -98.0 | -98.0 | system | LONDON | S1 | B |  | sync | 50.0 | 6.5 | 65 | 3
541 | 2026-08-21 06:26:47 | 2026-08-21 08:13:42 | LONG | 29511.75 | 29470.25 | -83.0 | -83.0 | system | LONDON | S1 | B |  | sync | 42.25 | 28.0 | 68 | 3
542 | 2026-08-21 08:49:03 | 2026-08-21 09:27:42 | SHORT | 29310.0 | 29310.0 | 0.0 | 0.0 | system | NY | S2 | A |  | sync | 35.5 | 89.75 | 64 | 1
543 | 2026-08-21 10:12:43 | 2026-08-21 10:34:30 | SHORT | 29355.75 | 29400.0 | -88.5 | -88.5 | system | NY | S2 | A |  | sync | 45.0 | 25.0 | 62 | 1
544 | 2026-08-21 10:47:45 | 2026-08-21 10:51:49 | SHORT | 29445.0 | 29475.75 | -61.5 | -61.5 | system | NY | S1 | A |  | sync | 31.5 | 19.5 | 64 | 1
545 | 2026-08-23 22:28:10 | 2026-08-23 22:32:25 | LONG | 29298.5 | 29283.75 | -29.5 | -29.5 | system |  |  | D |  | sync | 15.25 | 3.0 | 62 | 0
546 | 2026-08-24 07:06:42 | 2026-08-24 07:32:53 | LONG | 29222.5 | 29178.25 | -88.5 | -88.5 | system |  |  | F |  | sync | 51.0 | 9.75 | 63 | 0
547 | 2026-08-24 09:09:45 | 2026-08-24 09:30:50 | SHORT | 28968.75 | 29038.5 | -139.5 | -139.5 | system | NY | S2 | A |  | sync | 73.25 | 15.25 | 62 | 2
548 | 2026-08-24 09:55:13 | 2026-08-24 10:29:04 | SHORT | 29092.75 | 29120.0 | -54.5 | -54.5 | system | NY | S1 | A |  | sync | 44.75 | 58.5 | 64 | 3
549 | 2026-08-24 11:26:50 | 2026-08-24 12:55:45 | SHORT | 29201.5 | 29116.75 | 169.5 | 169.5 | system | NY | S2 | B |  | sync | 10.5 | 85.5 | 64 | 8
550 | 2026-08-24 20:43:34 | 2026-08-24 21:31:55 | SHORT | 29123.75 | 29166.0 | -84.5 | -84.5 | system | ASIA | S2 | A |  | sync | 42.5 | 20.25 | 62 | 3
551 | 2026-08-24 21:43:06 | 2026-08-24 22:09:04 | SHORT | 29163.0 | 29163.0 | 0.0 | 0.0 | system | ASIA | S2 | A |  | sync | 0.5 | 69.75 | 64 | 3
552 | 2026-08-24 22:17:05 | 2026-08-24 22:19:48 | SHORT | 29166.25 | 29170.0 | -7.5 | -7.5 | system | ASIA | S2 | A |  | sync | 5.5 | 10.0 | 63 | 3
553 | 2026-08-24 23:03:06 | 2026-08-24 23:05:23 | SHORT | 29178.5 | 29192.0 | -27.0 | -27.0 | system | ASIA | S2 | B |  | sync | 18.0 | 0.0 | 62 | 4
554 | 2026-08-25 02:09:18 | 2026-08-25 03:24:37 | SHORT | 29269.0 | 29300.0 | -62.0 | -62.0 | system | LONDON | S2 | A |  | sync | 58.75 | 58.0 | 62 | 1
555 | 2026-08-25 04:19:19 | 2026-08-25 04:57:43 | LONG | 29328.0 | 29412.0 | 168.0 | 168.0 | system | LONDON | S2 | A |  | sync | 22.5 | 92.0 | 65 | 2
556 | 2026-08-25 06:04:08 | 2026-08-25 06:09:43 | LONG | 29336.0 | 29316.0 | -40.0 | -40.0 | system | LONDON | S1 | B |  | sync | 33.5 | 0.75 | 62 | 2
557 | 2026-08-25 06:14:36 | 2026-08-25 07:30:54 | LONG | 29337.5 | 29360.75 | 46.5 | 46.5 | system | LONDON | S1 | B |  | sync | 17.25 | 71.75 | 65 | 2
558 | 2026-08-25 07:56:41 | 2026-08-25 08:15:02 | LONG | 29339.25 | 29328.0 | -22.5 | -22.5 | system | LONDON | S1 | B |  | sync | 27.5 | 5.75 | 62 | 2
559 | 2026-08-25 09:14:41 | 2026-08-25 09:30:02 | LONG | 29246.25 | 29207.0 | -78.5 | -78.5 | system | NY | S4 | A |  | sync | 100.75 | 23.5 | 62 | 1
560 | 2026-08-25 13:53:09 | 2026-08-25 14:30:16 | SHORT | 29263.0 | 29222.5 | 81.0 | 81.0 | system | NY | S3 | A |  | sync | 3.0 | 50.5 | 63 | 2
561 | 2026-08-25 19:11:44 | 2026-08-25 19:25:39 | LONG | 29221.25 | 29195.25 | -52.0 | -52.0 | system | ASIA | S1 | A |  | sync | 30.0 | 17.5 | 63 | 7
562 | 2026-08-26 02:22:06 | 2026-08-26 06:01:49 | SHORT | 29212.0 | 29261.25 | -98.5 | -98.5 | system | LONDON | S2 | A |  | sync | 51.25 | 25.75 | 62 | 1
563 | 2026-08-26 06:12:45 | 2026-08-26 06:38:04 | LONG | 29244.0 | 29219.25 | -49.5 | -49.5 | system | LONDON | S1 | B |  | sync | 29.5 | 34.75 | 62 | 9
564 | 2026-08-27 04:19:45 | 2026-08-27 04:32:24 | SHORT | 29585.25 | 29619.75 | -69.0 | -69.0 | system | LONDON | S3 | A |  | sync | 36.75 | 6.75 | 62 | 5
565 | 2026-08-27 05:53:12 | 2026-08-27 06:05:37 | SHORT | 29580.0 | 29611.25 | -62.5 | -62.5 | system | LONDON | S1 | B |  | sync | 32.75 | 4.25 | 65 | 6
566 | 2026-08-27 11:32:53 | 2026-08-27 12:01:49 | LONG | 29611.5 | 29660.0 | 97.0 | 97.0 | reconcile |  |  | F |  | sync |  |  | 0 | 0
567 | 2026-08-28 01:22:04 | 2026-08-28 01:57:47 | SHORT | 29621.0 | 29642.0 | -42.0 | -42.0 | reconcile | ASIA | S1 | B | armed_fill | sync | 21.5 | 28.5 | 0 | 12
568 | 2026-08-28 07:19:46 | 2026-08-28 07:23:02 | SHORT | 29642.0 | 29658.0 | -32.0 | -32.0 | reconcile | LONDON | S1 | B | armed_fill | sync | 17.0 | 1.75 | 0 | 6
569 | 2026-08-28 08:44:28 | 2026-08-28 08:45:28 | SHORT | 29700.0 | 29668.5 | 63.0 | 63.0 | reconcile | NY | S1 | A | armed_fill | sync | 0.0 | 36.0 | 0 | 1
570 | 2026-08-28 12:10:21 | 2026-08-28 13:48:34 | LONG | 29463.25 | 29471.75 | 17.0 | 17.0 | reconcile | NY | S2 | C | armed_fill | sync | 14.5 | 66.25 | 0 | 5
571 | 2026-08-30 17:38:33 | 2026-08-30 18:13:13 | LONG | 29437.0 | 29414.75 | -44.5 | -44.5 | reconcile |  |  | F |  | sync | 22.5 | 17.0 | 0 | 0
575 | 2026-08-31 09:59:18 | 2026-08-31 10:15:28 | SHORT | 29437.0 | 29420.75 | 32.5 | 32.5 | reconcile | NY | S2 | A | armed_fill | sync | 6.0 | 41.5 | 0 | 3
576 | 2026-08-31 10:00:01 | 2026-08-31 10:03:38 | short | 29437.0 | 29437.0 |  | 0.0 | armed_entry | NY | S2 | A | armed_fill | reconcile_flat | 4.25 | 41.5 | 0 | 3
577 | 2026-08-31 12:25:29 | 2026-08-31 12:29:08 | long | 29413.0 | 29413.0 |  | 0.0 | armed_entry | NY | S1 | C | armed_fill | reconcile_flat | 16.25 | 0.0 | 0 | 4
578 | 2026-08-31 12:26:48 | 2026-08-31 13:10:48 | LONG | 29413.0 | 29459.0 | 92.0 | 92.0 | reconcile | NY | S1 | C | armed_fill | sync | 24.75 | 47.25 | 0 | 4
579 | 2026-08-31 13:09:28 | 2026-08-31 13:13:08 | short | 29459.0 | 0.0 |  | 0.0 | armed_entry | NY | S3 | B | armed_fill | unresolved | 0.0 | 15.5 | 0 | 6
580 | 2026-08-31 13:37:08 | 2026-08-31 13:38:19 | SHORT | 29417.25 | 29397.5 | 39.5 | 39.5 | reconcile |  |  | D |  | sync | 0.0 | 20.75 | 0 | 0
581 | 2026-09-01 02:52:44 | 2026-09-01 03:06:33 | SHORT | 29466.0 | 29370.75 | 190.5 | 190.5 | system | LONDON | S1 | A |  | sync | 2.5 | 73.5 | 62 | 2
582 | 2026-09-01 05:23:28 | 2026-09-01 06:05:34 | SHORT | 29246.75 | 29182.0 | 129.5 | 129.5 | armed_entry | LONDON | S2 | D |  | sync | 11.25 | 69.25 | 0 | 3
583 | 2026-09-01 06:35:04 | 2026-09-01 06:56:47 | LONG | 29213.25 | 29172.0 | -82.5 | -82.5 | system | LONDON | S2 | B |  | sync | 43.25 | 25.0 | 64 | 4
584 | 2026-09-01 08:36:47 | 2026-09-01 08:38:19 | SHORT | 29138.0 | 29085.0 | 106.0 | 106.0 | reconcile | LONDON | S2 | A | armed_fill | sync | 0.0 | 58.0 | 0 | 6
585 | 2026-09-01 09:31:08 | 2026-09-01 09:40:40 | SHORT | 29182.0 | 29220.75 | -77.5 | -77.5 | armed_entry | NY | S1 | C |  | sync | 38.75 | 0.0 | 0 | 3
586 | 2026-09-01 13:33:06 | 2026-09-01 13:41:14 | LONG | 29082.75 | 29055.75 | -54.0 | -54.0 | reconcile | NY | S3 | A | armed_fill | sync | 27.5 | 0.0 | 0 | 5
587 | 2026-09-02 00:17:44 | 2026-09-02 01:03:41 | LONG | 29079.25 | 29048.0 | -62.5 | -62.5 | system | ASIA | S3 | B |  | sync | 33.0 | 25.75 | 62 | 7
588 | 2026-09-02 07:41:05 | 2026-09-02 07:51:38 | LONG | 29082.5 | 29050.0 | -65.0 | -65.0 | system | LONDON | S2 | B |  | sync | 33.25 | 0.0 | 63 | 3
589 | 2026-09-02 09:41:04 | 2026-09-02 09:59:27 | LONG | 29192.5 | 29115.0 | -155.0 | -155.0 | system | NY | S3 | A |  | sync | 80.5 | 10.25 | 65 | 3
590 | 2026-09-02 10:37:17 | 2026-09-02 10:49:30 | LONG | 29193.25 | 29143.75 | -99.0 | -99.0 | system | NY | S4 | A |  | sync | 49.75 | 1.0 | 68 | 5
591 | 2026-09-03 09:05:14 | 2026-09-03 09:20:45 | SHORT | 29285.0 | 29355.0 | -140.0 | -140.0 | reconcile | NY | S1 | A | armed_fill | sync | 75.0 | 43.5 | 0 | 2
s
## q09b: by cited slot (pnl_corrected, excl test seam, excl NULL)
slot | n | null_excluded | sum_pnl | mean_pnl | wins | losses | scratch
 | 5 | 0 | -26.0 | -5.2 | 2 | 3 | 0
S1 | 28 | 1 | 321.0 | 11.89 | 10 | 17 | 0
S2 | 23 | 1 | -142.43 | -6.47 | 7 | 13 | 2
S3 | 8 | 1 | -467.5 | -66.79 | 1 | 6 | 0
S4 | 2 | 0 | -177.5 | -88.75 | 0 | 2 | 0
off-plan | 2 | 0 | -71.5 | -35.75 | 1 | 1 | 0
s
## q09c: by source
source | n | null_excluded | sum_pnl | wins | losses
armed_entry | 5 | 3 | 52.0 | 1 | 1
e7_farside_test | 3 | 1 | 5.0 | 1 | 1
reconcile | 12 | 0 | 134.5 | 7 | 5
system | 51 | 0 | -750.43 | 13 | 36
s
## q09d: by plan_session
plan_session | n | null_excluded | sum_pnl | wins | losses
 | 7 | 0 | -97.5 | 3 | 4
ASIA | 16 | 0 | -552.43 | 2 | 13
LONDON | 21 | 0 | 24.0 | 7 | 14
NY | 24 | 3 | 62.0 | 9 | 11
s
## q09e: close_reason
close_reason | n | sum_pnl
sync | 65 | -563.93
reconcile_flat | 2 | 
unresolved | 1 | 
s
## q09f: overall era (excl test seam, excl NULL)
n_all | null_excluded | n_used | sum_pnl | mean | wins | losses | scratch | avg_win | avg_loss
68 | 3 | 65 | -563.93 | -8.68 | 21 | 42 | 2 | 114.67 | -70.76
