2026-08-15 00:00 CT epoch_ms = 1786770000000
2026-08-19 00:00 CT epoch_ms = 1787115600000
2026-09-02 00:00 CT epoch_ms = 1788325200000
0B cut 2026-09-02 07:49 CT = 1788353340000
--- count entry_time >= 2026-08-15 00:00 CT (1786856400000)
71
--- count entry_time >= 2026-08-15 00:00 UTC (1786838400000)
71
--- rows by CT month of entry_time
2026-05|8
2026-06|324
2026-07|2
2026-08|242
2026-09|11
--- what cut gives 227? created_at ranks
71
--- typeof created_at
integer|587
--- count id >= 361 (587-227+1)
361|2026-08-06 03:24:37
--- cited_scenario_id: null vs empty (era)
EMPTY|7
SET|64
--- plan_id: null vs empty (era)
SET|71
--- pnl_corrected null (era, entry_time cut)
4|67|71
--- entry_time vs created_at gap (era) seconds: min/median-ish/max
0.0|0.0|0.0
--- reconcile rows: id, entry CT, created CT, pnl_corrected
566|2026-08-27 11:32:53|2026-08-27 11:32:53|97.0|
567|2026-08-28 01:22:04|2026-08-28 01:22:04|-42.0|ASIA
568|2026-08-28 07:19:46|2026-08-28 07:19:46|-32.0|LONDON
569|2026-08-28 08:44:28|2026-08-28 08:44:28|63.0|NY
570|2026-08-28 12:10:21|2026-08-28 12:10:21|17.0|NY
571|2026-08-30 17:38:33|2026-08-30 17:38:33|-44.5|
575|2026-08-31 09:59:18|2026-08-31 09:59:18|32.5|NY
578|2026-08-31 12:26:48|2026-08-31 12:26:48|92.0|NY
580|2026-08-31 13:37:08|2026-08-31 13:37:08|39.5|
584|2026-09-01 08:36:47|2026-09-01 08:36:47|106.0|LONDON
586|2026-09-01 13:33:06|2026-09-01 13:33:06|-54.0|NY
591|2026-09-03 09:05:14|2026-09-03 09:05:14|-140.0|NY
