--- armed_orders: stop distance pts by state (all rows)
state|n|mn|mean|mx
cancelled|51|17.25|44.68|150.0
filled|10|20.99|48.14|150.0
superseded|4|63.12|63.12|63.12
armed|2|35.06|35.06|35.06
--- armed_orders: stop distance pts, ordered (all with prices) — for quantiles
d
17.25
18.0
19.0
20.5
20.55
20.99
21.0
21.5
21.96
22.25
23.21
24.0
24.05
24.12
24.7
25.79
26.5
27.0
27.0
30.0
32.7
35.06
35.06
40.0
40.0
40.0
40.0
40.0
44.25
45.0
45.0
47.26
48.75
49.75
50.0
50.0
50.33
54.23
54.23
54.23
54.23
54.23
54.23
54.23
54.23
54.23
54.23
54.23
54.23
54.23
54.23
54.23
54.23
54.23
54.23
54.56
54.56
54.6
63.12
63.12
63.12
63.12
63.12
66.63
67.88
150.0
150.0
--- armed_orders: post-0B (created >= 2026-09-02 07:49 CT) stop distances, ids
id|session|scenario|side|stop_pts|tgt_pts|state|created_ct
32|NY|S3|long|50.33|101.25|cancelled|2026-09-02 10:30:30
33|NY|S3|short|32.7|108.05|cancelled|2026-09-02 14:10:29
34|ASIA|S1|short|26.5|67.0|cancelled|2026-09-02 22:15:01
35|NY|S1|short|66.63|140.5|filled|2026-09-03 09:02:54
36|NY|S2|short|67.88|141.8|cancelled|2026-09-03 09:20:47
37|NY|S3|short|48.75|146.64|cancelled|2026-09-03 11:58:33
38|NY|S2|SHORT|54.6|109.52|cancelled|2026-09-04 10:05:00
39|NY|S1|SHORT|63.12|154.0|cancelled|2026-09-04 09:10:08
62|NY|S2|SHORT|54.23|109.52|cancelled|2026-09-04 10:10:04
65|NY|S2|SHORT|54.23|109.52|cancelled|2026-09-04 10:15:01
67|NY|S2|SHORT|54.23|109.52|cancelled|2026-09-04 10:16:03
70|NY|S2|SHORT|54.23|109.52|cancelled|2026-09-04 10:20:03
73|NY|S2|SHORT|54.23|109.52|cancelled|2026-09-04 10:25:01
75|NY|S2|SHORT|54.56|109.52|cancelled|2026-09-04 10:26:02
77|NY|S2|SHORT|54.56|109.52|cancelled|2026-09-04 10:28:02
79|NY|S2|SHORT|54.23|109.52|cancelled|2026-09-04 10:30:02
81|NY|S2|SHORT|54.23|109.52|cancelled|2026-09-04 10:32:02
83|NY|S2|SHORT|54.23|109.52|cancelled|2026-09-04 10:34:01
85|NY|S2|SHORT|54.23|109.52|cancelled|2026-09-04 10:36:01
87|NY|S2|SHORT|54.23|109.52|cancelled|2026-09-04 10:38:01
89|NY|S2|SHORT|54.23|109.52|cancelled|2026-09-04 10:40:01
91|NY|S2|SHORT|54.23|109.52|cancelled|2026-09-04 10:42:01
92|NY|S1|SHORT|63.12|154.0|superseded|2026-09-04 10:44:01
93|NY|S2|SHORT|54.23|109.52|cancelled|2026-09-04 10:44:01
94|NY|S1|SHORT|63.12|154.0|superseded|2026-09-04 10:46:01
95|NY|S2|SHORT|54.23|109.52|cancelled|2026-09-04 10:46:01
96|NY|S1|SHORT|63.12|154.0|superseded|2026-09-04 10:48:00
97|NY|S2|SHORT|54.23|109.52|cancelled|2026-09-04 10:48:00
98|NY|S1|SHORT|63.12|154.0|superseded|2026-09-04 10:50:00
99|NY|S2|SHORT|54.23|109.52|cancelled|2026-09-04 10:50:00
100|NY|S1|SHORT|45.0|166.25|cancelled|2026-09-04 11:29:07
101|NY|S2|SHORT|54.23|109.52|cancelled|2026-09-04 10:52:00
102|NY|S2|SHORT|54.23|109.52|cancelled|2026-09-04 10:53:11
103|NY|S1|SHORT|45.0|166.25|cancelled|2026-09-04 11:29:07
104|NY|S2|SHORT|35.06|85.0|armed|2026-09-04 12:11:02
105|NY|S2|SHORT|35.06|85.0|armed|2026-09-04 12:11:02
--- sample trades: worst 8 by pnl_corrected
id|plan_session|cited_scenario_id|side|entry_price|exit_price|pnl_corrected|pts|close_reason|source
589|NY|S3|LONG|29192.5|29115.0|-155.0|-77.5|sync|system
531|NY|S3|LONG|29443.75|29370.0|-147.5|-73.75|sync|system
591|NY|S1|SHORT|29285.0|29355.0|-140.0|-70.0|sync|reconcile
547|NY|S2|SHORT|28968.75|29038.5|-139.5|-69.75|sync|system
590|NY|S4|LONG|29193.25|29143.75|-99.0|-49.5|sync|system
562|LONDON|S2|SHORT|29212.0|29261.25|-98.5|-49.25|sync|system
540|LONDON|S1|LONG|29509.0|29460.0|-98.0|-49.0|sync|system
528|LONDON|S1|SHORT|29503.25|29552.0|-97.5|-48.75|sync|system
--- sample trades: best 5
id|plan_session|cited_scenario_id|side|pnl_corrected|close_reason
532|NY|S1|SHORT|311.0|sync
524|NY|S1|SHORT|273.5|sync
581|LONDON|S1|SHORT|190.5|sync
549|NY|S2|SHORT|169.5|sync
529|LONDON|S2|SHORT|168.0|sync
--- sample: close_reason distribution
cr|n|sum|avg
sync|65|-563.93|-8.68
--- sample: fee column
nonzero_fee|n|MIN(fee)|MAX(fee)
0|65|0.0|0.0
--- sample: mae/mfe populated + sign convention (ids, side, mae, mfe, pnl)
n|mae_set|mfe_set|ROUND(MIN(mae),2)|ROUND(MAX(mae),2)|ROUND(MIN(mfe),2)|ROUND(MAX(mfe),2)
65|61|60|0.0|100.75|0.0|156.75
--- sample: mae/mfe first 6 rows for units check
id|side|entry_price|exit_price|mae|mfe|pnl_corrected
521|SHORT|29623.5|29554.5|16.0|71.25|138.0
522|SHORT|29558.25|29588.5|49.25|10.25|-60.5
523|SHORT|29466.5|29407.5|11.5|79.5|118.0
524|SHORT|29650.75|29514.0|16.5|137.5|273.5
525|LONG|29647.0|29625.5|21.75|19.75|-43.0
526|SHORT|29626.25|29660.964286|57.5|2.75|-69.4285719999971
--- ab_confirm_log: non-counterfactual rows, mae_r/mfe_r summary
is_counterfactual|n|mae_r_avg|mae_r_min|mfe_r_avg|net_pnl_avg|net_set
0|223|0.236|0.0|0.054|-18321.96|223
