--- bars coverage by symbol/tf ---
('ES', '12h', 2007, '2022-10-17 17:00:00', '2026-09-03 17:00:00')
('ES', '15m', 2166, '2026-08-04 00:00:00', '2026-09-04 12:15:00')
('ES', '1d', 2001, '2018-12-05 01:00:00', '2026-09-03 00:00:00')
('ES', '1h', 2042, '2026-05-04 06:00:00', '2026-09-04 12:00:00')
('ES', '1m', 12301, '2026-08-24 14:21:00', '2026-09-04 12:19:00')
('ES', '1w', 949, '2004-12-03 01:00:00', '2026-08-28 00:00:00')
('ES', '2h', 2021, '2026-01-12 00:00:00', '2026-09-04 11:00:00')
('ES', '30m', 2083, '2026-07-03 02:00:00', '2026-09-04 12:00:00')
('ES', '3d', 1562, '2004-12-10 01:00:00', '2026-09-01 00:00:00')
('ES', '3m', 2830, '2026-08-27 08:51:00', '2026-09-04 12:18:00')
('ES', '4h', 2009, '2025-05-18 17:00:00', '2026-09-04 05:00:00')
('ES', '5m', 2497, '2026-08-24 11:15:00', '2026-09-04 12:15:00')
('ES', '6h', 2006, '2024-09-25 05:00:00', '2026-09-04 05:00:00')
('ES', '8h', 2011, '2024-01-31 09:00:00', '2026-09-04 01:00:00')
('MNQ', '12h', 2004, '2022-10-19 04:00:00', '2026-09-03 17:00:00')
('MNQ', '15m', 2166, '2026-08-04 00:00:00', '2026-09-04 12:15:00')
('MNQ', '1d', 1898, '2019-05-02 00:00:00', '2026-09-03 00:00:00')
('MNQ', '1h', 2042, '2026-05-04 06:00:00', '2026-09-04 12:00:00')
('MNQ', '1m', 16703, '2026-08-19 10:00:00', '2026-09-04 12:19:00')
('MNQ', '1w', 384, '2019-04-26 00:00:00', '2026-08-28 00:00:00')
('MNQ', '2h', 2021, '2026-01-12 00:00:00', '2026-09-04 11:00:00')
('MNQ', '30m', 2083, '2026-07-03 02:00:00', '2026-09-04 12:00:00')
('MNQ', '3d', 634, '2019-05-04 00:00:00', '2026-09-01 00:00:00')
('MNQ', '3m', 2829, '2026-08-27 08:54:00', '2026-09-04 12:18:00')
('MNQ', '4h', 2010, '2025-05-18 17:00:00', '2026-09-04 09:00:00')
('MNQ', '5m', 2497, '2026-08-24 11:15:00', '2026-09-04 12:15:00')
('MNQ', '6h', 2006, '2024-09-25 05:00:00', '2026-09-04 05:00:00')
('MNQ', '8h', 2007, '2024-02-01 18:00:00', '2026-09-04 01:00:00')
5m MNQ bars: 2497
session-days with 5m bars: 10  2026-08-23..2026-09-03
full-ish days (>=200 of 276 5m bars): 9
session-day RANGE pts: n=9 median=341.8 mean=366.9 min=242.2 max=569.2
--- per session-day: range, TR, bars, close ---
* 2026-08-24 range= 403.25 TR= 403.25 bars=276 close=29287.00
* 2026-08-25 range= 341.75 TR= 341.75 bars=276 close=29431.00
* 2026-08-26 range= 305.25 TR= 305.25 bars=276 close=29635.25
* 2026-08-27 range= 374.75 TR= 374.75 bars=276 close=29509.50
* 2026-08-30 range= 270.00 TR= 270.00 bars=276 close=29521.50
* 2026-08-31 range= 569.25 TR= 569.25 bars=276 close=29139.00
* 2026-09-01 range= 285.25 TR= 285.25 bars=276 close=29143.00
* 2026-09-02 range= 510.00 TR= 510.00 bars=276 close=29502.75
  2026-09-03 range= 242.25 TR= 242.25 bars=232 close=29531.50
sample-day ranges: n=8 median=358.2 mean=382.4
other-day ranges:  n=1 median=242.2 mean=242.2
ATR5m(14) all history: n=2484 p10=13.45 p50=21.02 p90=37.07 p99=59.34 max=76.04
ATR5m(14) RTH only: n=702 p10=19.27 p50=28.06 p90=49.66 p99=68.52  -> 1.5x floor at p50=42.1 pts ($84), at p90=74.5 pts ($149)
