== by plan_session ==
                  ASIA: n=16 W/L/F=2/13/1 p(win)=0.133 Wilson[0.037,0.379] sum= -552.43 mean= -34.53 sd= 53.26 95%CI[ -60.63,  -8.43] t=-2.59 ids=['525', '526', '527', '533', '534', '535', '536', '537', '538', '550', '551', '552', '553', '561', '567', '587']
                LONDON: n=21 W/L/F=7/14/0 p(win)=0.333 Wilson[0.172,0.546] sum=  +24.00 mean=  +1.14 sd=102.57 95%CI[ -42.73, +45.01] t=+0.05 ids=['521', '522', '528', '529', '540', '541', '554', '555', '556', '557', '558', '562', '563', '564', '565', '568', '581', '582', '583', '584', '588']
                  NULL: n= 7 W/L/F=3/4/0 p(win)=0.429 Wilson[0.158,0.750] sum=  -97.50 mean= -13.93 sd= 67.83 95%CI[ -64.18, +36.32] t=-0.54 ids=['530', '539', '545', '546', '566', '571', '580']
                    NY: n=21 W/L/F=9/11/1 p(win)=0.450 Wilson[0.258,0.658] sum=  +62.00 mean=  +2.95 sd=133.91 95%CI[ -54.32, +60.23] t=+0.10 ids=['523', '524', '531', '532', '542', '543', '544', '547', '548', '549', '559', '560', '569', '570', '575', '578', '585', '586', '589', '590', '591']
== by cited_scenario_id (S1..S5 = scenario slot, not condition name) ==
                 EMPTY: n= 5 W/L/F=2/3/0 p(win)=0.400 Wilson[0.118,0.769] sum=  -26.00 mean=  -5.20 sd= 73.34 95%CI[ -69.49, +59.09] t=-0.16 ids=['545', '546', '566', '571', '580']
                    S1: n=27 W/L/F=10/17/0 p(win)=0.370 Wilson[0.215,0.558] sum= +321.00 mean= +11.89 sd=115.91 95%CI[ -31.83, +55.61] t=+0.53 ids=['521', '523', '524', '525', '528', '532', '535', '536', '537', '538', '540', '541', '544', '548', '556', '557', '558', '561', '563', '565', '567', '568', '569', '578', '581', '585', '591']
                    S2: n=22 W/L/F=7/13/2 p(win)=0.350 Wilson[0.181,0.567] sum= -142.43 mean=  -6.47 sd= 95.94 95%CI[ -46.56, +33.62] t=-0.32 ids=['526', '527', '529', '533', '534', '542', '543', '547', '549', '550', '551', '552', '553', '554', '555', '562', '570', '575', '582', '583', '584', '588']
                    S3: n= 7 W/L/F=1/6/0 p(win)=0.143 Wilson[0.026,0.513] sum= -467.50 mean= -66.79 sd= 77.85 95%CI[-124.46,  -9.11] t=-2.27 ids=['522', '531', '560', '564', '586', '587', '589']
                    S4: n= 2 W/L/F=0/2/0 p(win)=0.000 Wilson[0.000,0.658] sum= -177.50 mean= -88.75 sd= 14.50 95%CI[-108.84, -68.66] t=-8.66 ids=['559', '590']
              off-plan: n= 2 W/L/F=1/1/0 p(win)=0.500 Wilson[0.095,0.905] sum=  -71.50 mean= -35.75 sd= 68.94 95%CI[-131.30, +59.80] t=-0.73 ids=['530', '539']
== rows with EMPTY condition ==
   545 NULL system -29.5 2026-08-23 22:28:10
   546 NULL system -88.5 2026-08-24 07:06:42
   566 NULL reconcile 97.0 2026-08-27 11:32:53
   571 NULL reconcile -44.5 2026-08-30 17:38:33
   580 NULL reconcile 39.5 2026-08-31 13:37:08
                   ALL: n=65 W/L/F=21/42/2 p(win)=0.333 Wilson[0.229,0.456] sum= -563.93 mean=  -8.68 sd=101.16 95%CI[ -33.27, +15.92] t=-0.69 ids=521..591
                  LONG: n=23 W/L/F=5/18/0 p(win)=0.217 Wilson[0.097,0.419] sum= -874.00 mean= -38.00 sd= 77.23 95%CI[ -69.56,  -6.44] t=-2.36 ids=n=23
                 SHORT: n=42 W/L/F=16/24/2 p(win)=0.400 Wilson[0.263,0.554] sum= +310.07 mean=  +7.38 sd=109.67 95%CI[ -25.79, +40.55] t=+0.44 ids=n=42
