--- calendar tables ---
calendar_slices
--- columns of calendar_slices ---
trade_date source events_json created_at 
--- slices: count, min/max trade_date ---
COUNT(*)|MIN(trade_date)|MAX(trade_date)
21|2026-08-12|2026-09-17
--- last 12 slices: trade_date, n events, red events, source ---
cols: ['trade_date', 'source', 'events_json', 'created_at']
2026-09-17: n=1 red=0 []
2026-09-16: n=3 red=0 []
2026-09-11: n=1 red=0 []
2026-09-10: n=2 red=0 []
2026-09-04: n=4 red=0 []
2026-09-03: n=2 red=0 []
2026-09-02: n=1 red=0 []
2026-09-01: n=5 red=0 []
2026-08-31: n=1 red=0 []
2026-08-28: n=4 red=0 []
2026-08-27: n=2 red=0 []
2026-08-26: n=3 red=0 []
2026-08-25: n=1 red=0 []
2026-08-24: n=1 red=0 []
slices mentioning FOMC/Fed rate: ['2026-08-19', '2026-09-16']
event keys: ['currency', 'impact', 'time', 'title']
--- static fallback path ---
112:// the static events STORE as source=static rows. Path: env NOFX_CALENDAR_STATIC,
113:// else ./calendar_static_t1.json (repo-shipped template). Shape: JSON array of
117:	path := os.Getenv("NOFX_CALENDAR_STATIC")
119:		path = "calendar_static_t1.json"
