top keys: ['as_of_ms', 'as_of_utc', 'built_at_ms', 'by', 'counterfactual_e8', 'era_0b_start', 'excluded', 'min_n', 'promotion_rule', 'rows']
as_of_ms: 1788445245677
as_of_utc: "2026-09-03T14:20:45Z"
built_at_ms: 1788620494397
by: "condition"
counterfactual_e8:
  [0] {"key": {"session": "ASIA"}, "rule": "touch", "n": 7, "usable_n": 0, "wins": 0, "losses": 0, "sum_net_pnl": null, "mean": null, "excluded_price_scale": 0, "excluded_zero_pnl": 7, "counterfactual": true, "short_suspect": 
  [1] {"key": {"session": "LONDON"}, "rule": "touch", "n": 5, "usable_n": 0, "wins": 0, "losses": 0, "sum_net_pnl": null, "mean": null, "excluded_price_scale": 0, "excluded_zero_pnl": 5, "counterfactual": true, "short_suspect"
  [2] {"key": {"session": "NY"}, "rule": "1x5m_close", "n": 18, "usable_n": 0, "wins": 0, "losses": 0, "sum_net_pnl": null, "mean": null, "excluded_price_scale": 0, "excluded_zero_pnl": 18, "counterfactual": true, "short_suspe
  [3] {"key": {"condition": "reclaim", "session": "NY"}, "rule": "1m_mss", "n": 4, "usable_n": 3, "wins": 0, "losses": 0, "sum_net_pnl": -25.459999999999127, "mean": -8.486666666666375, "excluded_price_scale": 0, "excluded_zer
  [4] {"key": {"condition": "reject", "session": "ASIA"}, "rule": "1x5m_close", "n": 48, "usable_n": 15, "wins": 0, "losses": 0, "sum_net_pnl": -63.919999999998254, "mean": -4.261333333333217, "excluded_price_scale": 9, "exclu
  [5] {"key": {"condition": "reject", "session": "LONDON"}, "rule": "1x5m_close", "n": 39, "usable_n": 14, "wins": 0, "losses": 0, "sum_net_pnl": -445.61999999999534, "mean": -31.829999999999668, "excluded_price_scale": 6, "ex
  [6] {"key": {"condition": "reject", "session": "NY"}, "rule": "1x5m_close", "n": 86, "usable_n": 18, "wins": 0, "losses": 0, "sum_net_pnl": -206.20000000000437, "mean": -11.455555555555797, "excluded_price_scale": 20, "exclu
  [7] {"key": {"condition": "sweep_reclaim", "session": "LONDON"}, "rule": "1x5m_close", "n": 4, "usable_n": 3, "wins": 0, "losses": 0, "sum_net_pnl": -20.5, "mean": -6.833333333333333, "excluded_price_scale": 0, "excluded_zer
  [8] {"key": {"condition": "sweep_reclaim", "session": "NY"}, "rule": "1m_mss", "n": 12, "usable_n": 10, "wins": 0, "losses": 0, "sum_net_pnl": -154.05999999999767, "mean": -15.405999999999768, "excluded_price_scale": 0, "exc
era_0b_start: "2026-09-02T12:49:06Z"
excluded:
  unresolved_pnl: 3
  unresolvable: 7
  test_seam: 3
  no_condition: 0
  crypto_era: 0
min_n: 30
promotion_rule: "n >= min_n AND mean > 0 AND the 95% interval on the mean excludes 0"
rows:
  [0] {"key": {"condition": "acceptance"}, "n": 6, "wins": 1, "losses": 4, "flats": 1, "sum_pnl_corrected": 4.571428000002925, "mean": 0.7619046666671542, "sd": 155.41836675092955, "win_rate": 0.16666666666666666, "wilson_lo":
  [1] {"key": {"condition": "breakout_retest"}, "n": 9, "wins": 1, "losses": 8, "flats": 0, "sum_pnl_corrected": -581.5, "mean": -64.61111111111111, "sd": 57.59545217385754, "win_rate": 0.1111111111111111, "wilson_lo": 0.01989
  [2] {"key": {"condition": "hold"}, "n": 1, "wins": 1, "losses": 0, "flats": 0, "sum_pnl_corrected": 168, "mean": 168, "sd": 0, "win_rate": 1, "wilson_lo": 0.2065432914738929, "wilson_hi": 1, "mean_lo": 168, "mean_hi": 168, "
  [3] {"key": {"condition": "reclaim"}, "n": 5, "wins": 0, "losses": 5, "flats": 0, "sum_pnl_corrected": -436.5, "mean": -87.3, "sd": 39.42334333868704, "win_rate": 0, "wilson_lo": 0, "wilson_hi": 0.4344914947520811, "mean_lo"
  [4] {"key": {"condition": "reject"}, "n": 31, "wins": 14, "losses": 16, "flats": 1, "sum_pnl_corrected": 586, "mean": 18.903225806451612, "sd": 105.56241592495871, "win_rate": 0.45161290322580644, "wilson_lo": 0.291614828365
  [5] {"key": {"condition": "sweep_reclaim"}, "n": 6, "wins": 1, "losses": 5, "flats": 0, "sum_pnl_corrected": -207, "mean": -34.5, "sd": 64.70703207534712, "win_rate": 0.16666666666666666, "wilson_lo": 0.030052585871730264, "

=== by=session ===
rows [{"key": {"session": "ASIA"}, "n": 16, "wins": 2, "losses": 13, "flats": 1, "sum_pnl_corrected": -552.4285719999971, "mean": -34.52678574999982, "sd": 53.262396780678536, "win_rate": 0.125, "wilson_lo": 0.034976749337057134, "wilson_hi": 0.3602333143674828, "mean_lo": -60.6253601725323, "mean_hi": -8.428211327467334, "t_stat": -2.592957721536463, "avg_realized_r": null, "avg_planned_rr": 2.120533587422344, "median_mae": null, "median_mfe": null, "stop_hit_share": null, "target_hit_share": null, "excluded_unresolved": 0, "row_ids": [525, 526, 527, 533, 534, 535, 536, 537, 538, 550, 551, 552, 553, 561, 567, 587], "descriptive_only": true, "status": "NOT ENOUGH DATA"}, {"key": {"session": "LONDON"}, "n": 21, "wins": 7, "losses": 14, "flats": 0, "sum_pnl_corrected": 24, "mean": 1.1428571428571428, "sd": 102.56901857495065, "win_rate": 0.3333333333333333, "wilson_lo": 0.17194536432683694, "wilson_hi": 0.5462692434278971, "mean_lo": -42.726636737666865, "mean_hi": 45.01235102338116, "t_stat": 0.05106053892713028, "avg_realized_r": null, "avg_planned_rr": 2.270563427800215, "median_mae": null, "median_mfe": null, "stop_hit_share": null, "target_hit_share": null, "excluded_unresolved": 0, "row_ids": [521, 522, 528, 529, 540, 541, 554, 555, 556, 557, 558, 562, 563, 564, 565, 568, 581, 582, 583, 584, 588], "descriptive_only": true, "status": "NOT ENOUGH DATA"}, {"key": {"session": "NY"}, "n": 21, "wins": 9, "losses": 11, "flats": 1, "sum_pnl_corrected": 62, "mean": 2.9523809523809526, 
by "session"
{'as_of_ms': 1788445245677, 'as_of_utc': '2026-09-03T14:20:45Z', 'built_at_ms': 1788620494407, 'by': 'session', 'counterfactual_e8': '...', 'era_0b_start': '2026-09-02T12:49:06Z', 'excluded': '...', 'min_n': 30, 'promotion_rule': 'n >= min_n AND mean > 0 AND the 95% interval on the mean excludes 0', 'rows': '...'}
