🩺 settings truth [(empty id)] bound=0 · consecutive_loss_halt stored=absent before=8 after=8[I] · replan_cap stored=2 before=2/2/2/2 after=2[O]/2[O]/2[O]/2[O] (strategy/NY/ASIA/LONDON) · UNCHANGED
🩺 settings truth [0362594e-77e6-4c5f-a350-5c3738529d28] bound=0 · consecutive_loss_halt stored=absent before=8 after=8[I] · replan_cap stored=2 before=2/2/2/2 after=2[O]/2[O]/2[O]/2[O] (strategy/NY/ASIA/LONDON) · UNCHANGED
🩺 settings truth [08539e82-6ba5-417d-8afe-6077ace29ea0] bound=0 · consecutive_loss_halt stored=absent before=8 after=8[I] · replan_cap stored=2 before=2/2/2/2 after=2[O]/2[O]/2[O]/2[O] (strategy/NY/ASIA/LONDON) · UNCHANGED
🩺 settings truth [4104ca0a-cd27-4206-af79-e04375290b3e] bound=0 · consecutive_loss_halt stored=absent before=8 after=8[I] · replan_cap stored=2 before=2/2/2/2 after=2[O]/2[O]/2[O]/2[O] (strategy/NY/ASIA/LONDON) · UNCHANGED
🩺 settings truth [578ac8f6-2c16-4b0e-b7af-bca6e5413597] bound=0 · consecutive_loss_halt stored=absent before=8 after=8[I] · replan_cap stored=2 before=2/2/2/2 after=2[O]/2[O]/2[O]/2[O] (strategy/NY/ASIA/LONDON) · UNCHANGED
🩺 settings truth [70695b25-01a3-4c38-9917-261260b49550] bound=0 · consecutive_loss_halt stored=2 before=2 after=2[O] · replan_cap stored=2 before=2/2/2/2 after=2[O]/2[O]/2[O]/2[O] (strategy/NY/ASIA/LONDON) · UNCHANGED
🩺 settings truth [82b3d482-e018-46cc-984d-122d6f6ddf7e] bound=0 · consecutive_loss_halt stored=absent before=8 after=8[I] · replan_cap stored=2 before=2/2/2/2 after=2[O]/2[O]/2[O]/2[O] (strategy/NY/ASIA/LONDON) · UNCHANGED
🩺 settings truth [a5b7662e-7bf7-49bb-9f09-7efa48f95ac8] bound=1 · consecutive_loss_halt stored=absent before=8 after=8[I] · replan_cap stored=4 before=4/4/4/4 after=4[O]/4[O]/4[O]/4[O] (strategy/NY/ASIA/LONDON) · UNCHANGED
🩺 settings truth [a79ba71f-cd7b-4fbb-8dd7-b85b3049d194] bound=0 · consecutive_loss_halt stored=absent before=8 after=8[I] · replan_cap stored=2 before=2/2/2/2 after=2[O]/2[O]/2[O]/2[O] (strategy/NY/ASIA/LONDON) · UNCHANGED
🩺 settings truth [syn-breaker-0-flat] bound=1 · consecutive_loss_halt stored=0 [risk_control (legacy flat)] before=8 after=off[O] · replan_cap stored=absent before=2/2/2/2 after=2[I]/2[I]/2[I]/2[I] (strategy/NY/ASIA/LONDON) · CHANGED — refused: strategy syn-breaker-0-flat stores consecutive_loss_halt=0 from before W1 — it meant 'inherit' then (breaker 8) and 'OFF' now; re-save the strategy in the Studio (its breaker shows OFF there) to confirm OFF, or turn the breaker ON to inherit
🩺 settings truth [syn-breaker-0-nested] bound=1 · consecutive_loss_halt stored=0 before=8 after=off[O] · replan_cap stored=absent before=2/2/2/2 after=2[I]/2[I]/2[I]/2[I] (strategy/NY/ASIA/LONDON) · CHANGED — refused: strategy syn-breaker-0-nested stores consecutive_loss_halt=0 from before W1 — it meant 'inherit' then (breaker 8) and 'OFF' now; re-save the strategy in the Studio (its breaker shows OFF there) to confirm OFF, or turn the breaker ON to inherit
🩺 settings truth [syn-breaker-0-nested-confirmed] bound=1 · consecutive_loss_halt stored=0 before=8 after=off[O] · replan_cap stored=absent before=2/2/2/2 after=2[I]/2[I]/2[I]/2[I] (strategy/NY/ASIA/LONDON) · CHANGED — confirmed by a W1 save
🩺 settings truth [syn-breaker-null] bound=0 · consecutive_loss_halt stored=null before=8 after=8[I] · replan_cap stored=absent before=2/2/2/2 after=2[I]/2[I]/2[I]/2[I] (strategy/NY/ASIA/LONDON) · UNCHANGED
🩺 settings truth [syn-replan-0-session-only] bound=0 · consecutive_loss_halt stored=absent before=8 after=8[I] · replan_cap stored=4 before=4/4/0/4 after=4[O]/4[O]/0[O]/4[O] (strategy/NY/ASIA/LONDON) · UNCHANGED
🩺 settings truth [syn-replan-0-strategy] bound=1 · consecutive_loss_halt stored=absent before=8 after=8[I] · replan_cap stored=0 before=2/3/2/2 after=0[O]/3[O]/0[O]/0[O] (strategy/NY/ASIA/LONDON) · CHANGED — refused: strategy syn-replan-0-strategy stores day_plan.replan_cap=0 from before W1 — it meant 'default 2' then (2/3/2/2) and '0 re-plans' now; re-save the strategy in the Studio to confirm 0, or clear the cap to inherit 2
🩺 settings truth (W1): 15 strategies · BREAKER_HALT_N=unset · rows changed=4 · refused=3
