ERA bound CT: 2026-08-15 00:00:00  END bound CT: 2026-09-05 00:00:00

==== REPORT P65 ====
 n=65  W=21 L=42 scratch=2
 sum=-563.9286  mean=-8.675824  avgWin=114.6667  avgLoss=-70.7602  payoff=1.6205
 win rate ex-scratch: (21, 63, 33.33, [22.95, 45.63])
 ids: [521, 522, 523, 524, 525, 526, 527, 528, 529, 530, 531, 532, 533, 534, 535, 536, 537, 538, 539, 540, 541, 542, 543, 544, 545, 546, 547, 548, 549, 550, 551, 552, 553, 554, 555, 556, 557, 558, 559, 560, 561, 562, 563, 564, 565, 566, 567, 568, 569, 570, 571, 575, 578, 580, 581, 582, 583, 584, 585, 586, 587, 588, 589, 590, 591]
 winner ids: [521, 523, 524, 529, 530, 532, 536, 538, 549, 555, 557, 560, 566, 569, 570, 575, 578, 580, 581, 582, 584]
 scratch ids: [542, 551]
  winners mae n=20  p50/p80/p95={0.5: 10.875, 0.8: 18.3, 0.95: 44.638}  (missing ids=[566])
  winners mfe n=20  p50/p80/p95={0.5: 67.75, 0.8: 86.6, 0.95: 138.463}  (missing ids=[566])
  losers mae n=42  p50/p80/p95={0.5: 40.375, 0.8: 50.8, 0.95: 75.0}  (missing ids=[])
  losers mfe n=42  p50/p80/p95={0.5: 16.625, 0.8: 28.4, 0.95: 47.775}  (missing ids=[])
  mae==0 rows: [(569, 'reconcile', 63.0), (580, 'reconcile', 39.5), (584, 'reconcile', 106.0)]
  CME session-days=12  CT calendar dates=14

==== COMPLIANT P58 ====
 n=58  W=18 L=38 scratch=2
 sum=-466.4286  mean=-8.041872  avgWin=125.4722  avgLoss=-71.7086  payoff=1.7498
 win rate ex-scratch: (18, 56, 32.14, [21.4, 45.18])
 ids: [521, 522, 523, 524, 525, 526, 527, 528, 529, 531, 532, 533, 534, 535, 536, 537, 538, 540, 541, 542, 543, 544, 547, 548, 549, 550, 551, 552, 553, 554, 555, 556, 557, 558, 559, 560, 561, 562, 563, 564, 565, 567, 568, 569, 570, 575, 578, 581, 582, 583, 584, 585, 586, 587, 588, 589, 590, 591]
 winner ids: [521, 523, 524, 529, 532, 536, 538, 549, 555, 557, 560, 569, 570, 575, 578, 581, 582, 584]
 scratch ids: [542, 551]
  winners mae n=18  p50/p80/p95={0.5: 11.375, 0.8: 20.4, 0.95: 46.412}  (missing ids=[])
  winners mfe n=18  p50/p80/p95={0.5: 70.25, 0.8: 88.8, 0.95: 140.387}  (missing ids=[])
  losers mae n=38  p50/p80/p95={0.5: 40.375, 0.8: 50.75, 0.95: 75.825}  (missing ids=[])
  losers mfe n=38  p50/p80/p95={0.5: 16.875, 0.8: 28.3, 0.95: 49.5}  (missing ids=[])
  mae==0 rows: [(569, 'reconcile', 63.0), (584, 'reconcile', 106.0)]
  CME session-days=12  CT calendar dates=12
