=== touch_episodes penetration_pts, session_day >= 2026-08-15 ===
 n=1315  p50/p80/p90/p95 = {0.5: 5.0, 0.8: 19.75, 0.9: 30.0, 0.95: 38.325}
   within 0.25 pts: (434, 1315, 33.0, [30.51, 35.59])
   within 0.50 pts: (449, 1315, 34.14, [31.63, 36.75])
   within 1.00 pts: (485, 1315, 36.88, [34.32, 39.52])
   within 2.00 pts: (535, 1315, 40.68, [38.06, 43.36])
   within 2.50 pts: (558, 1315, 42.43, [39.79, 45.12])
   within 5.00 pts: (660, 1315, 50.19, [47.49, 52.89])
 all-time n=1315 p50/p80/p95={0.5: 5.0, 0.8: 19.75, 0.9: 30.0, 0.95: 38.325}

=== wick vs body penetration (era) ===
  wick_pen_pts n=1315 p50/p80/p95={0.5: 5.0, 0.8: 19.75, 0.9: 30.0, 0.95: 38.325}
  body_pen_pts n=1315 p50/p80/p95={0.5: 0.0, 0.8: 13.5, 0.9: 23.25, 0.95: 31.75}

=== held-touch join (touch_episodes x touch_outcomes, +/-0.01 px, +/-10min) ===
  joined n=89
   ambiguous_horizon  n=11 p50/p80={0.5: 2.5, 0.8: 9.75} within1.0: (5, 11, 45.45, [21.27, 71.99])
   break              n=32 p50/p80={0.5: 25.25, 0.8: 29.5} within1.0: (4, 32, 12.5, [4.97, 28.07])
   hold               n=46 p50/p80={0.5: 2.375, 0.8: 22.25} within1.0: (20, 46, 43.48, [30.21, 57.75])

=== RTH 10-min volume buckets, MNQ 1m, Mon-Fri, >=2026-08-19 ===
  RTH buckets=39  median avg-vol=2886.2
   08:30 n=120 avgvol= 13380.76 avgrange=38.2396  rank 1/39  x median=4.64
   11:50 n=130 avgvol=  2389.48 avgrange=10.6058  rank 28/39  x median=0.83
   12:30 n=120 avgvol=  2125.36 avgrange=9.9875  rank 34/39  x median=0.74
   13:20 n=120 avgvol=  2137.63 avgrange=9.3042  rank 33/39  x median=0.74
   14:10 n=120 avgvol=  1951.07 avgrange=8.7271  rank 37/39  x median=0.68
   14:20 n=120 avgvol=  1868.63 avgrange=8.9062  rank 39/39  x median=0.65
   14:30 n=120 avgvol=  2178.06 avgrange=9.5667  rank 32/39  x median=0.75
   14:40 n=120 avgvol=  2393.66 avgrange=9.9104  rank 27/39  x median=0.83
   14:50 n=120 avgvol=  5083.93 avgrange=16.7604  rank 10/39  x median=1.76
