scope     n    pnl_null
--------  ---  --------
ALL-TIME  587  357     
scope       n    pnl_null  has_plan  has_scn  has_mae  has_mfe
----------  ---  --------  --------  -------  -------  -------
ERA>=08-15  587  357       587       587      70       70     
source           n    pnl_null  sum_pnl 
---------------  ---  --------  --------
armed_entry      5    3         52.0    
e7_farside_test  3    1         5.0     
reconcile        12   0         134.5   
system           567  353       -3786.27
plan_session  n    pnl_null  sum_pnl 
------------  ---  --------  --------
              525  353       -3128.34
ASIA          16   0         -552.43 
LONDON        21   0         24.0    
NY            24   3         62.0    
TEST-E7       1    1                 
side   n    sum_pnl 
-----  ---  --------
LONG   278  -3607.59
SHORT  303  7.82    
long   1            
short  2            
close_reason    n    sum_pnl 
--------------  ---  --------
sync            518  -3599.77
reconcile_flat  62   0.0     
unresolved      4            
trader_id                                                     account      n    MIN(id)  MAX(id)  ROUND(SUM(pnl_corrected),2)
------------------------------------------------------------  -----------  ---  -------  -------  ---------------------------
1ef40f05_8ef641a7-815c-4bb5-9798-b070b67d7998_deepseek_17799  Sim101       98   1        133                                 
09574                                                                                                                        

8d5c8af5_396db319-d3fe-4d63-9b97-516ff0008f53_deepseek_0751c  Sim101       39   387      499      -1630.54                   
0b6_1786221895                                                                                                               

8d5c8af5_396db319-d3fe-4d63-9b97-516ff0008f53_deepseek_0751c  SimAccount1  59   382      519      -1133.05                   
0b6_1786221895                                                                                                               

8d5c8af5_8ef641a7-815c-4bb5-9798-b070b67d7998_deepseek_17804  Sim101       36   63       134                                 
49920                                                                                                                        

8d5c8af5_8ef641a7-815c-4bb5-9798-b070b67d7998_deepseek_17806  Sim101       31   135      165                                 
10846                                                                                                                        

8d5c8af5_8ef641a7-815c-4bb5-9798-b070b67d7998_deepseek_17809  Sim101       7    166      172                                 
22981                                                                                                                        

8d5c8af5_8ef641a7-815c-4bb5-9798-b070b67d7998_deepseek_17809  Sim101       19   173      191                                 
66236                                                                                                                        

8d5c8af5_8ef641a7-815c-4bb5-9798-b070b67d7998_deepseek_17810  Sim101       9    192      200                                 
45441                                                                                                                        

8d5c8af5_8ef641a7-815c-4bb5-9798-b070b67d7998_deepseek_17810  Sim101       19   201      219                                 
68485                                                                                                                        

8d5c8af5_8ef641a7-815c-4bb5-9798-b070b67d7998_deepseek_17811  Sim101       16   220      235                                 
42236                                                                                                                        

8d5c8af5_8ef641a7-815c-4bb5-9798-b070b67d7998_deepseek_17812  Sim101       1    236      236                                 
45847                                                                                                                        

8d5c8af5_8ef641a7-815c-4bb5-9798-b070b67d7998_deepseek_17812  Sim101       235  237      591      -212.18                    
46265                                                                                                                        

8d5c8af5_8ef641a7-815c-4bb5-9798-b070b67d7998_deepseek_17812  SimAccount1  16   383      489      -547.0                     
46265                                                                                                                        

8d5c8af5_8ef641a7-815c-4bb5-9798-b070b67d7998_deepseek_17861  Sim101       2    378      380      -72.0                      
12721                                                                                                                        
d           n   pnl     
----------  --  --------
2026-05-31  8           
2026-06-01  32          
2026-06-02  26          
2026-06-03  39          
2026-06-04  35          
2026-06-05  14          
2026-06-07  7           
2026-06-08  11          
2026-06-09  28          
2026-06-10  20          
2026-06-11  15          
2026-06-12  17          
2026-06-24  7           
2026-06-25  19          
2026-06-26  9           
2026-06-28  9   -169.5  
2026-06-29  18          
2026-06-30  18          
2026-07-01  2           
2026-08-02  2           
2026-08-03  7           
2026-08-04  8           
2026-08-05  8   101.0   
2026-08-06  13  68.25   
2026-08-07  9   248.5   
2026-08-09  11  -12.95  
2026-08-10  71  -3200.04
2026-08-11  37  398.5   
2026-08-12  9   -388.6  
2026-08-13  7   -81.0   
2026-08-19  7   268.57  
2026-08-20  9   219.5   
2026-08-21  8   -464.5  
2026-08-23  1   -29.5   
2026-08-24  8   -232.0  
2026-08-25  8   40.5    
2026-08-26  2   -148.0  
2026-08-27  3   -34.5   
2026-08-28  4   6.0     
2026-08-30  4   -39.5   
2026-08-31  6   164.0   
2026-09-01  6   212.0   
2026-09-02  4   -381.5  
2026-09-03  1   -140.0  
