rows_  distinct_touch  plan_versions  plans  sessions  traders
-----  --------------  -------------  -----  --------  -------
677    423             12             3      3         1      
level_kind  level_price       n    d_open  d_ver  d_out  first_open           last_open          
----------  ----------------  ---  ------  -----  -----  -------------------  -------------------
RTH-L       29199.25          140  14      6      3      2026-09-02 22:10:00  2026-09-03 08:36:00
DEMAND      29144.5           94   9       6      3      2026-09-03 00:14:00  2026-09-03 07:26:00
DEMAND      29278.0           45   9       4      2      2026-09-03 03:04:00  2026-09-03 09:56:00
VWAP        29526.3835293929  22   22      1      3      2026-09-03 10:29:00  2026-09-04 10:08:00
POC         29530.634375      20   20      1      3      2026-09-03 10:29:00  2026-09-04 11:08:00
VWAP        29533.9388650549  19   19      1      3      2026-09-03 10:29:00  2026-09-04 10:12:00
VWAP        29509.0895768923  17   17      1      3      2026-09-03 10:26:00  2026-09-03 19:01:00
VWAP        29532.6397294872  17   17      1      3      2026-09-03 10:29:00  2026-09-04 08:06:00
VWAP        29530.9282153498  16   16      1      3      2026-09-03 10:29:00  2026-09-04 08:10:00
OR-H        29635.0           15   15      2      3      2026-09-04 00:18:00  2026-09-04 09:14:00
VWAP        29517.3548407485  15   15      1      3      2026-09-03 10:27:00  2026-09-03 20:16:00
VWAP        29533.0396037896  15   15      1      3      2026-09-03 10:29:00  2026-09-04 07:50:00
VWAP        29545.1064656926  15   15      1      3      2026-09-03 11:58:00  2026-09-04 09:42:00
VWAP        29579.5616880967  15   15      1      2      2026-09-03 13:15:00  2026-09-04 11:47:00
SUPPLY      29657.375         14   14      1      3      2026-09-04 02:47:00  2026-09-04 07:29:00
SWG-H       29513.0           14   14      1      3      2026-09-03 10:26:00  2026-09-03 19:05:00
VWAP        29652.4618394849  14   14      1      3      2026-09-04 02:46:00  2026-09-04 09:14:00
OR-L        29553.75          12   12      3      3      2026-09-03 13:00:00  2026-09-04 11:20:00
PDC         29597.25          12   12      5      3      2026-09-03 23:31:00  2026-09-04 09:29:00
RTH-H       29585.0           12   12      4      3      2026-09-03 13:15:00  2026-09-04 11:49:00
level_kind  hold  brk  amb  n  
----------  ----  ---  ---  ---
VWAP        82    50   67   199
SWG-H       9     6    14   29 
SUPPLY      7     7    8    22 
OR-H        9     9    4    22 
POC         9     5    6    20 
DEMAND      8     9    1    18 
SWG-L       4     4    8    16 
RTH-L       4     8    2    14 
RTH-H       7     3    2    12 
PDC         5     6    1    12 
OR-L        4     4    4    12 
OB          5     2    4    11 
eVWAP       1     4    5    10 
PDH         4     5    1    10 
VWAP±2σ     2     2    0    4  
ONL         3     1    0    4  
ONH         3     0    0    3  
PDL         2     0    0    2  
EQL         2     0    0    2  
FVG         0     1    0    1  
plan_id                                                       plan_version  session  COUNT(*)
------------------------------------------------------------  ------------  -------  --------
2026-09-03:ASIA:8d5c8af5_8ef641a7-815c-4bb5-9798-b070b67d799  5             ASIA     52      
8_deepseek_1781246265                                                                        

2026-09-03:ASIA:8d5c8af5_8ef641a7-815c-4bb5-9798-b070b67d799  6             ASIA     29      
8_deepseek_1781246265                                                                        

2026-09-04:LONDON:8d5c8af5_8ef641a7-815c-4bb5-9798-b070b67d7  0             LONDON   22      
998_deepseek_1781246265                                                                      

2026-09-04:LONDON:8d5c8af5_8ef641a7-815c-4bb5-9798-b070b67d7  1             LONDON   32      
998_deepseek_1781246265                                                                      

2026-09-04:LONDON:8d5c8af5_8ef641a7-815c-4bb5-9798-b070b67d7  2             LONDON   60      
998_deepseek_1781246265                                                                      

2026-09-04:LONDON:8d5c8af5_8ef641a7-815c-4bb5-9798-b070b67d7  3             LONDON   49      
998_deepseek_1781246265                                                                      

2026-09-04:NY:8d5c8af5_8ef641a7-815c-4bb5-9798-b070b67d7998_  0             NY       49      
deepseek_1781246265                                                                          

2026-09-04:NY:8d5c8af5_8ef641a7-815c-4bb5-9798-b070b67d7998_  1             NY       66      
deepseek_1781246265                                                                          

2026-09-04:NY:8d5c8af5_8ef641a7-815c-4bb5-9798-b070b67d7998_  2             NY       65      
deepseek_1781246265                                                                          

2026-09-04:NY:8d5c8af5_8ef641a7-815c-4bb5-9798-b070b67d7998_  3             NY       176     
deepseek_1781246265                                                                          

2026-09-04:NY:8d5c8af5_8ef641a7-815c-4bb5-9798-b070b67d7998_  4             NY       40      
deepseek_1781246265                                                                          

2026-09-04:NY:8d5c8af5_8ef641a7-815c-4bb5-9798-b070b67d7998_  5             NY       37      
deepseek_1781246265                                                                          
candidate_seated  COUNT(*)
----------------  --------
1                 677     
