d           cycles  open_long  open_short  wait_hold  closes  eg_refusals  refused_any  risk_fail  exec_ok
----------  ------  ---------  ----------  ---------  ------  -----------  -----------  ---------  -------
2026-08-16  110     0          0           110        0       0            0            110        0      
2026-08-17  583     1          0           581        172     0            0            214        0      
2026-08-18  410     1          6           259        173     0            6            165        0      
2026-08-19  441     1          13          335        271     0            3            134        0      
2026-08-20  685     1          12          341        240     0            4            352        0      
2026-08-21  477     2          11          242        167     0            3            236        0      
2026-08-23  175     1          1           169        48      0            0            17         0      
2026-08-24  637     1          10          496        289     0            2            174        0      
2026-08-25  631     9          2           482        349     0            0            170        0      
2026-08-26  603     2          5           473        330     0            1            179        0      
2026-08-27  602     0          4           585        397     0            1            28         0      
2026-08-28  472     2          2           404        271     0            0            75         0      
2026-08-30  186     0          0           155        131     0            0            35         0      
2026-08-31  496     1          1           463        131     0            0            39         0      
2026-09-01  694     1          2           640        228     0            0            60         0      
2026-09-02  682     6          6           623        285     5            6            70         0      
2026-09-03  596     2          15          574        360     14           14           33         0      
2026-09-04  374     1          1           370        197     0            0            8          0      
execution_status  COUNT(*)
----------------  --------
                  7313    
guardrail_skip    325     
watch             1216    
cycle_type  cycle_trigger  COUNT(*)
----------  -------------  --------
                           6515    
            stale_dodge    1060    
watch                      878     
watch       stale_dodge    335     
            post_exit      63      
watch       post_exit      3       
error_class     COUNT(*)
--------------  --------
                8805    
ai_payment_402  36      
ai_call_failed  13      
