id   pv  ordinal  k    band   horizon  exit_on  outcome  bars_to_exit  mfe_pts  mae_pts  opened               created            
---  --  -------  ---  -----  -------  -------  -------  ------------  -------  -------  -------------------  -------------------
172  2   1        3.0  13.03  12       close    break    8             29.5     -3.75    2026-09-02 22:10:00  2026-09-04 12:45:01
221  0   1        3.0  13.16  12       close    break    8             29.5     -3.75    2026-09-02 22:10:00  2026-09-04 13:00:38
270  3   1        3.0  13.26  12       close    break    8             29.5     -3.75    2026-09-02 22:10:00  2026-09-04 13:17:32
COUNT(*)
--------
370     
level_kind  hold  brk  amb  n    hold_rate
----------  ----  ---  ---  ---  ---------
VWAP        54    36   56   146  0.6      
SWG-H       9     6    14   29   0.6      
SUPPLY      7     7    8    22   0.5      
OR-H        9     9    4    22   0.5      
POC         9     5    6    20   0.643    
DEMAND      8     9    1    18   0.471    
SWG-L       4     4    8    16   0.5      
RTH-L       4     8    2    14   0.333    
RTH-H       7     3    2    12   0.7      
PDC         5     6    1    12   0.455    
OR-L        4     4    4    12   0.5      
OB          5     2    4    11   0.714    
eVWAP       1     4    5    10   0.2      
PDH         4     5    1    10   0.444    
VWAP±2σ     2     2    0    4    0.5      
ONL         3     1    0    4    0.75     
ONH         3     0    0    3    1.0      
PDL         2     0    0    2    1.0      
EQL         2     0    0    2    1.0      
FVG         0     1    0    1    0.0      
'conflicting outcomes per (kind,opened)'  COUNT(*)
----------------------------------------  --------
conflicting outcomes per (kind,opened)    370     
