level_kind  n    seated  avg_score  seated_score  versions
----------  ---  ------  ---------  ------------  --------
DEMAND      59   22      0.63       1.7           12      
ONH         15   15      1.36       1.36          12      
ONL         15   15      1.22       1.22          12      
PDC         15   15      1.15       1.15          12      
PDH         15   15      1.02       1.02          12      
VWAP        15   15      1.44       1.44          11      
RTH-H       15   13      0.73       0.84          12      
RTH-L       11   11      1.45       1.45          8       
OB          117  8       0.11       1.58          12      
OR-H        8    8       0.7        0.7           5       
OR-L        8    8       0.77       0.77          5       
PDL         8    8       1.92       1.92          6       
SWG-H       6    6       1.36       1.36          3       
SUPPLY      23   5       0.36       1.67          12      
SWG-L       7    5       0.97       1.36          4       
VWAP±2σ     5    4       1.09       1.36          4       
FVG         8    2       0.39       1.56          5       
eVWAP       2    2       1.36       1.36          2       
EQL         2    1       0.67       1.34          2       
POC         1    1       1.44       1.44          1       
EQH         4    0       0.0                      3       
pdVWAP      1    0       0.0                      1       
MIN(created_at)                      MAX(created_at)                      COUNT(DISTINCT plan_id)
-----------------------------------  -----------------------------------  -----------------------
2026-09-04 05:30:54.846481213+00:00  2026-09-04 17:01:01.821976443+00:00  3                      
