=== RUN   TestStructuralStopF1F2ProductionArmCycle
09-12 19:26:51 [INFO] store/store.go:89 ✅ Database initialized (GORM, SQLite)
09-12 19:26:51 [WARN] trader/auto_trader.go:49 [trader_id=trader-1] 📅 calendar FAIL-CLOSED: no slice for 2026-09-12 — using the static T1 fallback (0 window(s)) instead of zero protection
09-12 19:26:51 [WARN] trader/auto_trader.go:49 [trader_id=trader-1] 🛡 boot sweep DEFERRED (class 33): NT8 link not ready — pre-boot arms are UNVERIFIED this cycle; retrying next cycle
09-12 19:26:51 [INFO] trader/auto_trader.go:44 [trader_id=trader-1] 🔬 conditions: live [acceptance, breakdown_continue, breakup_continue, hold, reclaim, reject, sweep_reclaim] · shadow [breakout_retest, fvg_entry] (per-trader resolved, 0C shadow demotion)
09-12 19:26:51 [WARN] trader/auto_trader.go:49 [trader_id=trader-1] 📅 calendar FAIL-CLOSED: no slice for 2026-09-12 — using the static T1 fallback (0 window(s)) instead of zero protection
09-12 19:26:51 [WARN] trader/auto_trader.go:49 [trader_id=trader-1] 🕰 clock-hold: T1 no-trade windows widened by |drift| 51536ms for 2026-09-12 ASIA (F6)
09-12 19:26:51 [INFO] trader/auto_trader.go:44 [trader_id=trader-1] 🎯 stop/target composition {"trader_id":"trader-1","plan_id":"2026-09-12:ASIA:trader-1","version":1,"scenario":"S1","leg":1,"time_ms":1789259211533,"symbol":"MNQ","side":"long","entry":29010,"stop":28995,"target":29120,"zone_lo":29000,"zone_hi":29010,"target_lo":29120,"target_hi":29124,"zone_names":["PDL"],"target_names":["ONH"],"buffer":5,"buffer_source":"day_plan.structural_stop.buffer_points","calibration":"owner_override[I]","percentile":95,"stop_source":"zone_edge","risk_points":15,"gain_points":110,"net_gain_points":108,"loss_usd":34,"risk_cap_usd":10000,"quantity":0,"reason":"pending_gates","detail":"geometry_pass risk=15.0000 gain=110.0000 net=108.0000 one_contract_loss=34.0000 cap=10000.0000"}
09-12 19:26:51 [WARN] kernel/htf_veto.go:106 🛡️ HTF veto SKIPPED — no 1h structure snapshot this cycle (detector unavailable); entry proceeds (fail-open).
09-12 19:26:51 [WARN] trader/auto_trader.go:49 [trader_id=trader-1] 🛡 entry_gate: invalidation check unavailable for S1 — leg PASSED (no verdict is not a refusal)
09-12 19:26:51 [INFO] trader/auto_trader.go:44 [trader_id=trader-1] 🚫 no-chase: arm S1 has no recorded touch — run stored NULL, judged on dist alone (0.00×ATR)
09-12 19:26:51 [INFO] trader/auto_trader.go:44 [trader_id=trader-1] 🎯 stop/target composition {"trader_id":"trader-1","plan_id":"2026-09-12:ASIA:trader-1","version":1,"scenario":"S1","leg":1,"time_ms":1789259211533,"symbol":"MNQ","side":"long","entry":29010,"stop":28995,"target":29120,"zone_lo":29000,"zone_hi":29010,"target_lo":29120,"target_hi":29124,"zone_names":["PDL"],"target_names":["ONH"],"buffer":5,"buffer_source":"day_plan.structural_stop.buffer_points","calibration":"owner_override[I]","percentile":95,"stop_source":"zone_edge","risk_points":15,"gain_points":110,"net_gain_points":108,"loss_usd":34,"risk_cap_usd":10000,"quantity":1,"reason":"admitted","detail":"geometry_pass risk=15.0000 gain=110.0000 net=108.0000 one_contract_loss=34.0000 cap=10000.0000"}
09-12 19:26:51 [INFO] trader/auto_trader.go:44 [trader_id=trader-1] ⚔️ armed ASIA S1 leg 1 long limit 29010.00 SL 28995.00 TP 29120.00 (tick-managed placement is Phase 2)
--- PASS: TestStructuralStopF1F2ProductionArmCycle (0.15s)
=== RUN   TestStructuralStopF1F2ShortProductionArmCycle
09-12 19:26:51 [INFO] store/store.go:89 ✅ Database initialized (GORM, SQLite)
09-12 19:26:51 [WARN] trader/auto_trader.go:49 [trader_id=trader-1] 📅 calendar FAIL-CLOSED: no slice for 2026-09-12 — using the static T1 fallback (0 window(s)) instead of zero protection
09-12 19:26:51 [WARN] trader/auto_trader.go:49 [trader_id=trader-1] 🛡 boot sweep DEFERRED (class 33): NT8 link not ready — pre-boot arms are UNVERIFIED this cycle; retrying next cycle
09-12 19:26:51 [WARN] trader/auto_trader.go:49 [trader_id=trader-1] 📅 calendar FAIL-CLOSED: no slice for 2026-09-12 — using the static T1 fallback (0 window(s)) instead of zero protection
09-12 19:26:51 [WARN] trader/auto_trader.go:49 [trader_id=trader-1] 🕰 clock-hold: T1 no-trade windows widened by |drift| 51672ms for 2026-09-12 ASIA (F6)
09-12 19:26:51 [INFO] trader/auto_trader.go:44 [trader_id=trader-1] 🎯 stop/target composition {"trader_id":"trader-1","plan_id":"2026-09-12:ASIA:trader-1","version":1,"scenario":"S1","leg":1,"time_ms":1789259211669,"symbol":"MNQ","side":"short","entry":29000,"stop":29015,"target":28890,"zone_lo":29000,"zone_hi":29010,"target_lo":28886,"target_hi":28890,"zone_names":["PDL"],"target_names":["ONH"],"buffer":5,"buffer_source":"day_plan.structural_stop.buffer_points","calibration":"owner_override[I]","percentile":95,"stop_source":"zone_edge","risk_points":15,"gain_points":110,"net_gain_points":108,"loss_usd":34,"risk_cap_usd":10000,"quantity":0,"reason":"pending_gates","detail":"geometry_pass risk=15.0000 gain=110.0000 net=108.0000 one_contract_loss=34.0000 cap=10000.0000"}
09-12 19:26:51 [WARN] kernel/htf_veto.go:106 🛡️ HTF veto SKIPPED — no 1h structure snapshot this cycle (detector unavailable); entry proceeds (fail-open).
09-12 19:26:51 [WARN] trader/auto_trader.go:49 [trader_id=trader-1] 🛡 entry_gate: invalidation check unavailable for S1 — leg PASSED (no verdict is not a refusal)
09-12 19:26:51 [INFO] trader/auto_trader.go:44 [trader_id=trader-1] 🚫 no-chase: arm S1 has no recorded touch — run stored NULL, judged on dist alone (0.00×ATR)
09-12 19:26:51 [INFO] trader/auto_trader.go:44 [trader_id=trader-1] 🎯 stop/target composition {"trader_id":"trader-1","plan_id":"2026-09-12:ASIA:trader-1","version":1,"scenario":"S1","leg":1,"time_ms":1789259211669,"symbol":"MNQ","side":"short","entry":29000,"stop":29015,"target":28890,"zone_lo":29000,"zone_hi":29010,"target_lo":28886,"target_hi":28890,"zone_names":["PDL"],"target_names":["ONH"],"buffer":5,"buffer_source":"day_plan.structural_stop.buffer_points","calibration":"owner_override[I]","percentile":95,"stop_source":"zone_edge","risk_points":15,"gain_points":110,"net_gain_points":108,"loss_usd":34,"risk_cap_usd":10000,"quantity":1,"reason":"admitted","detail":"geometry_pass risk=15.0000 gain=110.0000 net=108.0000 one_contract_loss=34.0000 cap=10000.0000"}
09-12 19:26:51 [INFO] trader/auto_trader.go:44 [trader_id=trader-1] ⚔️ armed ASIA S1 leg 1 short limit 29000.00 SL 29015.00 TP 28890.00 (tick-managed placement is Phase 2)
--- PASS: TestStructuralStopF1F2ShortProductionArmCycle (0.14s)
=== RUN   TestStructuralStopF5FirstTargetIsNeverSkipped
--- PASS: TestStructuralStopF5FirstTargetIsNeverSkipped (0.00s)
=== RUN   TestStructuralStopF3FallbackRefusesMissingProvenance
09-12 19:26:51 [INFO] store/store.go:89 ✅ Database initialized (GORM, SQLite)
09-12 19:26:51 [WARN] trader/auto_trader.go:49 [trader_id=trader-1] 📅 calendar FAIL-CLOSED: no slice for 2026-09-12 — using the static T1 fallback (0 window(s)) instead of zero protection
09-12 19:26:51 [WARN] trader/auto_trader.go:49 [trader_id=trader-1] 🛡 boot sweep DEFERRED (class 33): NT8 link not ready — pre-boot arms are UNVERIFIED this cycle; retrying next cycle
09-12 19:26:51 [WARN] trader/auto_trader.go:49 [trader_id=trader-1] 📅 calendar FAIL-CLOSED: no slice for 2026-09-12 — using the static T1 fallback (0 window(s)) instead of zero protection
09-12 19:26:51 [WARN] trader/auto_trader.go:49 [trader_id=trader-1] 🕰 clock-hold: T1 no-trade windows widened by |drift| 51813ms for 2026-09-12 ASIA (F6)
09-12 19:26:51 [INFO] trader/auto_trader.go:44 [trader_id=trader-1] 🎯 stop/target composition {"trader_id":"trader-1","plan_id":"2026-09-12:ASIA:trader-1","version":1,"scenario":"S1","leg":1,"time_ms":1789259211810,"symbol":"MNQ","side":"long","entry":29010,"stop":28980,"buffer_source":"day_plan.structural_stop.buffer_points","calibration":"owner_override[I]","percentile":95,"stop_source":"atr_fallback","stop_source_reason":"frozen_zone_map_missing","quantity":0,"reason":"no_provenance","detail":"frozen_zone_map_missing"}
--- PASS: TestStructuralStopF3FallbackRefusesMissingProvenance (0.14s)
=== RUN   TestStructuralStopF4F5Refuses23For4WithoutMoving
09-12 19:26:51 [INFO] store/store.go:89 ✅ Database initialized (GORM, SQLite)
09-12 19:26:51 [WARN] trader/auto_trader.go:49 [trader_id=trader-1] 📅 calendar FAIL-CLOSED: no slice for 2026-09-12 — using the static T1 fallback (0 window(s)) instead of zero protection
09-12 19:26:51 [WARN] trader/auto_trader.go:49 [trader_id=trader-1] 🛡 boot sweep DEFERRED (class 33): NT8 link not ready — pre-boot arms are UNVERIFIED this cycle; retrying next cycle
09-12 19:26:51 [WARN] trader/auto_trader.go:49 [trader_id=trader-1] 📅 calendar FAIL-CLOSED: no slice for 2026-09-12 — using the static T1 fallback (0 window(s)) instead of zero protection
09-12 19:26:51 [WARN] trader/auto_trader.go:49 [trader_id=trader-1] 🕰 clock-hold: T1 no-trade windows widened by |drift| 51945ms for 2026-09-12 ASIA (F6)
09-12 19:26:51 [INFO] trader/auto_trader.go:44 [trader_id=trader-1] 🎯 stop/target composition {"trader_id":"trader-1","plan_id":"2026-09-12:ASIA:trader-1","version":1,"scenario":"S1","leg":1,"time_ms":1789259211942,"symbol":"MNQ","side":"long","entry":29010,"stop":28987,"target":29014,"zone_lo":28992,"zone_hi":29010,"target_lo":29014,"target_hi":29018,"zone_names":["PDL"],"target_names":["ONH"],"buffer":5,"buffer_source":"day_plan.structural_stop.buffer_points","calibration":"owner_override[I]","percentile":95,"stop_source":"zone_edge","risk_points":23,"gain_points":4,"net_gain_points":2,"loss_usd":50,"quantity":0,"reason":"rr","detail":"gain=4.0000 risk=23.0000 rr=0.173913 min=2.000000"}
--- PASS: TestStructuralStopF4F5Refuses23For4WithoutMoving (0.13s)
=== RUN   TestStructuralStopF6NetGainBeforeRR
09-12 19:26:52 [INFO] store/store.go:89 ✅ Database initialized (GORM, SQLite)
09-12 19:26:52 [WARN] trader/auto_trader.go:49 [trader_id=trader-1] 📅 calendar FAIL-CLOSED: no slice for 2026-09-12 — using the static T1 fallback (0 window(s)) instead of zero protection
09-12 19:26:52 [WARN] trader/auto_trader.go:49 [trader_id=trader-1] 🛡 boot sweep DEFERRED (class 33): NT8 link not ready — pre-boot arms are UNVERIFIED this cycle; retrying next cycle
09-12 19:26:52 [WARN] trader/auto_trader.go:49 [trader_id=trader-1] 📅 calendar FAIL-CLOSED: no slice for 2026-09-12 — using the static T1 fallback (0 window(s)) instead of zero protection
09-12 19:26:52 [WARN] trader/auto_trader.go:49 [trader_id=trader-1] 🕰 clock-hold: T1 no-trade windows widened by |drift| 52080ms for 2026-09-12 ASIA (F6)
09-12 19:26:52 [INFO] trader/auto_trader.go:44 [trader_id=trader-1] 🎯 stop/target composition {"trader_id":"trader-1","plan_id":"2026-09-12:ASIA:trader-1","version":1,"scenario":"S1","leg":1,"time_ms":1789259212077,"symbol":"MNQ","side":"long","entry":29010,"stop":29009.5,"target":29012,"zone_lo":29009.75,"zone_hi":29010,"target_lo":29012,"target_hi":29016,"zone_names":["PDL"],"target_names":["ONH"],"buffer":0.25,"buffer_source":"day_plan.structural_stop.buffer_points","calibration":"owner_override[I]","percentile":95,"stop_source":"zone_edge","risk_points":0.5,"gain_points":2,"net_gain_points":0,"loss_usd":5,"quantity":0,"reason":"net_nonpositive","detail":"gain=2.0000 cost=2.0000 net=0.0000"}
--- PASS: TestStructuralStopF6NetGainBeforeRR (0.13s)
PASS
ok  	nofx/trader	0.697s
