what                
--------------------
snapshots per CT day
d           n     first_ct             last_ct            
----------  ----  -------------------  -------------------
2026-09-03  263   2026-09-03 21:48:22  2026-09-03 23:59:55
2026-09-04  3008  2026-09-04 00:00:24  2026-09-04 23:59:55
2026-09-05  1195  2026-09-05 00:00:25  2026-09-05 09:57:38
what                               
-----------------------------------
log_events gaps 09-03 (>10 min, CT)
what                                        
--------------------------------------------
log_events last before / first after silence
what                                
------------------------------------
equity snapshot gaps 09-03 (>10 min)
pid    id     ct                   gap_min           total_equity
-----  -----  -------------------  ----------------  ------------
37289  37290  2026-09-03 15:08:18  165.75            51906.5     
37315  37316  2026-09-03 17:00:22  62.05             51906.5     
37448  37449  2026-09-03 21:50:12  27.2166666666667  51906.5     
what                                       
-------------------------------------------
equity snapshot timestamp sample (tz check)
id     timestamp                            created_at                           total_equity
-----  -----------------------------------  -----------------------------------  ------------
37888  2026-09-04 18:27:48.063047936+00:00  2026-09-04 18:27:48.063075858+00:00  51906.5     
37887  2026-09-04 18:25:47.875522802+00:00  2026-09-04 18:25:47.875558391+00:00  51906.5     
what                                
------------------------------------
day_plan_alerts 09-03 12:00-15:30 CT
what                          
------------------------------
day_plan_alerts kinds all-time
kind                          level  n    last         
----------------------------  -----  ---  -------------
armed                         P1     216  1786857177850
level-burned                  P1     135  1788504048   
close                         P0     71   1788445247   
fill                          P0     51   1788363437   
regime-dark                   P1     45   1788526838   
owner-reset                   P1     44   1788528720   
decision-stale-bar            P1     35   1787172931   
read-fail                     P0     19   1786857177849
guardrail-would-have-tripped  P1     15   1787327511   
planner-preflight             P1     6    1788543060   
plan-died                     P0     4    1787760953   
feed-down                     P0     3    1788543001   
ai-payment                    P0     2    1788525265   
calendar-slice-missing        P0     2    1788127278   
decision-unparseable          P1     2    1788393518   
owner-reread                  P2     2    1787119281   
plan-death-streak             P1     2    1787796001   
level-burned                  P2     1    1786857177851
what           
---------------
telegram bound?
id  has_token  has_chat  bound_at                             language
--  ---------  --------  -----------------------------------  --------
1   1          1         2026-06-11 13:01:43.935176324-05:00          
