      1 09-03 14:18:26 [INFO] cc2/main.go:243 🔐 BOOT INTEGRITY OK — rev f478ed880dc9 · built 2026-09-03T16:07:06Z · expected f478ed880dc9 · goldens PASS
      1 09-03 14:18:26 [INFO] cc2/main.go:273 📜 prompt feeds forward: void-levels=n/a (computed per read) · stop-floor=1.5×ATR5m (n/a — no ATR yet) · waterfal
      1 09-03 14:18:26 [INFO] trader/auto_trader.go:43 [trader_id=8d5c8af5_8ef641a7-815c-4bb5-9798-b070b67d7998_deepseek_1781246265 trader_name=hoang] 💰 Initi
      1 09-03 14:18:26 [INFO] trader/auto_trader.go:43 [trader_id=8d5c8af5_8ef641a7-815c-4bb5-9798-b070b67d7998_deepseek_1781246265 trader_name=hoang] 🧾 ledge
      1 09-03 14:18:27 [INFO] trader/auto_trader.go:43 [trader_id=8d5c8af5_8ef641a7-815c-4bb5-9798-b070b67d7998_deepseek_1781246265 trader_name=hoang] 📐 plann
      1 09-03 14:18:27 [WARN] config/config.go:242 🚨 NEW ERROR CLASS "no_balance_frame" (trader 8d5c8af5_8ef641a7-815c-4bb5-9798-b070b67d7998_deepseek_1781246
      1 09-03 14:18:27 [WARN] trader/auto_trader.go:48 [trader_id=8d5c8af5_8ef641a7-815c-4bb5-9798-b070b67d7998_deepseek_1781246265 trader_name=hoang] ⏳ skipp
      1 09-03 14:18:27 [WARN] trader/auto_trader.go:48 [trader_id=8d5c8af5_8ef641a7-815c-4bb5-9798-b070b67d7998_deepseek_1781246265 trader_name=hoang] 🚨 dead-
      1 09-03 14:20:26 [WARN] trader/auto_trader.go:48 [trader_id=8d5c8af5_8ef641a7-815c-4bb5-9798-b070b67d7998_deepseek_1781246265 trader_name=hoang] ⏳ skipp
      1 09-03 14:22:27 [WARN] trader/auto_trader.go:48 [trader_id=8d5c8af5_8ef641a7-815c-4bb5-9798-b070b67d7998_deepseek_1781246265 trader_name=hoang] ⏳ skipp
      1 09-03 14:24:27 [WARN] trader/auto_trader.go:48 [trader_id=8d5c8af5_8ef641a7-815c-4bb5-9798-b070b67d7998_deepseek_1781246265 trader_name=hoang] ⏳ skipp
      1 09-03 14:26:27 [WARN] trader/auto_trader.go:48 [trader_id=8d5c8af5_8ef641a7-815c-4bb5-9798-b070b67d7998_deepseek_1781246265 trader_name=hoang] ⏳ skipp
      1 09-03 14:28:39 [ERRO] trader/auto_trader.go:53 [trader_id=8d5c8af5_8ef641a7-815c-4bb5-9798-b070b67d7998_deepseek_1781246265 trader_name=hoang] 🚨 FEED 
      1 09-03 14:28:39 [WARN] trader/auto_trader.go:48 [trader_id=8d5c8af5_8ef641a7-815c-4bb5-9798-b070b67d7998_deepseek_1781246265 trader_name=hoang] ⏳ skipp
      1 09-03 14:29:27 [ERRO] trader/auto_trader.go:53 [trader_id=8d5c8af5_8ef641a7-815c-4bb5-9798-b070b67d7998_deepseek_1781246265 trader_name=hoang] 🚨 FEED 
      1 09-03 14:30:27 [ERRO] trader/auto_trader.go:53 [trader_id=8d5c8af5_8ef641a7-815c-4bb5-9798-b070b67d7998_deepseek_1781246265 trader_name=hoang] 🚨 FEED 
      1 09-03 14:30:27 [WARN] trader/auto_trader.go:48 [trader_id=8d5c8af5_8ef641a7-815c-4bb5-9798-b070b67d7998_deepseek_1781246265 trader_name=hoang] ⏳ skipp
      1 09-03 14:31:27 [ERRO] trader/auto_trader.go:53 [trader_id=8d5c8af5_8ef641a7-815c-4bb5-9798-b070b67d7998_deepseek_1781246265 trader_name=hoang] 🚨 FEED 
      1 09-03 14:32:27 [ERRO] trader/auto_trader.go:53 [trader_id=8d5c8af5_8ef641a7-815c-4bb5-9798-b070b67d7998_deepseek_1781246265 trader_name=hoang] 🚨 FEED 
      1 09-03 14:32:27 [WARN] trader/auto_trader.go:48 [trader_id=8d5c8af5_8ef641a7-815c-4bb5-9798-b070b67d7998_deepseek_1781246265 trader_name=hoang] ⏳ skipp
      1 09-03 14:33:27 [ERRO] trader/auto_trader.go:53 [trader_id=8d5c8af5_8ef641a7-815c-4bb5-9798-b070b67d7998_deepseek_1781246265 trader_name=hoang] 🚨 FEED 
      1 09-03 14:34:27 [ERRO] trader/auto_trader.go:53 [trader_id=8d5c8af5_8ef641a7-815c-4bb5-9798-b070b67d7998_deepseek_1781246265 trader_name=hoang] 🚨 FEED 
      1 09-03 14:34:27 [WARN] trader/auto_trader.go:48 [trader_id=8d5c8af5_8ef641a7-815c-4bb5-9798-b070b67d7998_deepseek_1781246265 trader_name=hoang] ⏳ skipp
      1 09-03 14:35:27 [ERRO] trader/auto_trader.go:53 [trader_id=8d5c8af5_8ef641a7-815c-4bb5-9798-b070b67d7998_deepseek_1781246265 trader_name=hoang] 🚨 FEED 
      1 09-03 14:36:27 [ERRO] trader/auto_trader.go:53 [trader_id=8d5c8af5_8ef641a7-815c-4bb5-9798-b070b67d7998_deepseek_1781246265 trader_name=hoang] 🚨 FEED 
      1 09-03 14:36:27 [WARN] trader/auto_trader.go:48 [trader_id=8d5c8af5_8ef641a7-815c-4bb5-9798-b070b67d7998_deepseek_1781246265 trader_name=hoang] ⏳ skipp
      1 09-03 14:37:27 [ERRO] trader/auto_trader.go:53 [trader_id=8d5c8af5_8ef641a7-815c-4bb5-9798-b070b67d7998_deepseek_1781246265 trader_name=hoang] 🚨 FEED 
      1 09-03 14:38:27 [ERRO] trader/auto_trader.go:53 [trader_id=8d5c8af5_8ef641a7-815c-4bb5-9798-b070b67d7998_deepseek_1781246265 trader_name=hoang] 🚨 FEED 
      1 09-03 14:38:27 [WARN] trader/auto_trader.go:48 [trader_id=8d5c8af5_8ef641a7-815c-4bb5-9798-b070b67d7998_deepseek_1781246265 trader_name=hoang] ⏳ skipp
      1 09-03 14:39:27 [ERRO] trader/auto_trader.go:53 [trader_id=8d5c8af5_8ef641a7-815c-4bb5-9798-b070b67d7998_deepseek_1781246265 trader_name=hoang] 🚨 FEED 
      1 09-03 14:40:27 [ERRO] trader/auto_trader.go:53 [trader_id=8d5c8af5_8ef641a7-815c-4bb5-9798-b070b67d7998_deepseek_1781246265 trader_name=hoang] 🚨 FEED 
      1 09-03 14:40:27 [WARN] trader/auto_trader.go:48 [trader_id=8d5c8af5_8ef641a7-815c-4bb5-9798-b070b67d7998_deepseek_1781246265 trader_name=hoang] ⏳ skipp
      1 09-03 14:41:39 [ERRO] trader/auto_trader.go:53 [trader_id=8d5c8af5_8ef641a7-815c-4bb5-9798-b070b67d7998_deepseek_1781246265 trader_name=hoang] 🚨 FEED 
      1 09-03 14:42:27 [ERRO] trader/auto_trader.go:53 [trader_id=8d5c8af5_8ef641a7-815c-4bb5-9798-b070b67d7998_deepseek_1781246265 trader_name=hoang] 🚨 FEED 
      1 09-03 14:42:27 [WARN] trader/auto_trader.go:48 [trader_id=8d5c8af5_8ef641a7-815c-4bb5-9798-b070b67d7998_deepseek_1781246265 trader_name=hoang] ⏳ skipp
      1 09-03 14:43:27 [ERRO] trader/auto_trader.go:53 [trader_id=8d5c8af5_8ef641a7-815c-4bb5-9798-b070b67d7998_deepseek_1781246265 trader_name=hoang] 🚨 FEED 
      1 09-03 14:44:27 [ERRO] trader/auto_trader.go:53 [trader_id=8d5c8af5_8ef641a7-815c-4bb5-9798-b070b67d7998_deepseek_1781246265 trader_name=hoang] 🚨 FEED 
      1 09-03 14:44:27 [WARN] trader/auto_trader.go:48 [trader_id=8d5c8af5_8ef641a7-815c-4bb5-9798-b070b67d7998_deepseek_1781246265 trader_name=hoang] ⏳ skipp
      1 09-03 14:45:27 [ERRO] trader/auto_trader.go:53 [trader_id=8d5c8af5_8ef641a7-815c-4bb5-9798-b070b67d7998_deepseek_1781246265 trader_name=hoang] 🚨 FEED 
      1 09-03 14:46:27 [ERRO] trader/auto_trader.go:53 [trader_id=8d5c8af5_8ef641a7-815c-4bb5-9798-b070b67d7998_deepseek_1781246265 trader_name=hoang] 🚨 FEED 
      1 09-03 14:46:27 [WARN] trader/auto_trader.go:48 [trader_id=8d5c8af5_8ef641a7-815c-4bb5-9798-b070b67d7998_deepseek_1781246265 trader_name=hoang] ⏳ skipp
      1 09-03 14:47:27 [ERRO] trader/auto_trader.go:53 [trader_id=8d5c8af5_8ef641a7-815c-4bb5-9798-b070b67d7998_deepseek_1781246265 trader_name=hoang] 🚨 FEED 
      1 09-03 14:48:27 [ERRO] trader/auto_trader.go:53 [trader_id=8d5c8af5_8ef641a7-815c-4bb5-9798-b070b67d7998_deepseek_1781246265 trader_name=hoang] 🚨 FEED 
      1 09-03 14:48:27 [WARN] trader/auto_trader.go:48 [trader_id=8d5c8af5_8ef641a7-815c-4bb5-9798-b070b67d7998_deepseek_1781246265 trader_name=hoang] ⏳ skipp
      1 09-03 14:49:27 [ERRO] trader/auto_trader.go:53 [trader_id=8d5c8af5_8ef641a7-815c-4bb5-9798-b070b67d7998_deepseek_1781246265 trader_name=hoang] 🚨 FEED 
      1 09-03 14:50:27 [ERRO] trader/auto_trader.go:53 [trader_id=8d5c8af5_8ef641a7-815c-4bb5-9798-b070b67d7998_deepseek_1781246265 trader_name=hoang] 🚨 FEED 
      1 09-03 14:50:27 [WARN] trader/auto_trader.go:48 [trader_id=8d5c8af5_8ef641a7-815c-4bb5-9798-b070b67d7998_deepseek_1781246265 trader_name=hoang] ⏳ skipp
      1 09-03 14:51:27 [ERRO] trader/auto_trader.go:53 [trader_id=8d5c8af5_8ef641a7-815c-4bb5-9798-b070b67d7998_deepseek_1781246265 trader_name=hoang] 🚨 FEED 
      1 09-03 14:52:27 [ERRO] trader/auto_trader.go:53 [trader_id=8d5c8af5_8ef641a7-815c-4bb5-9798-b070b67d7998_deepseek_1781246265 trader_name=hoang] 🚨 FEED 
      1 09-03 14:52:27 [WARN] trader/auto_trader.go:48 [trader_id=8d5c8af5_8ef641a7-815c-4bb5-9798-b070b67d7998_deepseek_1781246265 trader_name=hoang] ⏳ skipp
