bars 1m MNQ per CT hour 09-04 (alias fixed):
hh  n   last_ct            
--  --  -------------------
00  60  2026-09-04 00:59:00
01  60  2026-09-04 01:59:00
02  60  2026-09-04 02:59:00
03  60  2026-09-04 03:59:00
04  60  2026-09-04 04:59:00
05  60  2026-09-04 05:59:00
06  60  2026-09-04 06:59:00
07  60  2026-09-04 07:59:00
08  60  2026-09-04 08:59:00
09  60  2026-09-04 09:59:00
10  60  2026-09-04 10:59:00
11  60  2026-09-04 11:59:00
12  20  2026-09-04 12:19:00

bars 1m MNQ per CT hour 09-03 12-16h (was it complete across the outage?):
hh  n 
--  --
11  60
12  60
13  60
14  60
15  60
