GET /account [protected]
POST /account/select [protected]
GET /accounts [protected]
POST /armed/test-arm [protected]
GET /audit/decisions [protected]
GET /cutover-gate [protected]
POST /debug/nt-bars-unsubscribe [protected]
POST /debug/nt-test-trade [protected]
GET /decisions [protected]
GET /decisions/latest [protected]
GET /exchanges [protected]
POST /exchanges [protected]
PUT /exchanges [protected]
DELETE /exchanges/:id [protected]
GET /exchanges/account-state [protected]
GET /expectancy [protected]
GET /models [protected]
PUT /models [protected]
DELETE /models/:id [protected]
POST /models/entry [protected]
GET /my-traders [protected]
POST /nt/bar-arbiter [protected]
DELETE /nt/symbols [protected]
GET /nt/symbols [protected]
POST /nt/symbols [protected]
GET /open-orders [protected]
GET /orders [protected]
GET /orders/:id/fills [protected]
POST /plan/alert-ack [protected]
POST /plan/alert-clear-read [protected]
POST /plan/alert-dismiss [protected]
GET /plan/alerts [protected]
POST /plan/approve [protected]
GET /plan/ask [protected]
POST /plan/ask [protected]
POST /plan/ask/apply [protected]
POST /plan/ask/decline [protected]
GET /plan/history [protected]
POST /plan/overlay [protected]
POST /plan/owner-level [protected]
POST /plan/owner-level/delete [protected]
POST /plan/realign [protected]
GET /plan/reread [protected]
POST /plan/reread [protected]
GET /plan/reset [protected]
POST /plan/reset [protected]
GET /plan/session-registry [protected]
POST /plan/session-registry [protected]
GET /plan/stats [protected]
GET /plan/today [protected]
GET /plan/trades [protected]
GET /plan/versions [protected]
GET /positions [protected]
GET /positions/history [protected]
POST /reset-account [protected]
POST /risk/clear-freeze [protected]
GET /risk/errors [protected]
POST /risk/force-flat [protected]
GET /risk/freezes [protected]
GET /risk/gate-blocks [protected]
GET /risk/status [protected]
GET /risk/stream-cuts [protected]
GET /statistics [protected]
GET /status [protected]
GET /strategies [protected]
POST /strategies [protected]
DELETE /strategies/:id [protected]
PUT /strategies/:id [protected]
POST /strategies/:id/activate [protected]
POST /strategies/:id/duplicate [protected]
GET /strategies/active [protected]
GET /strategies/default-config [protected]
GET /telegram [protected]
POST /telegram [protected]
DELETE /telegram/binding [protected]
POST /telegram/model [protected]
POST /traders [protected]
DELETE /traders/:id [protected]
PUT /traders/:id [protected]
POST /traders/:id/close-position [protected]
PUT /traders/:id/competition [protected]
GET /traders/:id/config [protected]
GET /traders/:id/grid-risk [protected]
POST /traders/:id/pause [protected]
PUT /traders/:id/prompt [protected]
POST /traders/:id/resume [protected]
POST /traders/:id/start [protected]
POST /traders/:id/stop [protected]
POST /traders/:id/sync-balance [protected]
GET /trades [protected]
PUT /user/password [protected]
