all RTH days: 13
('2026-08-19', 299, 29667.25, 29485.0, 182.25)
('2026-08-20', 389, 29470.25, 29202.5, 267.75)
('2026-08-21', 389, 29488.5, 29220.25, 268.25)
('2026-08-24', 389, 29243.75, 28947.75, 296.0)
('2026-08-25', 389, 29416.0, 29145.5, 270.5)
('2026-08-26', 389, 29368.75, 29156.25, 212.5)
('2026-08-27', 389, 29704.0, 29424.0, 280.0)
('2026-08-28', 389, 29811.75, 29437.0, 374.75)
('2026-08-31', 389, 29534.5, 29354.0, 180.5)
('2026-09-01', 389, 29317.25, 29001.75, 315.5)
('2026-09-02', 389, 29211.75, 29017.25, 194.5)
('2026-09-03', 389, 29585.0, 29199.25, 385.75)
('2026-09-04', 230, 29692.0, 29477.75, 214.25)
complete (n=390): 11
mean 276.91 min 180.50 max 385.75
max day: ('2026-09-03', 389, 29585.0, 29199.25, 385.75)

1d bars (latest 12):
('2026-09-03', 29551.5, 29720.0, 29477.75, 29531.5, 242.25)
('2026-09-02', 29175.75, 29585.0, 29075.0, 29524.75, 510.0)
('2026-09-01', 29137.25, 29212.5, 28927.25, 29186.25, 285.25)
('2026-08-31', 29518.5, 29571.0, 29001.75, 29125.5, 569.25)
('2026-08-30', 29535.0, 29543.5, 29273.5, 29513.0, 270.0)
('2026-08-27', 29635.0, 29811.75, 29437.0, 29491.75, 374.75)
('2026-08-26', 29500.0, 29707.5, 29402.25, 29695.75, 305.25)
('2026-08-25', 29288.75, 29437.25, 29095.5, 29289.5, 341.75)
('2026-08-24', 29140.0, 29420.0, 29016.75, 29276.75, 403.25)
('2026-08-23', 29392.25, 29480.5, 28947.75, 29105.75, 532.75)
('2026-08-20', 29331.0, 29539.75, 29220.25, 29387.75, 319.5)
('2026-08-19', 29562.5, 29688.5, 29202.5, 29300.5, 486.0)

1d 09-02: (1788325200000, '2026-09-02 00:00:00', 29585.0, 29075.0)
1m agg 09-02 17:00 -> 09-03 16:00: (29585.0, 29075.0, 1380)
1m agg calendar 09-02 CT: (29255.0, 28927.25, 1380)
ATR14 at 2026-08-27 = 402.93 (TR 374.75)
ATR14 at 2026-08-30 = 396.96 (TR 270.00)
ATR14 at 2026-08-31 = 410.73 (TR 569.25)
ATR14 at 2026-09-01 = 395.91 (TR 285.25)
ATR14 at 2026-09-02 = 413.61 (TR 510.00)
ATR14 at 2026-09-03 = 410.45 (TR 242.25)
