=== N11: entry_time cuts ===
2026-08-09 05:00:00 (206,)
2026-08-09 00:00:00 (206,)
2026-08-10 05:00:00 (195,)
2026-08-01 05:00:00 (253,)
2026-08-15 05:00:00 (71,)
=== era rows: plan_id not null, pnl_corrected not null, source != e7 ===
plan-linked non-seam rows: 584 with pnl: 228 NULL pnl ids: [1, 2, 3, 4, 5, 6, 7, 8, 9, 10, 11, 12, 13, 14, 15, 16, 17, 18, 19, 20, 21, 22, 23, 24, 25, 26, 27, 28, 29, 30, 31, 32, 33, 34, 35, 36, 37, 38, 39, 40, 41, 42, 43, 44, 45, 46, 47, 48, 49, 50, 51, 52, 53, 54, 55, 56, 57, 58, 59, 60, 61, 62, 63, 64, 65, 66, 67, 68, 69, 70, 71, 72, 73, 74, 75, 76, 77, 78, 79, 80, 81, 82, 83, 84, 85, 86, 87, 88, 89, 90, 91, 92, 93, 94, 95, 96, 97, 98, 99, 100, 101, 102, 103, 104, 105, 106, 107, 108, 109, 110, 111, 112, 113, 114, 115, 116, 117, 118, 119, 120, 121, 122, 123, 124, 125, 126, 127, 128, 129, 130, 131, 132, 133, 134, 135, 136, 137, 138, 139, 140, 141, 142, 143, 144, 145, 146, 147, 148, 149, 150, 151, 152, 153, 154, 155, 156, 157, 158, 159, 160, 161, 162, 163, 164, 165, 166, 167, 168, 169, 170, 171, 172, 173, 174, 175, 176, 177, 178, 179, 180, 181, 182, 183, 184, 185, 186, 187, 188, 189, 190, 191, 192, 193, 194, 195, 196, 197, 198, 199, 200, 201, 202, 203, 204, 205, 206, 207, 208, 209, 210, 211, 212, 213, 214, 215, 216, 217, 218, 219, 220, 221, 222, 223, 224, 225, 226, 227, 228, 229, 230, 231, 232, 233, 234, 235, 236, 237, 238, 239, 240, 241, 242, 243, 244, 245, 246, 247, 248, 249, 250, 251, 252, 253, 254, 255, 256, 257, 258, 259, 260, 261, 262, 263, 264, 265, 266, 267, 268, 269, 270, 271, 272, 273, 274, 275, 276, 277, 278, 279, 280, 281, 282, 283, 284, 285, 286, 287, 289, 290, 291, 292, 293, 294, 295, 296, 297, 298, 299, 300, 301, 302, 303, 304, 305, 306, 307, 308, 309, 310, 311, 312, 313, 314, 315, 316, 317, 318, 319, 320, 321, 322, 323, 324, 325, 326, 327, 328, 329, 330, 331, 332, 333, 334, 335, 336, 337, 338, 339, 340, 341, 342, 343, 344, 345, 346, 347, 348, 349, 350, 351, 352, 353, 354, 576, 577, 579]
era total -3599.77 n 228 mean -15.79
system: n=214 sum=-3786.27 mean=-17.69 sd=93.98 se=6.42 t=-2.75 W/L/S=57/132/25 ids=[288, 355, 356, 357, 358, 359, 360, 361, 362, 363, 364, 365, 366, 367, 368, 369, 370, 371, 372, 373, 374, 375, 376, 377, 378, 379, 380, 381, 382, 383, 384, 387, 388, 389, 391, 392, 393, 394, 395, 396, 397, 398, 399, 400, 401, 402, 403, 404, 405, 406, 407, 408, 409, 410, 411, 412, 413, 414, 415, 416, 417, 418, 419, 420, 421, 422, 423, 424, 425, 426, 427, 428, 429, 430, 431, 432, 433, 434, 435, 436, 437, 438, 439, 440, 441, 442, 443, 444, 445, 446, 447, 448, 449, 450, 451, 452, 453, 454, 455, 456, 457, 458, 459, 460, 461, 462, 463, 464, 465, 466, 467, 468, 469, 470, 471, 472, 473, 474, 475, 476, 477, 478, 479, 480, 481, 482, 483, 484, 485, 486, 487, 488, 489, 490, 491, 492, 493, 494, 495, 496, 497, 498, 499, 500, 501, 502, 503, 504, 505, 506, 507, 508, 509, 510, 511, 512, 513, 514, 515, 516, 517, 518, 519, 521, 522, 523, 524, 525, 526, 527, 528, 529, 530, 531, 532, 533, 534, 535, 536, 537, 538, 539, 540, 541, 542, 543, 544, 545, 546, 547, 548, 549, 550, 551, 552, 553, 554, 555, 556, 557, 558, 559, 560, 561, 562, 563, 564, 565, 581, 583, 587, 588, 589, 590]
non-system: n=14 sum=186.50 mean=13.32 sd=80.17 se=21.43 t=0.62 W/L/S=8/6/0 ids=[566, 567, 568, 569, 570, 571, 575, 578, 580, 582, 584, 585, 586, 591]
non-system by band: Counter({('reconcile', 'armed_fill'): 9, ('reconcile', ''): 3, ('armed_entry', ''): 2})
    566 reconcile   97.0
    567 reconcile armed_fill ASIA -42.0
    568 reconcile armed_fill LONDON -32.0
    569 reconcile armed_fill NY 63.0
    570 reconcile armed_fill NY 17.0
    571 reconcile   -44.5
    575 reconcile armed_fill NY 32.5
    578 reconcile armed_fill NY 92.0
    580 reconcile   39.5
    582 armed_entry  LONDON 129.5
    584 reconcile armed_fill LONDON 106.0
    585 armed_entry  NY -77.5
    586 reconcile armed_fill NY -54.0
    591 reconcile armed_fill NY -140.0
armed-fill lineage (reconcile or band=armed_fill): n=12 sum=134.50 mean=11.21 sd=74.93 se=21.63 t=0.52 W/L/S=7/5/0 ids=[566, 567, 568, 569, 570, 571, 575, 578, 580, 584, 586, 591]
remainder non-system: n=2 sum=52.00 mean=26.00 sd=146.37 se=103.50 t=0.25 W/L/S=1/1/0 ids=[582, 585]

=== N14/R1: slot by source ===
slot S1: n=27 sum=321.00 mean=11.89 sd=115.91 se=22.31 t=0.53 W/L/S=10/17/0 ids=[521, 523, 524, 525, 528, 532, 535, 536, 537, 538, 540, 541, 544, 548, 556, 557, 558, 561, 563, 565, 567, 568, 569, 578, 581, 585, 591]
slot S2: n=22 sum=-142.43 mean=-6.47 sd=95.94 se=20.45 t=-0.32 W/L/S=7/13/2 ids=[526, 527, 529, 533, 534, 542, 543, 547, 549, 550, 551, 552, 553, 554, 555, 562, 570, 575, 582, 583, 584, 588]
slot S3: n=7 sum=-467.50 mean=-66.79 sd=77.85 se=29.42 t=-2.27 W/L/S=1/6/0 ids=[522, 531, 560, 564, 586, 587, 589]
slot S4: n=2 sum=-177.50 mean=-88.75 sd=14.50 se=10.25 t=-8.66 W/L/S=0/2/0 ids=[559, 590]
slot off-plan: n=2 sum=-71.50 mean=-35.75 sd=68.94 se=48.75 t=-0.73 W/L/S=1/1/0 ids=[530, 539]
slot uncited: n=168 sum=-3061.84 mean=-18.23 sd=89.59 se=6.91 t=-2.64 W/L/S=46/99/23 ids=[288, 355, 356, 357, 358, 359, 360, 361, 362, 363, 364, 365, 366, 367, 368, 369, 370, 371, 372, 373, 374, 375, 376, 377, 378, 379, 380, 381, 382, 383, 384, 387, 388, 389, 391, 392, 393, 394, 395, 396, 397, 398, 399, 400, 401, 402, 403, 404, 405, 406, 407, 408, 409, 410, 411, 412, 413, 414, 415, 416, 417, 418, 419, 420, 421, 422, 423, 424, 425, 426, 427, 428, 429, 430, 431, 432, 433, 434, 435, 436, 437, 438, 439, 440, 441, 442, 443, 444, 445, 446, 447, 448, 449, 450, 451, 452, 453, 454, 455, 456, 457, 458, 459, 460, 461, 462, 463, 464, 465, 466, 467, 468, 469, 470, 471, 472, 473, 474, 475, 476, 477, 478, 479, 480, 481, 482, 483, 484, 485, 486, 487, 488, 489, 490, 491, 492, 493, 494, 495, 496, 497, 498, 499, 500, 501, 502, 503, 504, 505, 506, 507, 508, 509, 510, 511, 512, 513, 514, 515, 516, 517, 518, 519, 545, 546, 566, 571, 580]
S1: n=27 sum=321.00 mean=11.89 sd=115.91 se=22.31 t=0.53 W/L/S=10/17/0 ids=[521, 523, 524, 525, 528, 532, 535, 536, 537, 538, 540, 541, 544, 548, 556, 557, 558, 561, 563, 565, 567, 568, 569, 578, 581, 585, 591]
S2-S4: n=31 sum=-787.43 mean=-25.40 sd=92.69 se=16.65 t=-1.53 W/L/S=8/21/2 ids=[522, 526, 527, 529, 531, 533, 534, 542, 543, 547, 549, 550, 551, 552, 553, 554, 555, 559, 560, 562, 564, 570, 575, 582, 583, 584, 586, 587, 588, 589, 590]
S1 vs S2-4 diff=37.29 se=27.83 t=1.34
S1 system: n=21 sum=457.50 mean=21.79 sd=122.95 se=26.83 t=0.81 W/L/S=8/13/0 ids=[521, 523, 524, 525, 528, 532, 535, 536, 537, 538, 540, 541, 544, 548, 556, 557, 558, 561, 563, 565, 581]
S1 armed: n=6 sum=-136.50 mean=-22.75 sd=86.86 se=35.46 t=-0.64 W/L/S=2/4/0 ids=[567, 568, 569, 578, 585, 591]
S2 system: n=18 sum=-427.43 mean=-23.75 sd=95.40 se=22.49 t=-1.06 W/L/S=3/13/2 ids=[526, 527, 529, 533, 534, 542, 543, 547, 549, 550, 551, 552, 553, 554, 555, 562, 583, 588]
S2 armed: n=4 sum=285.00 mean=71.25 sd=54.91 se=27.45 t=2.60 W/L/S=4/0/0 ids=[570, 575, 582, 584]
S2-4 armed: n=5 sum=231.00 mean=46.20 sd=73.48 se=32.86 t=1.41 W/L/S=4/1/0 ids=[570, 575, 582, 584, 586]
S1 system 08-19/20: n=8 sum=793.00 mean=99.12 sd=148.12 se=52.37 t=1.89 W/L/S=5/3/0 ids=[521, 523, 524, 525, 528, 532, 535, 536]
S1 system after 08-20: n=13 sum=-335.50 mean=-25.81 sd=77.17 se=21.40 t=-1.21 W/L/S=3/10/0 ids=[537, 538, 540, 541, 544, 548, 556, 557, 558, 561, 563, 565, 581]
S1 any after 08-20: n=19 sum=-472.00 mean=-24.84 sd=77.89 se=17.87 t=-1.39 W/L/S=5/14/0 ids=[537, 538, 540, 541, 544, 548, 556, 557, 558, 561, 563, 565, 567, 568, 569, 578, 581, 585, 591]

=== N16/R4/R5: session ===
session ASIA: n=16 sum=-552.43 mean=-34.53 sd=53.26 se=13.32 t=-2.59 W/L/S=2/13/1 ids=[525, 526, 527, 533, 534, 535, 536, 537, 538, 550, 551, 552, 553, 561, 567, 587]
session LONDON: n=21 sum=24.00 mean=1.14 sd=102.57 se=22.38 t=0.05 W/L/S=7/14/0 ids=[521, 522, 528, 529, 540, 541, 554, 555, 556, 557, 558, 562, 563, 564, 565, 568, 581, 582, 583, 584, 588]
session NY: n=21 sum=62.00 mean=2.95 sd=133.91 se=29.22 t=0.10 W/L/S=9/11/1 ids=[523, 524, 531, 532, 542, 543, 544, 547, 548, 549, 559, 560, 569, 570, 575, 578, 585, 586, 589, 590, 591]
session none: n=170 sum=-3133.34 mean=-18.43 sd=89.23 se=6.84 t=-2.69 W/L/S=47/100/23 ids=[288, 355, 356, 357, 358, 359, 360, 361, 362, 363, 364, 365, 366, 367, 368, 369, 370, 371, 372, 373, 374, 375, 376, 377, 378, 379, 380, 381, 382, 383, 384, 387, 388, 389, 391, 392, 393, 394, 395, 396, 397, 398, 399, 400, 401, 402, 403, 404, 405, 406, 407, 408, 409, 410, 411, 412, 413, 414, 415, 416, 417, 418, 419, 420, 421, 422, 423, 424, 425, 426, 427, 428, 429, 430, 431, 432, 433, 434, 435, 436, 437, 438, 439, 440, 441, 442, 443, 444, 445, 446, 447, 448, 449, 450, 451, 452, 453, 454, 455, 456, 457, 458, 459, 460, 461, 462, 463, 464, 465, 466, 467, 468, 469, 470, 471, 472, 473, 474, 475, 476, 477, 478, 479, 480, 481, 482, 483, 484, 485, 486, 487, 488, 489, 490, 491, 492, 493, 494, 495, 496, 497, 498, 499, 500, 501, 502, 503, 504, 505, 506, 507, 508, 509, 510, 511, 512, 513, 514, 515, 516, 517, 518, 519, 530, 539, 545, 546, 566, 571, 580]
ASIA system: n=15 sum=-510.43 mean=-34.03 sd=55.09 se=14.23 t=-2.39 W/L/S=2/12/1 ids=[525, 526, 527, 533, 534, 535, 536, 537, 538, 550, 551, 552, 553, 561, 587]
ASIA armed: n=1 sum=-42.00 mean=-42.00 sd=nan se=nan t=nan W/L/S=0/1/0 ids=[567]
ASIA entry range: 2026-08-19 18:22:04 2026-09-02 00:17:44
LONDON+NY: n=42 sum=86.00 mean=2.05 sd=117.81 se=18.18 t=0.11 W/L/S=16/25/1 ids=[521, 522, 528, 529, 540, 541, 554, 555, 556, 557, 558, 562, 563, 564, 565, 568, 581, 582, 583, 584, 588, 523, 524, 531, 532, 542, 543, 544, 547, 548, 549, 559, 560, 569, 570, 575, 578, 585, 586, 589, 590, 591]
LONDON+NY 95% CI mean [-33.58, 37.68]
ASIA: n=16 sum=-552.43 mean=-34.53 sd=53.26 se=13.32 t=-2.59 W/L/S=2/13/1 ids=[525, 526, 527, 533, 534, 535, 536, 537, 538, 550, 551, 552, 553, 561, 567, 587]
ASIA 95% CI mean [-60.63, -8.43]
ASIA vs L+NY diff=-36.57 se=22.53 t=-1.62
ASIA win rate: 2/15 = 13.3% [3.7%, 37.9%]

=== R12: by side ===
side long: n=127 sum=-3607.59 mean=-28.41 sd=83.22 se=7.38 t=-3.85 W/L/S=33/84/10 ids=[355, 358, 366, 367, 368, 373, 374, 375, 376, 377, 378, 379, 380, 384, 387, 388, 389, 391, 392, 393, 394, 395, 396, 397, 398, 399, 400, 401, 402, 403, 404, 405, 406, 407, 408, 409, 410, 411, 412, 413, 414, 415, 416, 417, 418, 419, 421, 422, 424, 425, 426, 430, 432, 433, 434, 435, 436, 441, 443, 444, 445, 449, 452, 453, 454, 455, 456, 457, 458, 459, 460, 461, 462, 463, 465, 467, 469, 470, 471, 472, 476, 479, 480, 481, 482, 483, 484, 487, 501, 503, 504, 505, 507, 508, 509, 510, 511, 513, 514, 515, 516, 517, 518, 519, 525, 531, 540, 541, 545, 546, 555, 556, 557, 558, 559, 561, 563, 566, 570, 571, 578, 583, 586, 587, 588, 589, 590]
  system: n=122 sum=-3715.09 mean=-30.45 sd=83.26 se=7.54 t=-4.04 W/L/S=30/82/10 ids=[355, 358, 366, 367, 368, 373, 374, 375, 376, 377, 378, 379, 380, 384, 387, 388, 389, 391, 392, 393, 394, 395, 396, 397, 398, 399, 400, 401, 402, 403, 404, 405, 406, 407, 408, 409, 410, 411, 412, 413, 414, 415, 416, 417, 418, 419, 421, 422, 424, 425, 426, 430, 432, 433, 434, 435, 436, 441, 443, 444, 445, 449, 452, 453, 454, 455, 456, 457, 458, 459, 460, 461, 462, 463, 465, 467, 469, 470, 471, 472, 476, 479, 480, 481, 482, 483, 484, 487, 501, 503, 504, 505, 507, 508, 509, 510, 511, 513, 514, 515, 516, 517, 518, 519, 525, 531, 540, 541, 545, 546, 555, 556, 557, 558, 559, 561, 563, 583, 587, 588, 589, 590]
  armed: n=5 sum=107.50 mean=21.50 sd=72.02 se=32.21 t=0.67 W/L/S=3/2/0 ids=[566, 570, 571, 578, 586]
side short: n=101 sum=7.82 mean=0.08 sd=102.92 se=10.24 t=0.01 W/L/S=32/54/15 ids=[288, 356, 357, 359, 360, 361, 362, 363, 364, 365, 369, 370, 371, 372, 381, 382, 383, 420, 423, 427, 428, 429, 431, 437, 438, 439, 440, 442, 446, 447, 448, 450, 451, 464, 466, 468, 473, 474, 475, 477, 478, 485, 486, 488, 489, 490, 491, 492, 493, 494, 495, 496, 497, 498, 499, 500, 502, 506, 512, 521, 522, 523, 524, 526, 527, 528, 529, 530, 532, 533, 534, 535, 536, 537, 538, 539, 542, 543, 544, 547, 548, 549, 550, 551, 552, 553, 554, 560, 562, 564, 565, 567, 568, 569, 575, 580, 581, 582, 584, 585, 591]
  system: n=92 sum=-71.18 mean=-0.77 sd=104.63 se=10.91 t=-0.07 W/L/S=27/50/15 ids=[288, 356, 357, 359, 360, 361, 362, 363, 364, 365, 369, 370, 371, 372, 381, 382, 383, 420, 423, 427, 428, 429, 431, 437, 438, 439, 440, 442, 446, 447, 448, 450, 451, 464, 466, 468, 473, 474, 475, 477, 478, 485, 486, 488, 489, 490, 491, 492, 493, 494, 495, 496, 497, 498, 499, 500, 502, 506, 512, 521, 522, 523, 524, 526, 527, 528, 529, 530, 532, 533, 534, 535, 536, 537, 538, 539, 542, 543, 544, 547, 548, 549, 550, 551, 552, 553, 554, 560, 562, 564, 565, 581]
  armed: n=9 sum=79.00 mean=8.78 sd=88.24 se=29.41 t=0.30 W/L/S=5/4/0 ids=[567, 568, 569, 575, 580, 582, 584, 585, 591]
sides present: Counter({'LONG': 127, 'SHORT': 101})

=== N13: Wilson ===
   96/395 = 24.3% [20.3%, 28.8%]
   36/343 = 10.5% [7.7%, 14.2%]
   47/132 = 35.6% [28.0%, 44.1%]
   19/31 = 61.3% [43.8%, 76.3%]
   54/105 = 51.4% [42.0%, 60.8%]
   4/56 = 7.1% [2.8%, 17.0%]
   14/72 = 19.4% [12.0%, 30.0%]
   13/13 = 100.0% [77.2%, 100.0%]
   13/58 = 22.4% [13.6%, 34.7%]
   22/58 = 37.9% [26.6%, 50.8%]
   32/64 = 50.0% [38.1%, 61.9%]
   38/64 = 59.4% [47.1%, 70.5%]
   21/27 = 77.8% [59.2%, 89.4%]
   2/15 = 13.3% [3.7%, 37.9%]
   263/592 = 44.4% [40.5%, 48.5%]
   269/603 = 44.6% [40.7%, 48.6%]
   62/82 = 75.6% [65.3%, 83.6%]
   13/49 = 26.5% [16.2%, 40.3%]
   10/27 = 37.0% [21.5%, 55.8%]
   8/29 = 27.6% [14.7%, 45.7%]

=== N15: system t, non-system foot ===
system: n 214 sum -3786.27 W 57 L 132
era total foot: -3786.27 + 134.5 + 52.0 = -3599.77
