plan-linked rows: 71
e7 seam: [572, 573, 574]
NULL pnl_corrected (excluded, count shown): [576, 577, 579]
plan_id=UNRESOLVABLE: [(530, 'system', 13.0, 'off-plan', ''), (539, 'system', -84.5, 'off-plan', ''), (545, 'system', -29.5, '', ''), (546, 'system', -88.5, '', ''), (566, 'reconcile', 97.0, '', ''), (571, 'reconcile', -44.5, '', ''), (573, 'e7_farside_test', 6.0, '', ''), (574, 'e7_farside_test', -1.0, '', ''), (580, 'reconcile', 39.5, '', '')] sum -92.5
===== BROAD65
all: n=65 sum=-563.93 mean=-8.68 sd=101.16 se=12.55 t=-0.69 W/L/F=21/42/2 win=21/63=33.3% [22.9%,45.6%] avgW=114.67 avgL=-70.76 payoff=1.62 BE=38.2%
   ids: [521, 522, 523, 524, 525, 526, 527, 528, 529, 530, 531, 532, 533, 534, 535, 536, 537, 538, 539, 540, 541, 542, 543, 544, 545, 546, 547, 548, 549, 550, 551, 552, 553, 554, 555, 556, 557, 558, 559, 560, 561, 562, 563, 564, 565, 566, 567, 568, 569, 570, 571, 575, 578, 580, 581, 582, 583, 584, 585, 586, 587, 588, 589, 590, 591]
decision path (source=system): n=51 sum=-750.43 mean=-14.71 sd=106.09 se=14.86 t=-0.99 W/L/F=13/36/2 win=13/49=26.5% [16.2%,40.3%] avgW=140.88 avgL=-71.72 payoff=1.96 BE=33.7%
   ids: [521, 522, 523, 524, 525, 526, 527, 528, 529, 530, 531, 532, 533, 534, 535, 536, 537, 538, 539, 540, 541, 542, 543, 544, 545, 546, 547, 548, 549, 550, 551, 552, 553, 554, 555, 556, 557, 558, 559, 560, 561, 562, 563, 564, 565, 581, 583, 587, 588, 589, 590]
armed lineage (reconcile|armed_entry): n=14 sum=186.50 mean=13.32 sd=80.17 se=21.43 t=0.62 W/L/F=8/6/0 win=8/14=57.1% [32.6%,78.6%] avgW=72.06 avgL=-65.00 payoff=1.11 BE=47.4%
   ids: [566, 567, 568, 569, 570, 571, 575, 578, 580, 582, 584, 585, 586, 591]
slot S1: n=27 sum=321.00 mean=11.89 sd=115.91 se=22.31 t=0.53 W/L/F=10/17/0 win=10/27=37.0% [21.5%,55.8%] avgW=138.70 avgL=-62.71 payoff=2.21 BE=31.1%
   ids: [521, 523, 524, 525, 528, 532, 535, 536, 537, 538, 540, 541, 544, 548, 556, 557, 558, 561, 563, 565, 567, 568, 569, 578, 581, 585, 591]
slot S2: n=22 sum=-142.43 mean=-6.47 sd=95.94 se=20.45 t=-0.32 W/L/F=7/13/2 win=7/20=35.0% [18.1%,56.7%] avgW=112.93 avgL=-71.76 payoff=1.57 BE=38.9%
   ids: [526, 527, 529, 533, 534, 542, 543, 547, 549, 550, 551, 552, 553, 554, 555, 562, 570, 575, 582, 583, 584, 588]
slot S3: n=7 sum=-467.50 mean=-66.79 sd=77.85 se=29.42 t=-2.27 W/L/F=1/6/0 win=1/7=14.3% [2.6%,51.3%] avgW=81.00 avgL=-91.42 payoff=0.89 BE=53.0%
   ids: [522, 531, 560, 564, 586, 587, 589]
slot S4: n=2 sum=-177.50 mean=-88.75 sd=14.50 se=10.25 t=-8.66 W/L/F=0/2/0 win=0/2=0.0% [0.0%,65.8%] avgW=0.00 avgL=-88.75 payoff=0.00 BE=0.0%
   ids: [559, 590]
slot other/uncited: n=7 sum=-97.50 mean=-13.93 sd=67.83 se=25.64 t=-0.54 W/L/F=3/4/0 win=3/7=42.9% [15.8%,75.0%] avgW=49.83 avgL=-61.75 payoff=0.81 BE=55.3%
   ids: [530, 539, 545, 546, 566, 571, 580]
  cited distinct: ['NULL', 'S1', 'S2', 'S3', 'S4', 'off-plan']
S2-S4: n=31 sum=-787.43 mean=-25.40 sd=92.69 se=16.65 t=-1.53 W/L/F=8/21/2 win=8/29=27.6% [14.7%,45.7%] avgW=108.94 avgL=-79.00 payoff=1.38 BE=42.0%
   ids: [522, 526, 527, 529, 531, 533, 534, 542, 543, 547, 549, 550, 551, 552, 553, 554, 555, 559, 560, 562, 564, 570, 575, 582, 583, 584, 586, 587, 588, 589, 590]
session ASIA: n=16 sum=-552.43 mean=-34.53 sd=53.26 se=13.32 t=-2.59 W/L/F=2/13/1 win=2/15=13.3% [3.7%,37.9%] avgW=77.25 avgL=-54.38 payoff=1.42 BE=41.3%
   ids: [525, 526, 527, 533, 534, 535, 536, 537, 538, 550, 551, 552, 553, 561, 567, 587]
session LONDON: n=21 sum=24.00 mean=1.14 sd=102.57 se=22.38 t=0.05 W/L/F=7/14/0 win=7/21=33.3% [17.2%,54.6%] avgW=135.21 avgL=-65.89 payoff=2.05 BE=32.8%
   ids: [521, 522, 528, 529, 540, 541, 554, 555, 556, 557, 558, 562, 563, 564, 565, 568, 581, 582, 583, 584, 588]
session NY: n=21 sum=62.00 mean=2.95 sd=133.91 se=29.22 t=0.10 W/L/F=9/11/1 win=9/20=45.0% [25.8%,65.8%] avgW=128.61 avgL=-99.59 payoff=1.29 BE=43.6%
   ids: [523, 524, 531, 532, 542, 543, 544, 547, 548, 549, 559, 560, 569, 570, 575, 578, 585, 586, 589, 590, 591]
session None: n=0 sum=0.00 mean=0.00 sd=0.00 se=0.00 t=0.00 W/L/F=0/0/0 win=0/0=0.0% [0.0%,0.0%] avgW=0.00 avgL=0.00 payoff=0.00 BE=0.0%
   ids: []
LONDON+NY: n=42 sum=86.00 mean=2.05 sd=117.81 se=18.18 t=0.11 W/L/F=16/25/1 win=16/41=39.0% [25.7%,54.3%] avgW=131.50 avgL=-80.72 payoff=1.63 BE=38.0%
   ids: [521, 522, 523, 524, 528, 529, 531, 532, 540, 541, 542, 543, 544, 547, 548, 549, 554, 555, 556, 557, 558, 559, 560, 562, 563, 564, 565, 568, 569, 570, 575, 578, 581, 582, 583, 584, 585, 586, 588, 589, 590, 591]
long: n=0 sum=0.00 mean=0.00 sd=0.00 se=0.00 t=0.00 W/L/F=0/0/0 win=0/0=0.0% [0.0%,0.0%] avgW=0.00 avgL=0.00 payoff=0.00 BE=0.0%
   ids: []
short: n=0 sum=0.00 mean=0.00 sd=0.00 se=0.00 t=0.00 W/L/F=0/0/0 win=0/0=0.0% [0.0%,0.0%] avgW=0.00 avgL=0.00 payoff=0.00 BE=0.0%
   ids: []
S1 system: n=21 sum=457.50 mean=21.79 sd=122.95 se=26.83 t=0.81 W/L/F=8/13/0 win=8/21=38.1% [20.8%,59.1%] avgW=154.00 avgL=-59.58 payoff=2.58 BE=27.9%
   ids: [521, 523, 524, 525, 528, 532, 535, 536, 537, 538, 540, 541, 544, 548, 556, 557, 558, 561, 563, 565, 581]
S1 armed: n=6 sum=-136.50 mean=-22.75 sd=86.86 se=35.46 t=-0.64 W/L/F=2/4/0 win=2/6=33.3% [9.7%,70.0%] avgW=77.50 avgL=-72.88 payoff=1.06 BE=48.5%
   ids: [567, 568, 569, 578, 585, 591]
S2 armed: n=4 sum=285.00 mean=71.25 sd=54.91 se=27.45 t=2.60 W/L/F=4/0/0 win=4/4=100.0% [51.0%,100.0%] avgW=71.25 avgL=0.00 payoff=0.00 BE=0.0%
   ids: [570, 575, 582, 584]
S2-S4 armed: n=5 sum=231.00 mean=46.20 sd=73.48 se=32.86 t=1.41 W/L/F=4/1/0 win=4/5=80.0% [37.6%,96.4%] avgW=71.25 avgL=-54.00 payoff=1.32 BE=43.1%
   ids: [570, 575, 582, 584, 586]
S1 system on/before 08-20: n=8 sum=793.00 mean=99.12 sd=148.12 se=52.37 t=1.89 W/L/F=5/3/0 win=5/8=62.5% [30.6%,86.3%] avgW=192.90 avgL=-57.17 payoff=3.37 BE=22.9%
   ids: [521, 523, 524, 525, 528, 532, 535, 536]
S1 system after 08-20: n=13 sum=-335.50 mean=-25.81 sd=77.17 se=21.40 t=-1.21 W/L/F=3/10/0 win=3/13=23.1% [8.2%,50.3%] avgW=89.17 avgL=-60.30 payoff=1.48 BE=40.3%
   ids: [537, 538, 540, 541, 544, 548, 556, 557, 558, 561, 563, 565, 581]
S1 any after 08-20: n=19 sum=-472.00 mean=-24.84 sd=77.89 se=17.87 t=-1.39 W/L/F=5/14/0 win=5/19=26.3% [11.8%,48.8%] avgW=84.50 avgL=-63.89 payoff=1.32 BE=43.1%
   ids: [537, 538, 540, 541, 544, 548, 556, 557, 558, 561, 563, 565, 567, 568, 569, 578, 581, 585, 591]
ASIA system: n=15 sum=-510.43 mean=-34.03 sd=55.09 se=14.23 t=-2.39 W/L/F=2/12/1 win=2/14=14.3% [4.0%,39.9%] avgW=77.25 avgL=-55.41 payoff=1.39 BE=41.8%
   ids: [525, 526, 527, 533, 534, 535, 536, 537, 538, 550, 551, 552, 553, 561, 587]
ASIA armed: n=1 sum=-42.00 mean=-42.00 sd=0.00 se=0.00 t=0.00 W/L/F=0/1/0 win=0/1=0.0% [0.0%,79.3%] avgW=0.00 avgL=-42.00 payoff=0.00 BE=0.0%
   ids: [567]
long system: n=0 sum=0.00 mean=0.00 sd=0.00 se=0.00 t=0.00 W/L/F=0/0/0 win=0/0=0.0% [0.0%,0.0%] avgW=0.00 avgL=0.00 payoff=0.00 BE=0.0%
   ids: []
long armed: n=0 sum=0.00 mean=0.00 sd=0.00 se=0.00 t=0.00 W/L/F=0/0/0 win=0/0=0.0% [0.0%,0.0%] avgW=0.00 avgL=0.00 payoff=0.00 BE=0.0%
   ids: []
short armed: n=0 sum=0.00 mean=0.00 sd=0.00 se=0.00 t=0.00 W/L/F=0/0/0 win=0/0=0.0% [0.0%,0.0%] avgW=0.00 avgL=0.00 payoff=0.00 BE=0.0%
   ids: []
  session-days (17:00 CT roll): 12 [datetime.date(2026, 8, 19), datetime.date(2026, 8, 20), datetime.date(2026, 8, 21), datetime.date(2026, 8, 24), datetime.date(2026, 8, 25), datetime.date(2026, 8, 26), datetime.date(2026, 8, 27), datetime.date(2026, 8, 28), datetime.date(2026, 8, 31), datetime.date(2026, 9, 1), datetime.date(2026, 9, 2), datetime.date(2026, 9, 3)]
  holding min n=65 median=26.0 p25=12.2 p75=55.4 max=219.7
  mae/mfe non-null: 64
===== COMPLIANT58
all: n=58 sum=-466.43 mean=-8.04 sd=104.89 se=13.77 t=-0.58 W/L/F=18/38/2 win=18/56=32.1% [21.4%,45.2%] avgW=125.47 avgL=-71.71 payoff=1.75 BE=36.4%
   ids: [521, 522, 523, 524, 525, 526, 527, 528, 529, 531, 532, 533, 534, 535, 536, 537, 538, 540, 541, 542, 543, 544, 547, 548, 549, 550, 551, 552, 553, 554, 555, 556, 557, 558, 559, 560, 561, 562, 563, 564, 565, 567, 568, 569, 570, 575, 578, 581, 582, 583, 584, 585, 586, 587, 588, 589, 590, 591]
decision path (source=system): n=47 sum=-560.93 mean=-11.93 sd=109.46 se=15.97 t=-0.75 W/L/F=12/33/2 win=12/45=26.7% [16.0%,41.0%] avgW=151.54 avgL=-72.10 payoff=2.10 BE=32.2%
   ids: [521, 522, 523, 524, 525, 526, 527, 528, 529, 531, 532, 533, 534, 535, 536, 537, 538, 540, 541, 542, 543, 544, 547, 548, 549, 550, 551, 552, 553, 554, 555, 556, 557, 558, 559, 560, 561, 562, 563, 564, 565, 581, 583, 587, 588, 589, 590]
armed lineage (reconcile|armed_entry): n=11 sum=94.50 mean=8.59 sd=85.02 se=25.63 t=0.34 W/L/F=6/5/0 win=6/11=54.5% [28.0%,78.7%] avgW=73.33 avgL=-69.10 payoff=1.06 BE=48.5%
   ids: [567, 568, 569, 570, 575, 578, 582, 584, 585, 586, 591]
slot S1: n=27 sum=321.00 mean=11.89 sd=115.91 se=22.31 t=0.53 W/L/F=10/17/0 win=10/27=37.0% [21.5%,55.8%] avgW=138.70 avgL=-62.71 payoff=2.21 BE=31.1%
   ids: [521, 523, 524, 525, 528, 532, 535, 536, 537, 538, 540, 541, 544, 548, 556, 557, 558, 561, 563, 565, 567, 568, 569, 578, 581, 585, 591]
slot S2: n=22 sum=-142.43 mean=-6.47 sd=95.94 se=20.45 t=-0.32 W/L/F=7/13/2 win=7/20=35.0% [18.1%,56.7%] avgW=112.93 avgL=-71.76 payoff=1.57 BE=38.9%
   ids: [526, 527, 529, 533, 534, 542, 543, 547, 549, 550, 551, 552, 553, 554, 555, 562, 570, 575, 582, 583, 584, 588]
slot S3: n=7 sum=-467.50 mean=-66.79 sd=77.85 se=29.42 t=-2.27 W/L/F=1/6/0 win=1/7=14.3% [2.6%,51.3%] avgW=81.00 avgL=-91.42 payoff=0.89 BE=53.0%
   ids: [522, 531, 560, 564, 586, 587, 589]
slot S4: n=2 sum=-177.50 mean=-88.75 sd=14.50 se=10.25 t=-8.66 W/L/F=0/2/0 win=0/2=0.0% [0.0%,65.8%] avgW=0.00 avgL=-88.75 payoff=0.00 BE=0.0%
   ids: [559, 590]
slot other/uncited: n=0 sum=0.00 mean=0.00 sd=0.00 se=0.00 t=0.00 W/L/F=0/0/0 win=0/0=0.0% [0.0%,0.0%] avgW=0.00 avgL=0.00 payoff=0.00 BE=0.0%
   ids: []
  cited distinct: ['S1', 'S2', 'S3', 'S4']
S2-S4: n=31 sum=-787.43 mean=-25.40 sd=92.69 se=16.65 t=-1.53 W/L/F=8/21/2 win=8/29=27.6% [14.7%,45.7%] avgW=108.94 avgL=-79.00 payoff=1.38 BE=42.0%
   ids: [522, 526, 527, 529, 531, 533, 534, 542, 543, 547, 549, 550, 551, 552, 553, 554, 555, 559, 560, 562, 564, 570, 575, 582, 583, 584, 586, 587, 588, 589, 590]
session ASIA: n=16 sum=-552.43 mean=-34.53 sd=53.26 se=13.32 t=-2.59 W/L/F=2/13/1 win=2/15=13.3% [3.7%,37.9%] avgW=77.25 avgL=-54.38 payoff=1.42 BE=41.3%
   ids: [525, 526, 527, 533, 534, 535, 536, 537, 538, 550, 551, 552, 553, 561, 567, 587]
session LONDON: n=21 sum=24.00 mean=1.14 sd=102.57 se=22.38 t=0.05 W/L/F=7/14/0 win=7/21=33.3% [17.2%,54.6%] avgW=135.21 avgL=-65.89 payoff=2.05 BE=32.8%
   ids: [521, 522, 528, 529, 540, 541, 554, 555, 556, 557, 558, 562, 563, 564, 565, 568, 581, 582, 583, 584, 588]
session NY: n=21 sum=62.00 mean=2.95 sd=133.91 se=29.22 t=0.10 W/L/F=9/11/1 win=9/20=45.0% [25.8%,65.8%] avgW=128.61 avgL=-99.59 payoff=1.29 BE=43.6%
   ids: [523, 524, 531, 532, 542, 543, 544, 547, 548, 549, 559, 560, 569, 570, 575, 578, 585, 586, 589, 590, 591]
session None: n=0 sum=0.00 mean=0.00 sd=0.00 se=0.00 t=0.00 W/L/F=0/0/0 win=0/0=0.0% [0.0%,0.0%] avgW=0.00 avgL=0.00 payoff=0.00 BE=0.0%
   ids: []
LONDON+NY: n=42 sum=86.00 mean=2.05 sd=117.81 se=18.18 t=0.11 W/L/F=16/25/1 win=16/41=39.0% [25.7%,54.3%] avgW=131.50 avgL=-80.72 payoff=1.63 BE=38.0%
   ids: [521, 522, 523, 524, 528, 529, 531, 532, 540, 541, 542, 543, 544, 547, 548, 549, 554, 555, 556, 557, 558, 559, 560, 562, 563, 564, 565, 568, 569, 570, 575, 578, 581, 582, 583, 584, 585, 586, 588, 589, 590, 591]
long: n=0 sum=0.00 mean=0.00 sd=0.00 se=0.00 t=0.00 W/L/F=0/0/0 win=0/0=0.0% [0.0%,0.0%] avgW=0.00 avgL=0.00 payoff=0.00 BE=0.0%
   ids: []
short: n=0 sum=0.00 mean=0.00 sd=0.00 se=0.00 t=0.00 W/L/F=0/0/0 win=0/0=0.0% [0.0%,0.0%] avgW=0.00 avgL=0.00 payoff=0.00 BE=0.0%
   ids: []
S1 system: n=21 sum=457.50 mean=21.79 sd=122.95 se=26.83 t=0.81 W/L/F=8/13/0 win=8/21=38.1% [20.8%,59.1%] avgW=154.00 avgL=-59.58 payoff=2.58 BE=27.9%
   ids: [521, 523, 524, 525, 528, 532, 535, 536, 537, 538, 540, 541, 544, 548, 556, 557, 558, 561, 563, 565, 581]
S1 armed: n=6 sum=-136.50 mean=-22.75 sd=86.86 se=35.46 t=-0.64 W/L/F=2/4/0 win=2/6=33.3% [9.7%,70.0%] avgW=77.50 avgL=-72.88 payoff=1.06 BE=48.5%
   ids: [567, 568, 569, 578, 585, 591]
S2 armed: n=4 sum=285.00 mean=71.25 sd=54.91 se=27.45 t=2.60 W/L/F=4/0/0 win=4/4=100.0% [51.0%,100.0%] avgW=71.25 avgL=0.00 payoff=0.00 BE=0.0%
   ids: [570, 575, 582, 584]
S2-S4 armed: n=5 sum=231.00 mean=46.20 sd=73.48 se=32.86 t=1.41 W/L/F=4/1/0 win=4/5=80.0% [37.6%,96.4%] avgW=71.25 avgL=-54.00 payoff=1.32 BE=43.1%
   ids: [570, 575, 582, 584, 586]
S1 system on/before 08-20: n=8 sum=793.00 mean=99.12 sd=148.12 se=52.37 t=1.89 W/L/F=5/3/0 win=5/8=62.5% [30.6%,86.3%] avgW=192.90 avgL=-57.17 payoff=3.37 BE=22.9%
   ids: [521, 523, 524, 525, 528, 532, 535, 536]
S1 system after 08-20: n=13 sum=-335.50 mean=-25.81 sd=77.17 se=21.40 t=-1.21 W/L/F=3/10/0 win=3/13=23.1% [8.2%,50.3%] avgW=89.17 avgL=-60.30 payoff=1.48 BE=40.3%
   ids: [537, 538, 540, 541, 544, 548, 556, 557, 558, 561, 563, 565, 581]
S1 any after 08-20: n=19 sum=-472.00 mean=-24.84 sd=77.89 se=17.87 t=-1.39 W/L/F=5/14/0 win=5/19=26.3% [11.8%,48.8%] avgW=84.50 avgL=-63.89 payoff=1.32 BE=43.1%
   ids: [537, 538, 540, 541, 544, 548, 556, 557, 558, 561, 563, 565, 567, 568, 569, 578, 581, 585, 591]
ASIA system: n=15 sum=-510.43 mean=-34.03 sd=55.09 se=14.23 t=-2.39 W/L/F=2/12/1 win=2/14=14.3% [4.0%,39.9%] avgW=77.25 avgL=-55.41 payoff=1.39 BE=41.8%
   ids: [525, 526, 527, 533, 534, 535, 536, 537, 538, 550, 551, 552, 553, 561, 587]
ASIA armed: n=1 sum=-42.00 mean=-42.00 sd=0.00 se=0.00 t=0.00 W/L/F=0/1/0 win=0/1=0.0% [0.0%,79.3%] avgW=0.00 avgL=-42.00 payoff=0.00 BE=0.0%
   ids: [567]
long system: n=0 sum=0.00 mean=0.00 sd=0.00 se=0.00 t=0.00 W/L/F=0/0/0 win=0/0=0.0% [0.0%,0.0%] avgW=0.00 avgL=0.00 payoff=0.00 BE=0.0%
   ids: []
long armed: n=0 sum=0.00 mean=0.00 sd=0.00 se=0.00 t=0.00 W/L/F=0/0/0 win=0/0=0.0% [0.0%,0.0%] avgW=0.00 avgL=0.00 payoff=0.00 BE=0.0%
   ids: []
short armed: n=0 sum=0.00 mean=0.00 sd=0.00 se=0.00 t=0.00 W/L/F=0/0/0 win=0/0=0.0% [0.0%,0.0%] avgW=0.00 avgL=0.00 payoff=0.00 BE=0.0%
   ids: []
  session-days (17:00 CT roll): 12 [datetime.date(2026, 8, 19), datetime.date(2026, 8, 20), datetime.date(2026, 8, 21), datetime.date(2026, 8, 24), datetime.date(2026, 8, 25), datetime.date(2026, 8, 26), datetime.date(2026, 8, 27), datetime.date(2026, 8, 28), datetime.date(2026, 8, 31), datetime.date(2026, 9, 1), datetime.date(2026, 9, 2), datetime.date(2026, 9, 3)]
  holding min n=58 median=25.6 p25=12.3 p75=56.3 max=219.7
  mae/mfe non-null: 58
UNRESOLVABLE rows detail:
   (530, 'system', 'UNRESOLVABLE', 'off-plan', '', '', 13.0, 'SHORT', '2026-08-20 08:12:02', 'sync', 6.25, 10.0, 29342.25, 29335.75, 1787231726009)
   (539, 'system', 'UNRESOLVABLE', 'off-plan', '', '', -84.5, 'SHORT', '2026-08-21 03:54:09', 'sync', 43.0, 42.25, 29453.0, 29495.25, 1787306411326)
   (545, 'system', 'UNRESOLVABLE', '', '', '', -29.5, 'LONG', '2026-08-23 22:28:10', 'sync', 15.25, 3.0, 29298.5, 29283.75, 1787542345368)
   (546, 'system', 'UNRESOLVABLE', '', '', '', -88.5, 'LONG', '2026-08-24 07:06:42', 'sync', 51.0, 9.75, 29222.5, 29178.25, 1787574773287)
   (566, 'reconcile', 'UNRESOLVABLE', '', '', '', 97.0, 'LONG', '2026-08-27 11:32:53', 'sync', None, None, 29611.5, 29660.0, 1787850109019)
   (571, 'reconcile', 'UNRESOLVABLE', '', '', '', -44.5, 'LONG', '2026-08-30 17:38:33', 'sync', 22.5, 17.0, 29437.0, 29414.75, 1788131593328)
   (573, 'e7_farside_test', 'UNRESOLVABLE', '', '', '', 6.0, 'LONG', '2026-08-30 22:52:16', 'e7_farside_test', 8.0, 7.5, 29347.0, 29350.0, 1788148717576)
   (574, 'e7_farside_test', 'UNRESOLVABLE', '', '', '', -1.0, 'LONG', '2026-08-30 23:00:16', 'e7_farside_test', 5.0, 5.25, 29348.25, 29348.0, 1788149079612)
   (580, 'reconcile', 'UNRESOLVABLE', '', '', '', 39.5, 'SHORT', '2026-08-31 13:37:08', 'sync', 0.0, 20.75, 29417.25, 29397.5, 1788201499024)
(71,) rows entry_time >= 2026-08-15 00:00 CT
(206,) rows since 08-09 00:00 CT
(206,) rows since 08-09 00:00 UTC
(253,) rows since 08-01 CT
