era rows (entry_time>=2026-08-15 00:00 CT): 71
e7 seam: [572, 573, 574]
pnl_corrected NULL (excluded, COUNT shown): 4 [572, 576, 577, 579]
plan_id=UNRESOLVABLE: 9 [530, 539, 545, 546, 566, 571, 573, 574, 580]
plan_id empty/NULL: 0 []

===== BROAD (test-seam + NULL excluded only)
all: n=65 sum=-563.93 mean=-8.68 sd=101.16 se=12.55 t=-0.69 W/L/F=21/42/2 win=21/63=33.3% [22.9%,45.6%] avgW=114.67 avgL=-70.76 payoff=1.62 BE=38.2%
   ids: [521, 522, 523, 524, 525, 526, 527, 528, 529, 530, 531, 532, 533, 534, 535, 536, 537, 538, 539, 540, 541, 542, 543, 544, 545, 546, 547, 548, 549, 550, 551, 552, 553, 554, 555, 556, 557, 558, 559, 560, 561, 562, 563, 564, 565, 566, 567, 568, 569, 570, 571, 575, 578, 580, 581, 582, 583, 584, 585, 586, 587, 588, 589, 590, 591]

===== COMPLIANT (also excludes plan_id=UNRESOLVABLE)
all: n=58 sum=-466.43 mean=-8.04 sd=104.89 se=13.77 t=-0.58 W/L/F=18/38/2 win=18/56=32.1% [21.4%,45.2%] avgW=125.47 avgL=-71.71 payoff=1.75 BE=36.4%
   ids: [521, 522, 523, 524, 525, 526, 527, 528, 529, 531, 532, 533, 534, 535, 536, 537, 538, 540, 541, 542, 543, 544, 547, 548, 549, 550, 551, 552, 553, 554, 555, 556, 557, 558, 559, 560, 561, 562, 563, 564, 565, 567, 568, 569, 570, 575, 578, 581, 582, 583, 584, 585, 586, 587, 588, 589, 590, 591]
  decision path source=system: n=47 sum=-560.93 mean=-11.93 sd=109.46 se=15.97 t=-0.75 W/L/F=12/33/2 win=12/45=26.7% [16.0%,41.0%] avgW=151.54 avgL=-72.10 payoff=2.10 BE=32.2%
   ids: [521, 522, 523, 524, 525, 526, 527, 528, 529, 531, 532, 533, 534, 535, 536, 537, 538, 540, 541, 542, 543, 544, 547, 548, 549, 550, 551, 552, 553, 554, 555, 556, 557, 558, 559, 560, 561, 562, 563, 564, 565, 581, 583, 587, 588, 589, 590]
  armed_fill band: n=9 sum=+42.50 mean=+4.72 sd=79.15 se=26.38 t=+0.18 W/L/F=5/4/0 win=5/9=55.6% [26.7%,81.1%] avgW=62.10 avgL=-67.00 payoff=0.93 BE=51.9%
   ids: [567, 568, 569, 570, 575, 578, 584, 586, 591]
  armed lineage any: n=11 sum=+94.50 mean=+8.59 sd=85.02 se=25.63 t=+0.34 W/L/F=6/5/0 win=6/11=54.5% [28.0%,78.7%] avgW=73.33 avgL=-69.10 payoff=1.06 BE=48.5%
   ids: [567, 568, 569, 570, 575, 578, 582, 584, 585, 586, 591]
  slot S1: n=27 sum=+321.00 mean=+11.89 sd=115.91 se=22.31 t=+0.53 W/L/F=10/17/0 win=10/27=37.0% [21.5%,55.8%] avgW=138.70 avgL=-62.71 payoff=2.21 BE=31.1%
   ids: [521, 523, 524, 525, 528, 532, 535, 536, 537, 538, 540, 541, 544, 548, 556, 557, 558, 561, 563, 565, 567, 568, 569, 578, 581, 585, 591]
  slot S2: n=22 sum=-142.43 mean=-6.47 sd=95.94 se=20.45 t=-0.32 W/L/F=7/13/2 win=7/20=35.0% [18.1%,56.7%] avgW=112.93 avgL=-71.76 payoff=1.57 BE=38.9%
   ids: [526, 527, 529, 533, 534, 542, 543, 547, 549, 550, 551, 552, 553, 554, 555, 562, 570, 575, 582, 583, 584, 588]
  slot S3: n=7 sum=-467.50 mean=-66.79 sd=77.85 se=29.42 t=-2.27 W/L/F=1/6/0 win=1/7=14.3% [2.6%,51.3%] avgW=81.00 avgL=-91.42 payoff=0.89 BE=53.0%
   ids: [522, 531, 560, 564, 586, 587, 589]
  slot S4: n=2 sum=-177.50 mean=-88.75 sd=14.50 se=10.25 t=-8.66 W/L/F=0/2/0 win=0/2=0.0% [0.0%,65.8%] avgW=0.00 avgL=-88.75 payoff=0.00 BE=100.0%
   ids: [559, 590]
  S2-S4: n=31 sum=-787.43 mean=-25.40 sd=92.69 se=16.65 t=-1.53 W/L/F=8/21/2 win=8/29=27.6% [14.7%,45.7%] avgW=108.94 avgL=-79.00 payoff=1.38 BE=42.0%
   ids: [522, 526, 527, 529, 531, 533, 534, 542, 543, 547, 549, 550, 551, 552, 553, 554, 555, 559, 560, 562, 564, 570, 575, 582, 583, 584, 586, 587, 588, 589, 590]
  session ASIA: n=16 sum=-552.43 mean=-34.53 sd=53.26 se=13.32 t=-2.59 W/L/F=2/13/1 win=2/15=13.3% [3.7%,37.9%] avgW=77.25 avgL=-54.38 payoff=1.42 BE=41.3%
   ids: [525, 526, 527, 533, 534, 535, 536, 537, 538, 550, 551, 552, 553, 561, 567, 587]
  session LONDON: n=21 sum=+24.00 mean=+1.14 sd=102.57 se=22.38 t=+0.05 W/L/F=7/14/0 win=7/21=33.3% [17.2%,54.6%] avgW=135.21 avgL=-65.89 payoff=2.05 BE=32.8%
   ids: [521, 522, 528, 529, 540, 541, 554, 555, 556, 557, 558, 562, 563, 564, 565, 568, 581, 582, 583, 584, 588]
  session NY: n=21 sum=+62.00 mean=+2.95 sd=133.91 se=29.22 t=+0.10 W/L/F=9/11/1 win=9/20=45.0% [25.8%,65.8%] avgW=128.61 avgL=-99.59 payoff=1.29 BE=43.6%
   ids: [523, 524, 531, 532, 542, 543, 544, 547, 548, 549, 559, 560, 569, 570, 575, 578, 585, 586, 589, 590, 591]
  LONDON+NY: n=42 sum=+86.00 mean=+2.05 sd=117.81 se=18.18 t=+0.11 W/L/F=16/25/1 win=16/41=39.0% [25.7%,54.3%] avgW=131.50 avgL=-80.72 payoff=1.63 BE=38.0%
   ids: [521, 522, 523, 524, 528, 529, 531, 532, 540, 541, 542, 543, 544, 547, 548, 549, 554, 555, 556, 557, 558, 559, 560, 562, 563, 564, 565, 568, 569, 570, 575, 578, 581, 582, 583, 584, 585, 586, 588, 589, 590, 591]
  LONG: n=19 sum=-808.50 mean=-42.55 sd=78.15 se=17.93 t=-2.37 W/L/F=4/15/0 win=4/19=21.1% [8.5%,43.3%] avgW=80.88 avgL=-75.47 payoff=1.07 BE=48.3%
   ids: [525, 531, 540, 541, 555, 556, 557, 558, 559, 561, 563, 570, 578, 583, 586, 587, 588, 589, 590]
  SHORT: n=39 sum=+342.07 mean=+8.77 sd=112.81 se=18.06 t=+0.49 W/L/F=14/23/2 win=14/37=37.8% [24.1%,53.9%] avgW=138.21 avgL=-69.26 payoff=2.00 BE=33.4%
   ids: [521, 522, 523, 524, 526, 527, 528, 529, 532, 533, 534, 535, 536, 537, 538, 542, 543, 544, 547, 548, 549, 550, 551, 552, 553, 554, 560, 562, 564, 565, 567, 568, 569, 575, 581, 582, 584, 585, 591]
  session-days: [datetime.date(2026, 8, 18), datetime.date(2026, 8, 19), datetime.date(2026, 8, 20), datetime.date(2026, 8, 23), datetime.date(2026, 8, 24), datetime.date(2026, 8, 25), datetime.date(2026, 8, 26), datetime.date(2026, 8, 27), datetime.date(2026, 8, 30), datetime.date(2026, 8, 31), datetime.date(2026, 9, 1), datetime.date(2026, 9, 2)]
  holding min n=58 median=25.6 p25=12.2 p75=56.6 max=219.7
  mae/mfe non-null in compliant: 58
  UNRESOLVABLE sum: -97.5
