-- by entry month (CT), pnl_corrected null/notnull
   ('2026-05', 8, 0, 8)
   ('2026-06', 323, 1, 324)
   ('2026-07', 2, 0, 2)
   ('2026-08', 24, 218, 242)
   ('2026-09', 0, 11, 11)
-- by created_at month
   ('2026-05', 8)
   ('2026-06', 324)
   ('2026-07', 2)
   ('2026-08', 242)
   ('2026-09', 11)
-- pnl_corrected notnull by entry day range
   ('2026-06-28 17:35:07', '2026-09-03 09:05:14', 230)
-- count entry_time >= 2026-07-15 / 08-01 / 08-15 / 08-19 / 09-02
   2026-07-15 (253, 229, 64, 66)
   2026-08-01 (253, 229, 64, 66)
   2026-08-15 (71, 67, 64, 66)
   2026-08-19 (71, 67, 64, 66)
   2026-09-01 (11, 11, 11, 10)
   2026-09-02 (5, 5, 5, 5)
-- text compare trap: entry_time >= '2026-08-15' (string) ->
   (0,)
-- rows with pnl_corrected not null but entry before 08-15:
   (163, '2026-06-28 17:35:07', '2026-08-13 14:49:31')
