-- snapshots on 09-04 with working_count>=2: id, time, reason, working, names
   1517 2026-09-04 10:16:03 state_change 2 [('c1d016b2', 'stop', 29590.5, 'Accepted'), ('a0054682', 'stop', 29590.5, 'Initialized')]
   1518 2026-09-04 10:16:03 state_change 2 [('c1d016b2', 'stop', 29590.5, 'Accepted'), ('a0054682', 'stop', 29590.5, 'Submitted')]
   1519 2026-09-04 10:16:03 state_change 2 [('c1d016b2', 'stop', 29590.5, 'Accepted'), ('a0054682', 'stop', 29590.5, 'Accepted')]
   1568 2026-09-04 10:29:38 periodic 3 [('719f4bbb', 'stop', 29590.5, 'Accepted'), ('c794d0ce', 'stop', 29590.5, 'Accepted'), ('4646df81', 'stop', 29590.5, 'Accepted')]
   1593 2026-09-04 10:36:08 periodic 7 [('719f4bbb', 'stop', 29590.5, 'Accepted'), ('c794d0ce', 'stop', 29590.5, 'Accepted'), ('4646df81', 'stop', 29590.5, 'Accepted'), ('c5d4860a', 'stop', 29590.5, 'Accepted'), ('9fcd8c7c', 'stop', 29590.5, 'Accepted'), ('9b146ffa', 'stop', 29590.5, 'Accepted'), ('7dd07a19', 'stop', 29590.5, 'Accepted')]
   1618 2026-09-04 10:42:01 state_change 9 [('c794d0ce', 'stop', 29590.5, 'CancelSubmitted'), ('4646df81', 'stop', 29590.5, 'Accepted'), ('c5d4860a', 'stop', 29590.5, 'Accepted'), ('9fcd8c7c', 'stop', 29590.5, 'Accepted'), ('9b146ffa', 'stop', 29590.5, 'Accepted'), ('7dd07a19', 'stop', 29590.5, 'Accepted'), ('6a5da3fa', 'stop', 29590.5, 'Accepted'), ('183d16ad', 'stop', 29590.5, 'Accepted'), ('993322b9', 'stop', 29590.5, 'Accepted')]
   1643 2026-09-04 10:47:38 periodic 8 [('9fcd8c7c', 'stop', 29590.5, 'Accepted'), ('9b146ffa', 'stop', 29590.5, 'Accepted'), ('7dd07a19', 'stop', 29590.5, 'Accepted'), ('6a5da3fa', 'stop', 29590.5, 'Accepted'), ('183d16ad', 'stop', 29590.5, 'Accepted'), ('993322b9', 'stop', 29590.5, 'Accepted'), ('b42631c8', 'stop', 29590.5, 'Accepted'), ('fa195d44', 'stop', 29590.5, 'Accepted')]
   1668 2026-09-04 10:52:00 state_change 8 [('6a5da3fa', 'stop', 29590.5, 'Accepted'), ('183d16ad', 'stop', 29590.5, 'Accepted'), ('993322b9', 'stop', 29590.5, 'Accepted'), ('b42631c8', 'stop', 29590.5, 'Accepted'), ('fa195d44', 'stop', 29590.5, 'Accepted'), ('60adff7a', 'stop', 29590.5, 'Accepted'), ('3bea0045', 'stop', 29590.5, 'Accepted'), ('04b3e307', 'stop', 29590.5, 'Accepted')]
   1693 2026-09-04 10:53:11 state_change 5 [('fa195d44', 'stop', 29590.5, 'CancelSubmitted'), ('60adff7a', 'stop', 29590.5, 'CancelSubmitted'), ('3bea0045', 'stop', 29590.5, 'CancelSubmitted'), ('04b3e307', 'stop', 29590.5, 'CancelSubmitted'), ('931a761a', 'stop', 29590.5, 'Submitted')]
   total snapshots with >=2 working on 09-04: 153
-- first working_count=9 snapshot: 1604 2026-09-04 10:40:01 state_change
     {'order_id': '299043a487fc44499e1806077a5f28ab', 'symbol': 'MNQ', 'name': '719f4bbb-069a-4c81-8df0-f0d1e112335a', 'action': 'sell', 'type': 'stop', 'limit_price': 29590.5, 'quantity': 1, 'state': 'Accepted'}
     {'order_id': '0258b4cb048d4971a5aeef0db025d92b', 'symbol': 'MNQ', 'name': 'c794d0ce-0ca7-4c03-894c-25ddf4468935', 'action': 'sell', 'type': 'stop', 'limit_price': 29590.5, 'quantity': 1, 'state': 'Accepted'}
     {'order_id': '81b63886467d4620bcb08df09c583c97', 'symbol': 'MNQ', 'name': '4646df81-f408-48bc-9834-477105ed801c', 'action': 'sell', 'type': 'stop', 'limit_price': 29590.5, 'quantity': 1, 'state': 'Accepted'}
     {'order_id': '5b30d833d96f41cba14541b8652024c0', 'symbol': 'MNQ', 'name': 'c5d4860a-1d7f-4480-bd27-fc6958221dae', 'action': 'sell', 'type': 'stop', 'limit_price': 29590.5, 'quantity': 1, 'state': 'Accepted'}
     {'order_id': '6a8ca44d43fd44cd932f15a84c6cdb6d', 'symbol': 'MNQ', 'name': '9fcd8c7c-7d13-4e97-871c-21a49f44c643', 'action': 'sell', 'type': 'stop', 'limit_price': 29590.5, 'quantity': 1, 'state': 'Accepted'}
     {'order_id': 'c39974001a914523a8baac57660deddb', 'symbol': 'MNQ', 'name': '9b146ffa-d569-44f9-a6b6-0701073418e9', 'action': 'sell', 'type': 'stop', 'limit_price': 29590.5, 'quantity': 1, 'state': 'Accepted'}
     {'order_id': '4c4cea3b76b54ae788fc3ec8e3367d45', 'symbol': 'MNQ', 'name': '7dd07a19-701e-4afa-9b15-655f65810e9e', 'action': 'sell', 'type': 'stop', 'limit_price': 29590.5, 'quantity': 1, 'state': 'Accepted'}
     {'order_id': '114342817039452cb3ca2d7d4641ffa3', 'symbol': 'MNQ', 'name': '6a5da3fa-2992-426f-b56e-9d1eb805c350', 'action': 'sell', 'type': 'stop', 'limit_price': 29590.5, 'quantity': 1, 'state': 'Accepted'}
     {'order_id': 'd260f9bd68504d55bc5284b4599a472b', 'symbol': 'MNQ', 'name': '183d16ad-75df-4fcf-bd9c-685900a8aa25', 'action': 'sell', 'type': 'stop', 'limit_price': 29590.5, 'quantity': 1, 'state': 'Initialized'}
-- time span of working_count>=2 on 09-04
   ('2026-09-04 10:16:03', '2026-09-04 10:53:11', 153)
-- working_count histogram 09-04
   (0, 2648)
   (1, 207)
   (2, 19)
   (3, 8)
   (4, 8)
   (5, 8)
   (6, 8)
   (7, 8)
   (8, 58)
   (9, 36)
-- per-minute max working_count 10:00-11:00 09-04
   ('10:00', 0, 2)
   ('10:01', 0, 2)
   ('10:02', 0, 2)
   ('10:03', 0, 2)
   ('10:04', 0, 2)
   ('10:05', 1, 5)
   ('10:06', 1, 5)
   ('10:07', 0, 2)
   ('10:08', 0, 2)
   ('10:09', 0, 2)
   ('10:10', 1, 5)
   ('10:11', 1, 2)
   ('10:12', 1, 5)
   ('10:13', 0, 2)
   ('10:14', 0, 2)
   ('10:15', 1, 5)
   ('10:16', 2, 5)
   ('10:17', 2, 2)
   ('10:18', 2, 8)
   ('10:19', 0, 2)
   ('10:20', 1, 5)
   ('10:21', 1, 2)
   ('10:22', 1, 5)
   ('10:23', 0, 2)
   ('10:24', 0, 2)
   ('10:25', 1, 5)
   ('10:26', 2, 5)
   ('10:27', 2, 2)
   ('10:28', 3, 5)
   ('10:29', 3, 2)
   ('10:30', 4, 5)
   ('10:31', 4, 2)
   ('10:32', 5, 5)
   ('10:33', 5, 2)
   ('10:34', 6, 5)
   ('10:35', 6, 2)
   ('10:36', 7, 5)
   ('10:37', 7, 2)
   ('10:38', 8, 5)
   ('10:39', 8, 2)
   ('10:40', 9, 8)
   ('10:41', 8, 2)
   ('10:42', 9, 8)
   ('10:43', 8, 2)
   ('10:44', 9, 8)
   ('10:45', 8, 2)
   ('10:46', 9, 8)
   ('10:47', 8, 2)
   ('10:48', 9, 8)
   ('10:49', 8, 2)
   ('10:50', 9, 8)
   ('10:51', 8, 2)
   ('10:52', 9, 8)
   ('10:53', 9, 28)
   ('10:54', 1, 2)
   ('10:55', 1, 2)
   ('10:56', 1, 2)
   ('10:57', 1, 2)
   ('10:58', 1, 2)
   ('10:59', 1, 2)
   ('11:00', 1, 2)
   ('11:01', 1, 2)
   ('11:02', 1, 2)
   ('11:03', 1, 2)
   ('11:04', 1, 2)
   ('11:05', 1, 2)
   ('11:06', 1, 2)
   ('11:07', 1, 2)
   ('11:08', 1, 2)
   ('11:09', 1, 2)
   ('11:10', 1, 2)
   ('11:11', 1, 2)
   ('11:12', 1, 2)
   ('11:13', 1, 2)
   ('11:14', 1, 2)
   ('11:15', 1, 2)
   ('11:16', 1, 2)
   ('11:17', 1, 2)
   ('11:18', 1, 2)
   ('11:19', 1, 2)
   ('11:20', 1, 2)
   ('11:21', 1, 2)
   ('11:22', 1, 2)
   ('11:23', 1, 2)
   ('11:24', 1, 2)
   ('11:25', 1, 2)
   ('11:26', 1, 2)
   ('11:27', 1, 2)
   ('11:28', 1, 2)
   ('11:29', 1, 2)
   ('11:30', 1, 2)
   ('11:31', 1, 2)
   ('11:32', 1, 2)
   ('11:33', 1, 2)
   ('11:34', 1, 2)
   ('11:35', 1, 2)
   ('11:36', 1, 2)
   ('11:37', 1, 2)
   ('11:38', 1, 2)
   ('11:39', 1, 2)
   ('11:40', 1, 2)
   ('11:41', 1, 2)
   ('11:42', 1, 2)
   ('11:43', 1, 2)
   ('11:44', 1, 2)
   ('11:45', 1, 2)
   ('11:46', 1, 2)
   ('11:47', 1, 2)
   ('11:48', 1, 2)
   ('11:49', 1, 2)
   ('11:50', 1, 2)
   ('11:51', 1, 2)
   ('11:52', 1, 2)
   ('11:53', 1, 2)
   ('11:54', 1, 2)
   ('11:55', 1, 2)
   ('11:56', 1, 2)
   ('11:57', 1, 2)
   ('11:58', 1, 2)
   ('11:59', 1, 5)
