-- armed_orders kind x side x state (all-time)
   ('', 'long', 'cancelled', 8, 1, 32)
   ('', 'long', 'filled', 2, 9, 10)
   ('', 'short', 'cancelled', 4, 7, 16)
   ('', 'short', 'filled', 3, 5, 15)
   ('limit', 'long', 'cancelled', 7, 14, 31)
   ('limit', 'long', 'filled', 2, 21, 28)
   ('limit', 'short', 'armed', 2, 104, 105)
   ('limit', 'short', 'cancelled', 11, 13, 103)
   ('limit', 'short', 'filled', 3, 20, 35)
   ('limit', 'short', 'superseded', 4, 92, 98)
   ('stop_entry', 'short', 'cancelled', 21, 38, 102)
-- stop_entry rows: condition, entry vs (approx) market not stored; list ids with created_ct
   (38, 'short', 29591.02, 'sweep_reclaim', 'cancelled', '2026-09-04 10:05:00')
   (62, 'short', 29591.02, 'reclaim', 'cancelled', '2026-09-04 10:10:04')
   (65, 'short', 29591.02, 'reclaim', 'cancelled', '2026-09-04 10:15:01')
   (67, 'short', 29591.02, 'reclaim', 'cancelled', '2026-09-04 10:16:03')
   (70, 'short', 29591.02, 'reclaim', 'cancelled', '2026-09-04 10:20:03')
   (73, 'short', 29591.02, 'reclaim', 'cancelled', '2026-09-04 10:25:01')
   (75, 'short', 29591.02, 'reclaim', 'cancelled', '2026-09-04 10:26:02')
   (77, 'short', 29591.02, 'reclaim', 'cancelled', '2026-09-04 10:28:02')
   (79, 'short', 29591.02, 'reclaim', 'cancelled', '2026-09-04 10:30:02')
   (81, 'short', 29591.02, 'reclaim', 'cancelled', '2026-09-04 10:32:02')
   (83, 'short', 29591.02, 'reclaim', 'cancelled', '2026-09-04 10:34:01')
   (85, 'short', 29591.02, 'reclaim', 'cancelled', '2026-09-04 10:36:01')
   (87, 'short', 29591.02, 'reclaim', 'cancelled', '2026-09-04 10:38:01')
   (89, 'short', 29591.02, 'reclaim', 'cancelled', '2026-09-04 10:40:01')
   (91, 'short', 29591.02, 'reclaim', 'cancelled', '2026-09-04 10:42:01')
   (93, 'short', 29591.02, 'reclaim', 'cancelled', '2026-09-04 10:44:01')
   (95, 'short', 29591.02, 'reclaim', 'cancelled', '2026-09-04 10:46:01')
   (97, 'short', 29591.02, 'reclaim', 'cancelled', '2026-09-04 10:48:00')
   (99, 'short', 29591.02, 'reclaim', 'cancelled', '2026-09-04 10:50:00')
   (101, 'short', 29591.02, 'reclaim', 'cancelled', '2026-09-04 10:52:00')
   (102, 'short', 29591.02, 'reclaim', 'cancelled', '2026-09-04 10:53:11')
-- 1m bars 09-04 11:49-12:00
   ('11:48', 29579.25, 29580.5, 29573.5, 29578.75)
   ('11:49', 29579.0, 29589.75, 29578.5, 29587.5)
   ('11:50', 29587.25, 29596.0, 29587.25, 29595.0)
   ('11:51', 29595.0, 29595.25, 29588.25, 29591.25)
   ('11:52', 29591.5, 29592.25, 29587.75, 29591.5)
   ('11:53', 29591.75, 29593.5, 29585.5, 29585.75)
   ('11:54', 29585.75, 29589.5, 29584.5, 29585.25)
   ('11:55', 29585.0, 29588.5, 29581.25, 29586.5)
   ('11:56', 29586.25, 29588.25, 29577.25, 29580.0)
   ('11:57', 29580.0, 29585.75, 29579.75, 29583.5)
   ('11:58', 29583.5, 29587.0, 29582.0, 29585.75)
   ('11:59', 29585.5, 29586.0, 29575.0, 29575.75)
   ('12:00', 29576.0, 29580.5, 29564.25, 29569.75)
