k|v
cut_0815_ms|1786770000000
k|v
rows_entry_ge_0815|71
'rows_entry_ge_0815_pnlcorr_notnull'|COUNT(*)
rows_entry_ge_0815_pnlcorr_notnull|67
'rows_entry_ge_0815_plan_id'|COUNT(*)
rows_entry_ge_0815_plan_id|71
'rows_entry_ge_0815_cited'|COUNT(*)
rows_entry_ge_0815_cited|64
'rows_entry_ge_0815_mae_notnull'|COUNT(*)
rows_entry_ge_0815_mae_notnull|70
'rows_mae_notnull_alltime'|COUNT(*)
rows_mae_notnull_alltime|70
'rows_pnlcorr_notnull_alltime'|COUNT(*)
rows_pnlcorr_notnull_alltime|230
'rows_pnlcorr_null_alltime'|COUNT(*)
rows_pnlcorr_null_alltime|357
'rows_plan_id_alltime'|COUNT(*)
rows_plan_id_alltime|71
'rows_cited_alltime'|COUNT(*)
rows_cited_alltime|64
'created_ge_0815'|COUNT(*)
created_ge_0815|0
'created_ge_0801'|COUNT(*)
created_ge_0801|0
'entry_ge_0801'|COUNT(*)
entry_ge_0801|253
'entry_ge_0805'|COUNT(*)
entry_ge_0805|236
'entry_ge_0810'|COUNT(*)
entry_ge_0810|195
'entry_ge_0812'|COUNT(*)
entry_ge_0812|87
'entry_ge_0813'|COUNT(*)
entry_ge_0813|78
'entry_ge_0814'|COUNT(*)
entry_ge_0814|71
'typeof_entry_time'|typeof(entry_time)|COUNT(*)
typeof_entry_time|integer|587
'source'|source|COUNT(*)
source|armed_entry|5
source|e7_farside_test|3
source|reconcile|12
source|system|567
'plan_session'|COALESCE(plan_session,'NULL')|COUNT(*)
plan_session||525
plan_session|ASIA|16
plan_session|LONDON|21
plan_session|NY|24
plan_session|TEST-E7|1
'status'|status|COUNT(*)
status|CLOSED|587
'first_pnlcorr_entry_ct'|datetime(MIN(entry_time)/1000,'unixepoch','-5 hours')
first_pnlcorr_entry_ct|2026-06-28 17:35:07
'pnlcorr_notnull_by_month'|strftime('%Y-%m', entry_time/1000,'unixepoch','-5 hours')|COUNT(*)
pnlcorr_notnull_by_month|2026-06|1
pnlcorr_notnull_by_month|2026-08|218
pnlcorr_notnull_by_month|2026-09|11
