marketable-guard cancels / ledger rows since 09-02                            3/37   =   8.1%  Wilson [2.8, 21.3]
marketable-guard cancels / distinct specs since 09-02                         3/11   =  27.3%  Wilson [9.7, 56.6]
marketable-guard cancels / rows 09-01→09-03 (prior review window)             5/15   =  33.3%  Wilson [15.2, 58.3]
guard-cancelled arms that returned to entry within 5m                         6/6    = 100.0%  Wilson [61.0, 100.0]
guard-cancelled arms that would have stopped within 120m (limit at entry)     5/6    =  83.3%  Wilson [43.6, 97.0]
placed specs since 09-02 that filled                                          1/5    =  20.0%  Wilson [3.6, 62.4]
placed rows since 09-02 that filled                                           1/25   =   4.0%  Wilson [0.7, 19.5]
stop_entry placements that ever elected (all-time)                            0/21   =   0.0%  Wilson [0.0, 15.5]
fills inside the bar range (all computable)                                  58/62   =  93.5%  Wilson [84.6, 97.5]
fills at the adverse extreme                                                  1/62   =   1.6%  Wilson [0.3, 8.6]
era win rate ex-scratch                                                      20/62   =  32.3%  Wilson [22.0, 44.6]
stop-hit share (era)                                                         44/65   =  67.7%  Wilson [55.6, 77.8]
target-hit share (era)                                                       13/65   =  20.0%  Wilson [12.1, 31.3]
winners with MAE >= 10 pts                                                   11/20   =  55.0%  Wilson [34.2, 74.2]
stop-hit losers with MFE >= 10 pts before death                              30/44   =  68.2%  Wilson [53.4, 80.0]
stop-hit losers with MFE >= 20 pts                                           21/44   =  47.7%  Wilson [33.8, 62.1]
winners with MAE > 1.5xATR floor (n with floor)                               0/11   =   0.0%  Wilson [0.0, 25.9]
armed limit fills at exactly entry_px (n=14 arms computable)                 14/14   = 100.0%  Wilson [78.5, 100.0]
system(market) fills adverse of cycle-start close                            24/48   =  50.0%  Wilson [36.4, 63.6]
decision-path refusals recorded in decision_records 09-02..09-04 vs cycles   19/1652 =   1.2%  Wilson [0.7, 1.8]
